Failed to load provisioning paramter list due to error: Error Domain=com.apple.dt.CoreDeviceError Code=1002 "No provider was found." UserInfo={NSLocalizedDescription=No provider was found.}.
`devicectl manage create` may support a reduced set of arguments.
CONDITIONS lowPowerMode=false battery=charging level=0.8
2026-10-06 01:10:30.883 WorldLab[82807:5224162] PSO compilation completed for compute pipeline mipGenPolyphaseFast_Wodd_Hodd in 0
2026-10-06 01:10:30.883 WorldLab[82807:5224162] PSO compilation completed for compute pipeline mipGenPolyphaseFast_Weven_Hodd in 0
2026-10-06 01:10:30.883 WorldLab[82807:5224162] PSO compilation completed for compute pipeline mipGenPolyphaseFast_Wodd_Heven in 0
2026-10-06 01:10:30.883 WorldLab[82807:5224162] PSO compilation completed for compute pipeline mipGenPolyphaseFast_Weven_Heven in 0
STATS profile=front-range season=2 light=noon→golden 1.00, sun 6.0° az 253.3° chunks=48 static=374575 props=27390 trees=0 instances=6385 draws=109 meshBytes=48471228 build=0.81s postcards=8 generated=["deciduous": 4849, "conifers": 551, "generatedSidewalkMeters": 5490, "mappedLamps": 55, "curbMeters": 14674, "generatedLamps": 174]
RENDER t=1 fps=0.0 gpu=- 2.50× 0x0 60 fps serious
POSTFORMAT source=553 982x2130 target=553
RENDER t=2 fps=56.9 gpu=- 2.50× 0x0 60 fps serious
RENDER t=3 fps=59.9 gpu=- 2.50× 982x2130 60 fps serious
RENDER t=4 fps=60.0 gpu=- 2.50× 982x2130 60 fps serious
RENDER t=5 fps=59.9 gpu=- 2.50× 982x2130 60 fps serious
RENDER t=6 fps=60.0 gpu=- 2.50× 982x2130 60 fps serious
RENDER t=7 fps=60.0 gpu=- 2.50× 982x2130 60 fps serious
RENDER t=8 fps=60.0 gpu=- 2.50× 982x2130 60 fps serious
RENDER t=9 fps=60.0 gpu=- 2.50× 982x2130 60 fps serious
CONDITIONS lowPowerMode=false battery=charging level=0.8
RENDER t=10 fps=60.0 gpu=- 2.50× 982x2130 60 fps serious
RENDER t=11 fps=60.0 gpu=- 2.50× 982x2130 60 fps serious
RENDER t=12 fps=59.9 gpu=- 2.50× 982x2130 60 fps serious
RENDER t=13 fps=60.0 gpu=- 2.50× 982x2130 60 fps serious
RENDER t=14 fps=59.9 gpu=- 2.50× 982x2130 60 fps serious
ATTR all1 2026-10-06T07:10:45.306Z
RENDER t=15 fps=60.0 gpu=- 2.50× 982x2130 60 fps serious
RENDER t=16 fps=60.0 gpu=- 2.50× 982x2130 60 fps serious
RENDER t=17 fps=60.0 gpu=- 2.50× 982x2130 60 fps serious
RENDER t=18 fps=60.0 gpu=- 2.50× 982x2130 60 fps serious
RENDER t=19 fps=60.0 gpu=- 2.50× 982x2130 60 fps serious
CONDITIONS lowPowerMode=false battery=charging level=0.8
RENDER t=20 fps=60.0 gpu=- 2.50× 982x2130 60 fps serious
RENDER t=21 fps=60.0 gpu=- 2.50× 982x2130 60 fps serious
RENDER t=22 fps=59.0 gpu=- 2.50× 982x2130 60 fps serious
RENDER t=23 fps=60.0 gpu=- 2.50× 982x2130 60 fps serious
RENDER t=24 fps=60.0 gpu=- 2.50× 982x2130 60 fps serious
RENDER t=25 fps=59.9 gpu=- 2.50× 982x2130 60 fps serious
RENDER t=26 fps=60.0 gpu=- 2.50× 982x2130 60 fps serious
RENDER t=28 fps=59.0 gpu=- 2.50× 982x2130 60 fps serious
RENDER t=29 fps=60.0 gpu=- 2.50× 982x2130 60 fps serious
RENDER t=30 fps=59.9 gpu=- 2.50× 982x2130 60 fps serious
CONDITIONS lowPowerMode=false battery=charging level=0.8
RENDER t=31 fps=59.9 gpu=- 2.50× 982x2130 60 fps serious
RENDER t=32 fps=60.0 gpu=- 2.50× 982x2130 60 fps serious
RENDER t=33 fps=60.0 gpu=- 2.50× 982x2130 60 fps serious
RENDER t=34 fps=59.7 gpu=- 2.50× 982x2130 60 fps serious
RENDER t=35 fps=60.2 gpu=- 2.50× 982x2130 60 fps serious
RENDER t=36 fps=60.0 gpu=- 2.50× 982x2130 60 fps serious
RENDER t=37 fps=60.0 gpu=- 2.50× 982x2130 60 fps serious
RENDER t=38 fps=60.0 gpu=- 2.50× 982x2130 60 fps serious
RENDER t=39 fps=59.9 gpu=- 2.50× 982x2130 60 fps serious
RENDER t=40 fps=60.0 gpu=- 2.50× 982x2130 60 fps serious
CONDITIONS lowPowerMode=false battery=charging level=0.8
RENDER t=41 fps=60.0 gpu=- 2.50× 982x2130 60 fps serious
RENDER t=42 fps=59.9 gpu=- 2.50× 982x2130 60 fps serious
RENDER t=43 fps=60.0 gpu=- 2.50× 982x2130 60 fps serious
RENDER t=44 fps=60.0 gpu=- 2.50× 982x2130 60 fps serious
RENDER t=45 fps=60.0 gpu=- 2.50× 982x2130 60 fps serious
RENDER t=46 fps=60.0 gpu=- 2.50× 982x2130 60 fps serious
RENDER t=47 fps=60.0 gpu=- 2.50× 982x2130 60 fps serious
RENDER t=48 fps=59.9 gpu=- 2.50× 982x2130 60 fps serious
RENDER t=49 fps=60.0 gpu=- 2.50× 982x2130 60 fps serious
RENDER t=50 fps=60.0 gpu=- 2.50× 982x2130 60 fps serious
CONDITIONS lowPowerMode=false battery=charging level=0.8
RENDER t=51 fps=60.0 gpu=- 2.50× 982x2130 60 fps serious
RENDER t=52 fps=59.9 gpu=- 2.50× 982x2130 60 fps serious
RENDER t=53 fps=60.0 gpu=- 2.50× 982x2130 60 fps serious
RENDER t=54 fps=60.0 gpu=- 2.50× 982x2130 60 fps serious
RENDER t=55 fps=60.0 gpu=- 2.50× 982x2130 60 fps serious
RENDER t=56 fps=59.9 gpu=- 2.50× 982x2130 60 fps serious
RENDER t=57 fps=60.0 gpu=- 2.50× 982x2130 60 fps serious
RENDER t=58 fps=59.9 gpu=- 2.50× 982x2130 60 fps serious
RENDER t=59 fps=60.0 gpu=- 2.50× 982x2130 60 fps serious
CONDITIONS lowPowerMode=false battery=charging level=0.8
RENDER t=60 fps=60.0 gpu=- 2.50× 982x2130 60 fps serious
RENDER t=61 fps=59.9 gpu=- 2.50× 982x2130 60 fps serious
RENDER t=62 fps=60.0 gpu=- 2.50× 982x2130 60 fps serious
RENDER t=63 fps=59.9 gpu=- 2.50× 982x2130 60 fps serious
RENDER t=64 fps=60.0 gpu=- 2.50× 982x2130 60 fps serious
RENDER t=65 fps=60.0 gpu=- 2.50× 982x2130 60 fps serious
RENDER t=66 fps=60.0 gpu=- 2.50× 982x2130 60 fps serious
RENDER t=67 fps=60.0 gpu=- 2.50× 982x2130 60 fps serious
RENDER t=68 fps=59.9 gpu=- 2.50× 982x2130 60 fps serious
RENDER t=69 fps=60.0 gpu=- 2.50× 982x2130 60 fps serious
CONDITIONS lowPowerMode=false battery=charging level=0.8
RENDER t=70 fps=60.0 gpu=- 2.50× 982x2130 60 fps serious
RENDER t=71 fps=60.0 gpu=- 2.50× 982x2130 60 fps serious
RENDER t=72 fps=60.0 gpu=- 2.50× 982x2130 60 fps serious
RENDER t=73 fps=60.0 gpu=- 2.50× 982x2130 60 fps serious
RENDER t=74 fps=60.0 gpu=- 2.50× 982x2130 60 fps serious
ATTR noShadows 2026-10-06T07:11:45.319Z
RENDER t=75 fps=60.0 gpu=- 2.50× 982x2130 60 fps serious
RENDER t=76 fps=60.0 gpu=- 2.50× 982x2130 60 fps serious
RENDER t=77 fps=60.0 gpu=- 2.50× 982x2130 60 fps serious
RENDER t=78 fps=60.0 gpu=- 2.50× 982x2130 60 fps serious
RENDER t=79 fps=60.0 gpu=- 2.50× 982x2130 60 fps serious
CONDITIONS lowPowerMode=false battery=charging level=0.8
RENDER t=80 fps=60.0 gpu=- 2.50× 982x2130 60 fps serious
RENDER t=81 fps=59.0 gpu=- 2.50× 982x2130 60 fps serious
RENDER t=82 fps=59.0 gpu=- 2.50× 982x2130 60 fps serious
RENDER t=83 fps=60.0 gpu=- 2.50× 982x2130 60 fps serious
RENDER t=84 fps=60.0 gpu=- 2.50× 982x2130 60 fps serious
RENDER t=85 fps=60.0 gpu=- 2.50× 982x2130 60 fps serious
RENDER t=86 fps=59.0 gpu=- 2.50× 982x2130 60 fps serious
RENDER t=88 fps=59.9 gpu=- 2.50× 982x2130 60 fps serious
RENDER t=89 fps=60.0 gpu=- 2.50× 982x2130 60 fps serious
RENDER t=90 fps=60.0 gpu=- 2.50× 982x2130 60 fps serious
CONDITIONS lowPowerMode=false battery=charging level=0.8
RENDER t=91 fps=59.9 gpu=- 2.50× 982x2130 60 fps serious
RENDER t=92 fps=60.0 gpu=- 2.50× 982x2130 60 fps serious
RENDER t=93 fps=60.0 gpu=- 2.50× 982x2130 60 fps serious
RENDER t=94 fps=60.0 gpu=- 2.50× 982x2130 60 fps serious
RENDER t=95 fps=60.0 gpu=- 2.50× 982x2130 60 fps serious
RENDER t=96 fps=59.9 gpu=- 2.50× 982x2130 60 fps serious
RENDER t=97 fps=60.0 gpu=- 2.50× 982x2130 60 fps serious
RENDER t=98 fps=59.9 gpu=- 2.50× 982x2130 60 fps serious
RENDER t=99 fps=60.0 gpu=- 2.50× 982x2130 60 fps serious
RENDER t=100 fps=60.0 gpu=- 2.50× 982x2130 60 fps serious
CONDITIONS lowPowerMode=false battery=charging level=0.8
RENDER t=101 fps=60.0 gpu=- 2.50× 982x2130 60 fps serious
RENDER t=102 fps=59.9 gpu=- 2.50× 982x2130 60 fps serious
RENDER t=103 fps=60.0 gpu=- 2.50× 982x2130 60 fps serious
RENDER t=104 fps=59.9 gpu=- 2.50× 982x2130 60 fps serious
RENDER t=105 fps=60.0 gpu=- 2.50× 982x2130 60 fps serious
RENDER t=106 fps=60.0 gpu=- 2.50× 982x2130 60 fps serious
RENDER t=107 fps=60.0 gpu=- 2.50× 982x2130 60 fps serious
RENDER t=108 fps=60.0 gpu=- 2.50× 982x2130 60 fps serious
RENDER t=109 fps=60.0 gpu=- 2.50× 982x2130 60 fps serious
RENDER t=110 fps=59.9 gpu=- 2.50× 982x2130 60 fps serious
CONDITIONS lowPowerMode=false battery=charging level=0.8
RENDER t=111 fps=59.9 gpu=- 2.50× 982x2130 60 fps serious
RENDER t=112 fps=60.0 gpu=- 2.50× 982x2130 60 fps serious
RENDER t=113 fps=59.9 gpu=- 2.50× 982x2130 60 fps serious
RENDER t=114 fps=60.0 gpu=- 2.50× 982x2130 60 fps serious
RENDER t=115 fps=60.0 gpu=- 2.50× 982x2130 60 fps serious
RENDER t=116 fps=60.0 gpu=- 2.50× 982x2130 60 fps serious
RENDER t=117 fps=60.0 gpu=- 2.50× 982x2130 60 fps serious
RENDER t=118 fps=59.9 gpu=- 2.50× 982x2130 60 fps serious
RENDER t=119 fps=60.0 gpu=- 2.50× 982x2130 60 fps serious
CONDITIONS lowPowerMode=false battery=charging level=0.8
RENDER t=120 fps=60.0 gpu=- 2.50× 982x2130 60 fps serious
RENDER t=121 fps=60.0 gpu=- 2.50× 982x2130 60 fps serious
RENDER t=122 fps=60.0 gpu=- 2.50× 982x2130 60 fps serious
RENDER t=123 fps=60.0 gpu=- 2.50× 982x2130 60 fps serious
RENDER t=124 fps=59.9 gpu=- 2.50× 982x2130 60 fps serious
RENDER t=125 fps=60.0 gpu=- 2.50× 982x2130 60 fps serious
RENDER t=126 fps=60.0 gpu=- 2.50× 982x2130 60 fps serious
RENDER t=127 fps=59.9 gpu=- 2.50× 982x2130 60 fps serious
RENDER t=128 fps=60.0 gpu=- 2.50× 982x2130 60 fps serious
RENDER t=129 fps=60.0 gpu=- 2.50× 982x2130 60 fps serious
CONDITIONS lowPowerMode=false battery=charging level=0.8
RENDER t=130 fps=59.9 gpu=- 2.50× 982x2130 60 fps serious
RENDER t=131 fps=60.0 gpu=- 2.50× 982x2130 60 fps serious
RENDER t=132 fps=59.9 gpu=- 2.50× 982x2130 60 fps serious
RENDER t=133 fps=60.0 gpu=- 2.50× 982x2130 60 fps serious
RENDER t=134 fps=60.0 gpu=- 2.50× 982x2130 60 fps serious
ATTR all2 2026-10-06T07:12:45.333Z
RENDER t=135 fps=57.0 gpu=- 2.50× 982x2130 60 fps serious
RENDER t=136 fps=60.0 gpu=- 2.50× 982x2130 60 fps serious
RENDER t=137 fps=60.0 gpu=- 2.50× 982x2130 60 fps serious
RENDER t=138 fps=60.0 gpu=- 2.50× 982x2130 60 fps serious
RENDER t=139 fps=59.9 gpu=- 2.50× 982x2130 60 fps serious
CONDITIONS lowPowerMode=false battery=charging level=0.8
RENDER t=140 fps=60.0 gpu=- 2.50× 982x2130 60 fps serious
RENDER t=141 fps=60.0 gpu=- 2.50× 982x2130 60 fps serious
RENDER t=142 fps=60.0 gpu=- 2.50× 982x2130 60 fps serious
RENDER t=143 fps=60.0 gpu=- 2.50× 982x2130 60 fps serious
RENDER t=144 fps=59.0 gpu=- 2.50× 982x2130 60 fps serious
RENDER t=145 fps=60.0 gpu=- 2.50× 982x2130 60 fps serious
RENDER t=146 fps=60.0 gpu=- 2.50× 982x2130 60 fps serious
RENDER t=147 fps=59.9 gpu=- 2.50× 982x2130 60 fps serious
RENDER t=149 fps=60.0 gpu=- 2.50× 982x2130 60 fps serious
RENDER t=150 fps=59.0 gpu=- 2.50× 982x2130 60 fps serious
CONDITIONS lowPowerMode=false battery=charging level=0.8
RENDER t=151 fps=60.0 gpu=- 2.50× 982x2130 60 fps serious
RENDER t=152 fps=59.9 gpu=- 2.50× 982x2130 60 fps serious
RENDER t=153 fps=60.0 gpu=- 2.50× 982x2130 60 fps serious
RENDER t=154 fps=60.0 gpu=- 2.50× 982x2130 60 fps serious
RENDER t=155 fps=59.9 gpu=- 2.50× 982x2130 60 fps serious
RENDER t=156 fps=60.0 gpu=- 2.50× 982x2130 60 fps serious
RENDER t=157 fps=59.0 gpu=- 2.50× 982x2130 60 fps serious
RENDER t=158 fps=60.0 gpu=- 2.50× 982x2130 60 fps serious
RENDER t=159 fps=60.0 gpu=- 2.50× 982x2130 60 fps serious
RENDER t=160 fps=60.0 gpu=- 2.50× 982x2130 60 fps serious
CONDITIONS lowPowerMode=false battery=charging level=0.8
RENDER t=161 fps=59.9 gpu=- 2.50× 982x2130 60 fps serious
RENDER t=162 fps=59.9 gpu=- 2.50× 982x2130 60 fps serious
RENDER t=163 fps=60.0 gpu=- 2.50× 982x2130 60 fps serious
RENDER t=164 fps=60.0 gpu=- 2.50× 982x2130 60 fps serious
RENDER t=165 fps=60.0 gpu=- 2.50× 982x2130 60 fps serious
RENDER t=166 fps=59.9 gpu=- 2.50× 982x2130 60 fps serious
RENDER t=167 fps=60.0 gpu=- 2.50× 982x2130 60 fps serious
RENDER t=168 fps=60.0 gpu=- 2.50× 982x2130 60 fps serious
RENDER t=169 fps=60.0 gpu=- 2.50× 982x2130 60 fps serious
RENDER t=170 fps=59.9 gpu=- 2.50× 982x2130 60 fps serious
CONDITIONS lowPowerMode=false battery=charging level=0.8
RENDER t=171 fps=59.9 gpu=- 2.50× 982x2130 60 fps serious
RENDER t=172 fps=60.0 gpu=- 2.50× 982x2130 60 fps serious
RENDER t=173 fps=60.0 gpu=- 2.50× 982x2130 60 fps serious
RENDER t=174 fps=60.0 gpu=- 2.50× 982x2130 60 fps serious
RENDER t=175 fps=60.0 gpu=- 2.50× 982x2130 60 fps serious
RENDER t=176 fps=60.0 gpu=- 2.50× 982x2130 60 fps serious
RENDER t=177 fps=60.0 gpu=- 2.50× 982x2130 60 fps serious
RENDER t=178 fps=60.0 gpu=- 2.50× 982x2130 60 fps serious
RENDER t=179 fps=60.0 gpu=- 2.50× 982x2130 60 fps serious
CONDITIONS lowPowerMode=false battery=charging level=0.8
RENDER t=180 fps=59.9 gpu=- 2.50× 982x2130 60 fps serious
RENDER t=181 fps=60.0 gpu=- 2.50× 982x2130 60 fps serious
RENDER t=182 fps=60.0 gpu=- 2.50× 982x2130 60 fps serious
RENDER t=183 fps=60.0 gpu=- 2.50× 982x2130 60 fps serious
RENDER t=184 fps=60.0 gpu=- 2.50× 982x2130 60 fps serious
RENDER t=185 fps=60.0 gpu=- 2.50× 982x2130 60 fps serious
RENDER t=186 fps=60.0 gpu=- 2.50× 982x2130 60 fps serious
RENDER t=187 fps=60.0 gpu=- 2.50× 982x2130 60 fps serious
RENDER t=188 fps=60.0 gpu=- 2.50× 982x2130 60 fps serious
RENDER t=189 fps=60.0 gpu=- 2.50× 982x2130 60 fps serious
CONDITIONS lowPowerMode=false battery=charging level=0.8
RENDER t=190 fps=60.0 gpu=- 2.50× 982x2130 60 fps serious
RENDER t=191 fps=60.0 gpu=- 2.50× 982x2130 60 fps serious
RENDER t=192 fps=60.0 gpu=- 2.50× 982x2130 60 fps serious
RENDER t=193 fps=60.0 gpu=- 2.50× 982x2130 60 fps serious
RENDER t=194 fps=60.0 gpu=- 2.50× 982x2130 60 fps serious
ATTR noSky 2026-10-06T07:13:45.346Z
RENDER t=195 fps=60.0 gpu=- 2.50× 982x2130 60 fps serious
RENDER t=196 fps=60.0 gpu=- 2.50× 982x2130 60 fps serious
RENDER t=197 fps=60.0 gpu=- 2.50× 982x2130 60 fps serious
RENDER t=198 fps=60.0 gpu=- 2.50× 982x2130 60 fps serious
RENDER t=199 fps=60.0 gpu=- 2.50× 982x2130 60 fps serious
CONDITIONS lowPowerMode=false battery=charging level=0.8
RENDER t=200 fps=59.9 gpu=- 2.50× 982x2130 60 fps serious
RENDER t=201 fps=60.0 gpu=- 2.50× 982x2130 60 fps serious
RENDER t=202 fps=59.9 gpu=- 2.50× 982x2130 60 fps serious
RENDER t=203 fps=59.0 gpu=- 2.50× 982x2130 60 fps serious
RENDER t=204 fps=59.9 gpu=- 2.50× 982x2130 60 fps serious
RENDER t=205 fps=60.0 gpu=- 2.50× 982x2130 60 fps serious
RENDER t=206 fps=60.0 gpu=- 2.50× 982x2130 60 fps serious
RENDER t=207 fps=59.9 gpu=- 2.50× 982x2130 60 fps serious
RENDER t=209 fps=60.0 gpu=- 2.50× 982x2130 60 fps serious
RENDER t=210 fps=60.0 gpu=- 2.50× 982x2130 60 fps serious
CONDITIONS lowPowerMode=false battery=charging level=0.8
RENDER t=211 fps=60.0 gpu=- 2.50× 982x2130 60 fps serious
RENDER t=212 fps=59.9 gpu=- 2.50× 982x2130 60 fps serious
RENDER t=213 fps=60.0 gpu=- 2.50× 982x2130 60 fps serious
RENDER t=214 fps=59.9 gpu=- 2.50× 982x2130 60 fps serious
RENDER t=215 fps=60.0 gpu=- 2.50× 982x2130 60 fps serious
RENDER t=216 fps=60.0 gpu=- 2.50× 982x2130 60 fps serious
RENDER t=217 fps=59.0 gpu=- 2.50× 982x2130 60 fps serious
RENDER t=218 fps=59.9 gpu=- 2.50× 982x2130 60 fps serious
RENDER t=219 fps=60.0 gpu=- 2.50× 982x2130 60 fps serious
RENDER t=220 fps=59.9 gpu=- 2.50× 982x2130 60 fps serious
CONDITIONS lowPowerMode=false battery=charging level=0.8
RENDER t=221 fps=60.0 gpu=- 2.50× 982x2130 60 fps serious
RENDER t=222 fps=60.0 gpu=- 2.50× 982x2130 60 fps serious
RENDER t=223 fps=60.0 gpu=- 2.50× 982x2130 60 fps serious
RENDER t=224 fps=59.9 gpu=- 2.50× 982x2130 60 fps serious
RENDER t=225 fps=60.0 gpu=- 2.50× 982x2130 60 fps serious
RENDER t=226 fps=60.0 gpu=- 2.50× 982x2130 60 fps serious
RENDER t=227 fps=59.9 gpu=- 2.50× 982x2130 60 fps serious
RENDER t=228 fps=60.0 gpu=- 2.50× 982x2130 60 fps serious
RENDER t=229 fps=59.9 gpu=- 2.50× 982x2130 60 fps serious
RENDER t=230 fps=60.0 gpu=- 2.50× 982x2130 60 fps serious
CONDITIONS lowPowerMode=false battery=charging level=0.8
RENDER t=231 fps=60.0 gpu=- 2.50× 982x2130 60 fps serious
RENDER t=232 fps=60.0 gpu=- 2.50× 982x2130 60 fps serious
RENDER t=233 fps=60.0 gpu=- 2.50× 982x2130 60 fps serious
RENDER t=234 fps=60.0 gpu=- 2.50× 982x2130 60 fps serious
RENDER t=235 fps=60.0 gpu=- 2.50× 982x2130 60 fps serious
RENDER t=236 fps=60.0 gpu=- 2.50× 982x2130 60 fps serious
RENDER t=237 fps=60.0 gpu=- 2.50× 982x2130 60 fps serious
RENDER t=238 fps=60.0 gpu=- 2.50× 982x2130 60 fps serious
RENDER t=239 fps=60.0 gpu=- 2.50× 982x2130 60 fps serious
CONDITIONS lowPowerMode=false battery=charging level=0.8
RENDER t=240 fps=59.9 gpu=- 2.50× 982x2130 60 fps serious
RENDER t=241 fps=60.0 gpu=- 2.50× 982x2130 60 fps serious
RENDER t=242 fps=59.9 gpu=- 2.50× 982x2130 60 fps serious
RENDER t=243 fps=60.0 gpu=- 2.50× 982x2130 60 fps serious
RENDER t=244 fps=60.0 gpu=- 2.50× 982x2130 60 fps serious
RENDER t=245 fps=60.0 gpu=- 2.50× 982x2130 60 fps serious
RENDER t=246 fps=60.0 gpu=- 2.50× 982x2130 60 fps serious
RENDER t=247 fps=60.0 gpu=- 2.50× 982x2130 60 fps serious
RENDER t=248 fps=59.9 gpu=- 2.50× 982x2130 60 fps serious
RENDER t=249 fps=60.0 gpu=- 2.50× 982x2130 60 fps serious
CONDITIONS lowPowerMode=false battery=charging level=0.8
RENDER t=250 fps=59.9 gpu=- 2.50× 982x2130 60 fps serious
RENDER t=251 fps=60.0 gpu=- 2.50× 982x2130 60 fps serious
RENDER t=252 fps=59.9 gpu=- 2.50× 982x2130 60 fps serious
RENDER t=253 fps=60.0 gpu=- 2.50× 982x2130 60 fps serious
RENDER t=254 fps=59.9 gpu=- 2.50× 982x2130 60 fps serious
ATTR all3 2026-10-06T07:14:45.359Z
RENDER t=255 fps=60.0 gpu=- 2.50× 982x2130 60 fps serious
RENDER t=256 fps=60.0 gpu=- 2.50× 982x2130 60 fps serious
RENDER t=257 fps=60.0 gpu=- 2.50× 982x2130 60 fps serious
RENDER t=258 fps=59.9 gpu=- 2.50× 982x2130 60 fps serious
RENDER t=259 fps=60.0 gpu=- 2.50× 982x2130 60 fps serious
CONDITIONS lowPowerMode=false battery=charging level=0.8
RENDER t=260 fps=59.9 gpu=- 2.50× 982x2130 60 fps serious
RENDER t=261 fps=58.0 gpu=- 2.50× 982x2130 60 fps serious
RENDER t=262 fps=59.9 gpu=- 2.50× 982x2130 60 fps serious
RENDER t=263 fps=60.0 gpu=- 2.50× 982x2130 60 fps serious
RENDER t=265 fps=56.8 gpu=- 2.50× 982x2130 60 fps serious
RENDER t=266 fps=59.9 gpu=- 2.50× 982x2130 60 fps serious
RENDER t=267 fps=59.0 gpu=- 2.50× 982x2130 60 fps serious
RENDER t=268 fps=60.0 gpu=- 2.50× 982x2130 60 fps serious
RENDER t=269 fps=59.2 gpu=- 2.50× 982x2130 60 fps serious
RENDER t=270 fps=49.3 gpu=- 2.50× 982x2130 60 fps serious
CONDITIONS lowPowerMode=false battery=charging level=0.8
RENDER t=271 fps=42.7 gpu=- 2.50× 982x2130 60 fps serious
RENDER t=272 fps=48.1 gpu=- 2.50× 982x2130 60 fps serious
RENDER t=273 fps=56.9 gpu=- 2.50× 982x2130 60 fps serious
RENDER t=274 fps=60.0 gpu=- 2.50× 982x2130 60 fps serious
RENDER t=275 fps=59.9 gpu=- 2.50× 982x2130 60 fps serious
RENDER t=276 fps=60.0 gpu=- 2.50× 982x2130 60 fps serious
RENDER t=277 fps=60.0 gpu=- 2.50× 982x2130 60 fps serious
RENDER t=278 fps=60.0 gpu=- 2.50× 982x2130 60 fps serious
RENDER t=279 fps=59.9 gpu=- 2.50× 982x2130 60 fps serious
RENDER t=280 fps=60.0 gpu=- 2.50× 982x2130 60 fps serious
CONDITIONS lowPowerMode=false battery=charging level=0.8
RENDER t=281 fps=60.0 gpu=- 2.50× 982x2130 60 fps serious
RENDER t=282 fps=60.0 gpu=- 2.50× 982x2130 60 fps serious
RENDER t=283 fps=60.0 gpu=- 2.50× 982x2130 60 fps serious
RENDER t=284 fps=59.9 gpu=- 2.50× 982x2130 60 fps serious
RENDER t=285 fps=60.0 gpu=- 2.50× 982x2130 60 fps serious
RENDER t=286 fps=60.0 gpu=- 2.50× 982x2130 60 fps serious
RENDER t=287 fps=60.0 gpu=- 2.50× 982x2130 60 fps serious
RENDER t=288 fps=59.9 gpu=- 2.50× 982x2130 60 fps serious
RENDER t=289 fps=60.0 gpu=- 2.50× 982x2130 60 fps serious
RENDER t=290 fps=60.0 gpu=- 2.50× 982x2130 60 fps serious
CONDITIONS lowPowerMode=false battery=charging level=0.8
RENDER t=291 fps=60.0 gpu=- 2.50× 982x2130 60 fps serious
RENDER t=292 fps=59.9 gpu=- 2.50× 982x2130 60 fps serious
RENDER t=293 fps=60.0 gpu=- 2.50× 982x2130 60 fps serious
RENDER t=294 fps=60.0 gpu=- 2.50× 982x2130 60 fps serious
RENDER t=295 fps=60.0 gpu=- 2.50× 982x2130 60 fps serious
RENDER t=296 fps=60.0 gpu=- 2.50× 982x2130 60 fps serious
RENDER t=297 fps=60.0 gpu=- 2.50× 982x2130 60 fps serious
RENDER t=298 fps=60.0 gpu=- 2.50× 982x2130 60 fps serious
RENDER t=299 fps=60.0 gpu=- 2.50× 982x2130 60 fps serious
CONDITIONS lowPowerMode=false battery=charging level=0.8
RENDER t=300 fps=59.9 gpu=- 2.50× 982x2130 60 fps serious
RENDER t=301 fps=60.0 gpu=- 2.50× 982x2130 60 fps serious
RENDER t=302 fps=60.0 gpu=- 2.50× 982x2130 60 fps serious
RENDER t=303 fps=59.9 gpu=- 2.50× 982x2130 60 fps serious
RENDER t=304 fps=60.0 gpu=- 2.50× 982x2130 60 fps serious
RENDER t=305 fps=60.0 gpu=- 2.50× 982x2130 60 fps serious
RENDER t=306 fps=60.0 gpu=- 2.50× 982x2130 60 fps serious
RENDER t=307 fps=60.0 gpu=- 2.50× 982x2130 60 fps serious
RENDER t=308 fps=60.0 gpu=- 2.50× 982x2130 60 fps serious
RENDER t=309 fps=60.0 gpu=- 2.50× 982x2130 60 fps serious
CONDITIONS lowPowerMode=false battery=charging level=0.8
RENDER t=310 fps=60.0 gpu=- 2.50× 982x2130 60 fps serious
RENDER t=311 fps=59.9 gpu=- 2.50× 982x2130 60 fps serious
RENDER t=312 fps=59.9 gpu=- 2.50× 982x2130 60 fps serious
RENDER t=313 fps=60.0 gpu=- 2.50× 982x2130 60 fps serious
RENDER t=314 fps=60.0 gpu=- 2.50× 982x2130 60 fps serious
ATTR noPost 2026-10-06T07:15:45.430Z
RENDER t=315 fps=60.0 gpu=- 2.50× 982x2130 60 fps serious
RENDER t=316 fps=60.0 gpu=- 2.50× 982x2130 60 fps serious
RENDER t=317 fps=59.9 gpu=- 2.50× 982x2130 60 fps serious
RENDER t=318 fps=60.0 gpu=- 2.50× 982x2130 60 fps serious
RENDER t=319 fps=60.0 gpu=- 2.50× 982x2130 60 fps serious
CONDITIONS lowPowerMode=false battery=charging level=0.8
RENDER t=320 fps=60.0 gpu=- 2.50× 982x2130 60 fps serious
RENDER t=321 fps=59.9 gpu=- 2.50× 982x2130 60 fps serious
RENDER t=322 fps=59.0 gpu=- 2.50× 982x2130 60 fps serious
RENDER t=323 fps=59.9 gpu=- 2.50× 982x2130 60 fps serious
RENDER t=325 fps=60.0 gpu=- 2.50× 982x2130 60 fps serious
RENDER t=326 fps=60.0 gpu=- 2.50× 982x2130 60 fps serious
RENDER t=327 fps=60.0 gpu=- 2.50× 982x2130 60 fps serious
RENDER t=328 fps=60.0 gpu=- 2.50× 982x2130 60 fps serious
RENDER t=329 fps=60.0 gpu=- 2.50× 982x2130 60 fps serious
RENDER t=330 fps=59.9 gpu=- 2.50× 982x2130 60 fps serious
CONDITIONS lowPowerMode=false battery=charging level=0.8
RENDER t=331 fps=60.0 gpu=- 2.50× 982x2130 60 fps serious
RENDER t=332 fps=59.9 gpu=- 2.50× 982x2130 60 fps serious
RENDER t=333 fps=60.0 gpu=- 2.50× 982x2130 60 fps serious
RENDER t=334 fps=59.9 gpu=- 2.50× 982x2130 60 fps serious
RENDER t=335 fps=60.0 gpu=- 2.50× 982x2130 60 fps serious
RENDER t=336 fps=60.0 gpu=- 2.50× 982x2130 60 fps serious
RENDER t=337 fps=59.9 gpu=- 2.50× 982x2130 60 fps serious
RENDER t=338 fps=60.0 gpu=- 2.50× 982x2130 60 fps serious
RENDER t=339 fps=60.0 gpu=- 2.50× 982x2130 60 fps serious
RENDER t=340 fps=60.0 gpu=- 2.50× 982x2130 60 fps serious
CONDITIONS lowPowerMode=false battery=charging level=0.8
RENDER t=341 fps=60.0 gpu=- 2.50× 982x2130 60 fps serious
RENDER t=342 fps=60.0 gpu=- 2.50× 982x2130 60 fps serious
RENDER t=343 fps=59.9 gpu=- 2.50× 982x2130 60 fps serious
RENDER t=344 fps=60.0 gpu=- 2.50× 982x2130 60 fps serious
RENDER t=345 fps=59.9 gpu=- 2.50× 982x2130 60 fps serious
RENDER t=346 fps=60.0 gpu=- 2.50× 982x2130 60 fps serious
RENDER t=347 fps=60.0 gpu=- 2.50× 982x2130 60 fps serious
RENDER t=348 fps=59.9 gpu=- 2.50× 982x2130 60 fps serious
RENDER t=349 fps=60.0 gpu=- 2.50× 982x2130 60 fps serious
RENDER t=350 fps=60.0 gpu=- 2.50× 982x2130 60 fps serious
CONDITIONS lowPowerMode=false battery=charging level=0.8
RENDER t=351 fps=60.0 gpu=- 2.50× 982x2130 60 fps serious
RENDER t=352 fps=59.9 gpu=- 2.50× 982x2130 60 fps serious
RENDER t=353 fps=60.0 gpu=- 2.50× 982x2130 60 fps serious
RENDER t=354 fps=59.9 gpu=- 2.50× 982x2130 60 fps serious
RENDER t=355 fps=59.9 gpu=- 2.50× 982x2130 60 fps serious
RENDER t=356 fps=60.0 gpu=- 2.50× 982x2130 60 fps serious
RENDER t=357 fps=60.0 gpu=- 2.50× 982x2130 60 fps serious
RENDER t=358 fps=60.0 gpu=- 2.50× 982x2130 60 fps serious
RENDER t=359 fps=59.9 gpu=- 2.50× 982x2130 60 fps serious
CONDITIONS lowPowerMode=false battery=charging level=0.8
RENDER t=360 fps=60.0 gpu=- 2.50× 982x2130 60 fps serious
RENDER t=361 fps=60.0 gpu=- 2.50× 982x2130 60 fps serious
RENDER t=362 fps=60.0 gpu=- 2.50× 982x2130 60 fps serious
RENDER t=363 fps=60.0 gpu=- 2.50× 982x2130 60 fps serious
RENDER t=364 fps=60.0 gpu=- 2.50× 982x2130 60 fps serious
RENDER t=365 fps=60.0 gpu=- 2.50× 982x2130 60 fps serious
RENDER t=366 fps=60.0 gpu=- 2.50× 982x2130 60 fps serious
RENDER t=367 fps=59.9 gpu=- 2.50× 982x2130 60 fps serious
RENDER t=368 fps=60.0 gpu=- 2.50× 982x2130 60 fps serious
RENDER t=369 fps=59.9 gpu=- 2.50× 982x2130 60 fps serious
CONDITIONS lowPowerMode=false battery=charging level=0.8
RENDER t=370 fps=60.0 gpu=- 2.50× 982x2130 60 fps serious
RENDER t=371 fps=59.9 gpu=- 2.50× 982x2130 60 fps serious
RENDER t=372 fps=60.0 gpu=- 2.50× 982x2130 60 fps serious
RENDER t=373 fps=60.0 gpu=- 2.50× 982x2130 60 fps serious
RENDER t=374 fps=60.0 gpu=- 2.50× 982x2130 60 fps serious
ATTR all4 2026-10-06T07:16:45.444Z
RENDER t=375 fps=59.9 gpu=- 2.50× 982x2130 60 fps serious
RENDER t=376 fps=60.0 gpu=- 2.50× 982x2130 60 fps serious
RENDER t=377 fps=59.9 gpu=- 2.50× 982x2130 60 fps serious
RENDER t=378 fps=60.0 gpu=- 2.50× 982x2130 60 fps serious
RENDER t=379 fps=60.0 gpu=- 2.50× 982x2130 60 fps serious
CONDITIONS lowPowerMode=false battery=charging level=0.8
RENDER t=380 fps=60.0 gpu=- 2.50× 982x2130 60 fps serious
RENDER t=381 fps=60.0 gpu=- 2.50× 982x2130 60 fps serious
RENDER t=382 fps=60.0 gpu=- 2.50× 982x2130 60 fps serious
RENDER t=384 fps=59.9 gpu=- 2.50× 982x2130 60 fps serious
RENDER t=385 fps=59.0 gpu=- 2.50× 982x2130 60 fps serious
RENDER t=386 fps=59.9 gpu=- 2.50× 982x2130 60 fps serious
RENDER t=387 fps=59.9 gpu=- 2.50× 982x2130 60 fps serious
RENDER t=388 fps=60.0 gpu=- 2.50× 982x2130 60 fps serious
RENDER t=389 fps=59.8 gpu=- 2.50× 982x2130 60 fps serious
RENDER t=390 fps=59.1 gpu=- 2.50× 982x2130 60 fps serious
CONDITIONS lowPowerMode=false battery=charging level=0.8
RENDER t=391 fps=60.0 gpu=- 2.50× 982x2130 60 fps serious
RENDER t=392 fps=59.9 gpu=- 2.50× 982x2130 60 fps serious
RENDER t=393 fps=60.0 gpu=- 2.50× 982x2130 60 fps serious
RENDER t=394 fps=59.9 gpu=- 2.50× 982x2130 60 fps serious
RENDER t=395 fps=60.0 gpu=- 2.50× 982x2130 60 fps serious
RENDER t=396 fps=60.0 gpu=- 2.50× 982x2130 60 fps serious
RENDER t=397 fps=60.0 gpu=- 2.50× 982x2130 60 fps serious
RENDER t=398 fps=60.0 gpu=- 2.50× 982x2130 60 fps serious
RENDER t=399 fps=60.0 gpu=- 2.50× 982x2130 60 fps serious
RENDER t=400 fps=59.9 gpu=- 2.50× 982x2130 60 fps serious
CONDITIONS lowPowerMode=false battery=charging level=0.8
RENDER t=401 fps=59.9 gpu=- 2.50× 982x2130 60 fps serious
RENDER t=402 fps=60.0 gpu=- 2.50× 982x2130 60 fps serious
RENDER t=403 fps=60.0 gpu=- 2.50× 982x2130 60 fps serious
RENDER t=404 fps=60.0 gpu=- 2.50× 982x2130 60 fps serious
RENDER t=405 fps=60.0 gpu=- 2.50× 982x2130 60 fps serious
RENDER t=406 fps=59.9 gpu=- 2.50× 982x2130 60 fps serious
RENDER t=407 fps=60.0 gpu=- 2.50× 982x2130 60 fps serious
RENDER t=408 fps=60.0 gpu=- 2.50× 982x2130 60 fps serious
RENDER t=409 fps=59.9 gpu=- 2.50× 982x2130 60 fps serious
RENDER t=410 fps=59.9 gpu=- 2.50× 982x2130 60 fps serious
CONDITIONS lowPowerMode=false battery=charging level=0.8
RENDER t=411 fps=60.0 gpu=- 2.50× 982x2130 60 fps serious
RENDER t=412 fps=60.0 gpu=- 2.50× 982x2130 60 fps serious
RENDER t=413 fps=60.0 gpu=- 2.50× 982x2130 60 fps serious
RENDER t=414 fps=60.0 gpu=- 2.50× 982x2130 60 fps serious
RENDER t=415 fps=60.0 gpu=- 2.50× 982x2130 60 fps serious
RENDER t=416 fps=60.0 gpu=- 2.50× 982x2130 60 fps serious
RENDER t=417 fps=60.0 gpu=- 2.50× 982x2130 60 fps serious
RENDER t=418 fps=60.0 gpu=- 2.50× 982x2130 60 fps serious
RENDER t=419 fps=60.0 gpu=- 2.50× 982x2130 60 fps serious
CONDITIONS lowPowerMode=false battery=charging level=0.8
RENDER t=420 fps=60.0 gpu=- 2.50× 982x2130 60 fps serious
RENDER t=421 fps=60.0 gpu=- 2.50× 982x2130 60 fps serious
RENDER t=422 fps=60.0 gpu=- 2.50× 982x2130 60 fps serious
RENDER t=423 fps=60.0 gpu=- 2.50× 982x2130 60 fps serious
RENDER t=424 fps=60.0 gpu=- 2.50× 982x2130 60 fps serious
RENDER t=425 fps=60.0 gpu=- 2.50× 982x2130 60 fps serious
RENDER t=426 fps=60.0 gpu=- 2.50× 982x2130 60 fps serious
RENDER t=427 fps=59.9 gpu=- 2.50× 982x2130 60 fps serious
RENDER t=428 fps=60.0 gpu=- 2.50× 982x2130 60 fps serious
RENDER t=429 fps=59.9 gpu=- 2.50× 982x2130 60 fps serious
CONDITIONS lowPowerMode=false battery=charging level=0.8
RENDER t=430 fps=60.0 gpu=- 2.50× 982x2130 60 fps serious
RENDER t=431 fps=60.0 gpu=- 2.50× 982x2130 60 fps serious
RENDER t=432 fps=60.0 gpu=- 2.50× 982x2130 60 fps serious
RENDER t=433 fps=60.0 gpu=- 2.50× 982x2130 60 fps serious
RENDER t=434 fps=60.0 gpu=- 2.50× 982x2130 60 fps serious
ATTR noMSAA 2026-10-06T07:17:45.458Z
RENDER t=435 fps=47.2 gpu=- 2.50× 982x2130 60 fps serious
HITCH up=458794.570 dt=265 ms
RENDER t=437 fps=59.0 gpu=- 2.50× 982x2130 60 fps serious
RENDER t=438 fps=60.0 gpu=- 2.50× 982x2130 60 fps serious
RENDER t=439 fps=60.0 gpu=- 2.50× 982x2130 60 fps serious
RENDER t=440 fps=59.9 gpu=- 2.50× 982x2130 60 fps serious
CONDITIONS lowPowerMode=false battery=charging level=0.8
RENDER t=441 fps=60.0 gpu=- 2.50× 982x2130 60 fps serious
RENDER t=442 fps=60.0 gpu=- 2.50× 982x2130 60 fps serious
RENDER t=443 fps=60.0 gpu=- 2.50× 982x2130 60 fps serious
RENDER t=444 fps=58.0 gpu=- 2.50× 982x2130 60 fps serious
RENDER t=445 fps=60.0 gpu=- 2.50× 982x2130 60 fps serious
RENDER t=446 fps=59.9 gpu=- 2.50× 982x2130 60 fps serious
RENDER t=447 fps=59.9 gpu=- 2.50× 982x2130 60 fps serious
RENDER t=448 fps=60.0 gpu=- 2.50× 982x2130 60 fps serious
RENDER t=449 fps=59.0 gpu=- 2.50× 982x2130 60 fps serious
RENDER t=450 fps=60.0 gpu=- 2.50× 982x2130 60 fps serious
CONDITIONS lowPowerMode=false battery=charging level=0.8
RENDER t=451 fps=59.9 gpu=- 2.50× 982x2130 60 fps serious
RENDER t=452 fps=59.9 gpu=- 2.50× 982x2130 60 fps serious
RENDER t=453 fps=60.0 gpu=- 2.50× 982x2130 60 fps serious
RENDER t=454 fps=59.9 gpu=- 2.50× 982x2130 60 fps serious
RENDER t=455 fps=58.0 gpu=- 2.50× 982x2130 60 fps serious
RENDER t=456 fps=59.9 gpu=- 2.50× 982x2130 60 fps serious
RENDER t=457 fps=60.0 gpu=- 2.50× 982x2130 60 fps serious
RENDER t=458 fps=60.0 gpu=- 2.50× 982x2130 60 fps serious
RENDER t=459 fps=60.0 gpu=- 2.50× 982x2130 60 fps serious
RENDER t=460 fps=60.0 gpu=- 2.50× 982x2130 60 fps serious
CONDITIONS lowPowerMode=false battery=charging level=0.8
RENDER t=461 fps=59.9 gpu=- 2.50× 982x2130 60 fps serious
RENDER t=462 fps=60.0 gpu=- 2.50× 982x2130 60 fps serious
RENDER t=463 fps=59.9 gpu=- 2.50× 982x2130 60 fps serious
RENDER t=464 fps=59.9 gpu=- 2.50× 982x2130 60 fps serious
RENDER t=465 fps=60.0 gpu=- 2.50× 982x2130 60 fps serious
RENDER t=466 fps=60.0 gpu=- 2.50× 982x2130 60 fps serious
RENDER t=467 fps=59.9 gpu=- 2.50× 982x2130 60 fps serious
RENDER t=468 fps=59.9 gpu=- 2.50× 982x2130 60 fps serious
RENDER t=469 fps=60.0 gpu=- 2.50× 982x2130 60 fps serious
CONDITIONS lowPowerMode=false battery=charging level=0.8
RENDER t=470 fps=59.9 gpu=- 2.50× 982x2130 60 fps serious
RENDER t=471 fps=59.9 gpu=- 2.50× 982x2130 60 fps serious
RENDER t=472 fps=60.0 gpu=- 2.50× 982x2130 60 fps serious
RENDER t=473 fps=60.0 gpu=- 2.50× 982x2130 60 fps serious
RENDER t=474 fps=60.0 gpu=- 2.50× 982x2130 60 fps serious
RENDER t=475 fps=60.0 gpu=- 2.50× 982x2130 60 fps serious
RENDER t=476 fps=60.0 gpu=- 2.50× 982x2130 60 fps serious
RENDER t=477 fps=60.0 gpu=- 2.50× 982x2130 60 fps serious
RENDER t=478 fps=60.0 gpu=- 2.50× 982x2130 60 fps serious
RENDER t=479 fps=59.9 gpu=- 2.50× 982x2130 60 fps serious
CONDITIONS lowPowerMode=false battery=charging level=0.8
RENDER t=480 fps=60.0 gpu=- 2.50× 982x2130 60 fps serious
RENDER t=481 fps=59.9 gpu=- 2.50× 982x2130 60 fps serious
RENDER t=482 fps=60.0 gpu=- 2.50× 982x2130 60 fps serious
RENDER t=483 fps=60.0 gpu=- 2.50× 982x2130 60 fps serious
RENDER t=484 fps=60.0 gpu=- 2.50× 982x2130 60 fps serious
RENDER t=485 fps=60.0 gpu=- 2.50× 982x2130 60 fps serious
RENDER t=486 fps=60.0 gpu=- 2.50× 982x2130 60 fps serious
RENDER t=487 fps=59.9 gpu=- 2.50× 982x2130 60 fps serious
RENDER t=488 fps=60.0 gpu=- 2.50× 982x2130 60 fps serious
RENDER t=489 fps=60.0 gpu=- 2.50× 982x2130 60 fps serious
CONDITIONS lowPowerMode=false battery=charging level=0.8
RENDER t=490 fps=60.0 gpu=- 2.50× 982x2130 60 fps serious
RENDER t=491 fps=60.0 gpu=- 2.50× 982x2130 60 fps serious
RENDER t=492 fps=60.0 gpu=- 2.50× 982x2130 60 fps serious
RENDER t=493 fps=60.0 gpu=- 2.50× 982x2130 60 fps serious
RENDER t=494 fps=60.0 gpu=- 2.50× 982x2130 60 fps serious
ATTR all5 2026-10-06T07:18:45.472Z
RENDER t=496 fps=59.9 gpu=- 2.50× 982x2130 60 fps serious
RENDER t=497 fps=60.0 gpu=- 2.50× 982x2130 60 fps serious
RENDER t=498 fps=59.9 gpu=- 2.50× 982x2130 60 fps serious
RENDER t=499 fps=59.9 gpu=- 2.50× 982x2130 60 fps serious
RENDER t=500 fps=60.0 gpu=- 2.50× 982x2130 60 fps serious
CONDITIONS lowPowerMode=false battery=charging level=0.8
RENDER t=501 fps=60.0 gpu=- 2.50× 982x2130 60 fps serious
RENDER t=502 fps=59.9 gpu=- 2.50× 982x2130 60 fps serious
RENDER t=503 fps=59.0 gpu=- 2.50× 982x2130 60 fps serious
RENDER t=504 fps=60.0 gpu=- 2.50× 982x2130 60 fps serious
RENDER t=505 fps=60.0 gpu=- 2.50× 982x2130 60 fps serious
RENDER t=506 fps=60.0 gpu=- 2.50× 982x2130 60 fps serious
RENDER t=507 fps=60.0 gpu=- 2.50× 982x2130 60 fps serious
RENDER t=508 fps=59.9 gpu=- 2.50× 982x2130 60 fps serious
RENDER t=509 fps=60.0 gpu=- 2.50× 982x2130 60 fps serious
RENDER t=510 fps=59.9 gpu=- 2.50× 982x2130 60 fps serious
CONDITIONS lowPowerMode=false battery=charging level=0.8
RENDER t=511 fps=60.0 gpu=- 2.50× 982x2130 60 fps serious
RENDER t=512 fps=60.0 gpu=- 2.50× 982x2130 60 fps serious
RENDER t=513 fps=59.9 gpu=- 2.50× 982x2130 60 fps serious
RENDER t=514 fps=60.0 gpu=- 2.50× 982x2130 60 fps serious
RENDER t=515 fps=60.0 gpu=- 2.50× 982x2130 60 fps serious
RENDER t=516 fps=59.9 gpu=- 2.50× 982x2130 60 fps serious
RENDER t=517 fps=59.9 gpu=- 2.50× 982x2130 60 fps serious
RENDER t=518 fps=60.0 gpu=- 2.50× 982x2130 60 fps serious
RENDER t=519 fps=59.9 gpu=- 2.50× 982x2130 60 fps serious
RENDER t=520 fps=60.0 gpu=- 2.50× 982x2130 60 fps serious
CONDITIONS lowPowerMode=false battery=charging level=0.8
RENDER t=521 fps=60.0 gpu=- 2.50× 982x2130 60 fps serious
RENDER t=522 fps=60.0 gpu=- 2.50× 982x2130 60 fps serious
RENDER t=523 fps=59.9 gpu=- 2.50× 982x2130 60 fps serious
RENDER t=524 fps=59.9 gpu=- 2.50× 982x2130 60 fps serious
RENDER t=525 fps=60.0 gpu=- 2.50× 982x2130 60 fps serious
RENDER t=526 fps=60.0 gpu=- 2.50× 982x2130 60 fps serious
RENDER t=527 fps=60.0 gpu=- 2.50× 982x2130 60 fps serious
RENDER t=528 fps=60.0 gpu=- 2.50× 982x2130 60 fps serious
RENDER t=529 fps=59.9 gpu=- 2.50× 982x2130 60 fps serious
CONDITIONS lowPowerMode=false battery=charging level=0.8
RENDER t=530 fps=60.0 gpu=- 2.50× 982x2130 60 fps serious
RENDER t=531 fps=60.0 gpu=- 2.50× 982x2130 60 fps serious
RENDER t=532 fps=60.0 gpu=- 2.50× 982x2130 60 fps serious
RENDER t=533 fps=60.0 gpu=- 2.50× 982x2130 60 fps serious
RENDER t=534 fps=59.9 gpu=- 2.50× 982x2130 60 fps serious
RENDER t=535 fps=60.0 gpu=- 2.50× 982x2130 60 fps serious
RENDER t=536 fps=59.9 gpu=- 2.50× 982x2130 60 fps serious
RENDER t=537 fps=60.0 gpu=- 2.50× 982x2130 60 fps serious
RENDER t=538 fps=60.0 gpu=- 2.50× 982x2130 60 fps serious
RENDER t=539 fps=60.0 gpu=- 2.50× 982x2130 60 fps serious
CONDITIONS lowPowerMode=false battery=charging level=0.8
RENDER t=540 fps=60.0 gpu=- 2.50× 982x2130 60 fps serious
RENDER t=541 fps=60.0 gpu=- 2.50× 982x2130 60 fps serious
RENDER t=542 fps=60.0 gpu=- 2.50× 982x2130 60 fps serious
RENDER t=543 fps=60.0 gpu=- 2.50× 982x2130 60 fps serious
RENDER t=544 fps=60.0 gpu=- 2.50× 982x2130 60 fps serious
RENDER t=545 fps=59.9 gpu=- 2.50× 982x2130 60 fps serious
RENDER t=546 fps=60.0 gpu=- 2.50× 982x2130 60 fps serious
RENDER t=547 fps=59.9 gpu=- 2.50× 982x2130 60 fps serious
RENDER t=548 fps=60.0 gpu=- 2.50× 982x2130 60 fps serious
RENDER t=549 fps=60.0 gpu=- 2.50× 982x2130 60 fps serious
CONDITIONS lowPowerMode=false battery=charging level=0.8
RENDER t=550 fps=59.9 gpu=- 2.50× 982x2130 60 fps serious
RENDER t=551 fps=60.0 gpu=- 2.50× 982x2130 60 fps serious
RENDER t=552 fps=60.0 gpu=- 2.50× 982x2130 60 fps serious
RENDER t=553 fps=59.9 gpu=- 2.50× 982x2130 60 fps serious
RENDER t=554 fps=60.0 gpu=- 2.50× 982x2130 60 fps serious
ATTR noSurfaceDetail 2026-10-06T07:19:45.486Z
RENDER t=556 fps=60.0 gpu=- 2.50× 982x2130 60 fps serious
RENDER t=557 fps=59.9 gpu=- 2.50× 982x2130 60 fps serious
RENDER t=558 fps=60.0 gpu=- 2.50× 982x2130 60 fps serious
RENDER t=559 fps=60.0 gpu=- 2.50× 982x2130 60 fps serious
RENDER t=560 fps=60.0 gpu=- 2.50× 982x2130 60 fps serious
CONDITIONS lowPowerMode=false battery=charging level=0.8
RENDER t=561 fps=60.0 gpu=- 2.50× 982x2130 60 fps serious
RENDER t=562 fps=59.9 gpu=- 2.50× 982x2130 60 fps serious
RENDER t=563 fps=60.0 gpu=- 2.50× 982x2130 60 fps serious
RENDER t=564 fps=59.9 gpu=- 2.50× 982x2130 60 fps serious
RENDER t=565 fps=59.9 gpu=- 2.50× 982x2130 60 fps serious
RENDER t=566 fps=59.9 gpu=- 2.50× 982x2130 60 fps serious
RENDER t=567 fps=60.0 gpu=- 2.50× 982x2130 60 fps serious
RENDER t=568 fps=59.0 gpu=- 2.50× 982x2130 60 fps serious
RENDER t=569 fps=60.0 gpu=- 2.50× 982x2130 60 fps serious
RENDER t=570 fps=59.9 gpu=- 2.50× 982x2130 60 fps serious
CONDITIONS lowPowerMode=false battery=charging level=0.8
RENDER t=571 fps=59.9 gpu=- 2.50× 982x2130 60 fps serious
RENDER t=572 fps=60.0 gpu=- 2.50× 982x2130 60 fps serious
RENDER t=573 fps=60.0 gpu=- 2.50× 982x2130 60 fps serious
RENDER t=574 fps=60.0 gpu=- 2.50× 982x2130 60 fps serious
RENDER t=575 fps=59.0 gpu=- 2.50× 982x2130 60 fps serious
RENDER t=576 fps=60.0 gpu=- 2.50× 982x2130 60 fps serious
RENDER t=577 fps=59.9 gpu=- 2.50× 982x2130 60 fps serious
RENDER t=578 fps=60.0 gpu=- 2.50× 982x2130 60 fps serious
RENDER t=579 fps=60.0 gpu=- 2.50× 982x2130 60 fps serious
RENDER t=580 fps=59.9 gpu=- 2.50× 982x2130 60 fps serious
CONDITIONS lowPowerMode=false battery=charging level=0.8
RENDER t=581 fps=60.0 gpu=- 2.50× 982x2130 60 fps serious
RENDER t=582 fps=59.9 gpu=- 2.50× 982x2130 60 fps serious
RENDER t=583 fps=60.0 gpu=- 2.50× 982x2130 60 fps serious
RENDER t=584 fps=59.9 gpu=- 2.50× 982x2130 60 fps serious
RENDER t=585 fps=60.0 gpu=- 2.50× 982x2130 60 fps serious
RENDER t=586 fps=59.9 gpu=- 2.50× 982x2130 60 fps serious
RENDER t=587 fps=60.0 gpu=- 2.50× 982x2130 60 fps serious
RENDER t=588 fps=60.0 gpu=- 2.50× 982x2130 60 fps serious
RENDER t=589 fps=60.0 gpu=- 2.50× 982x2130 60 fps serious
CONDITIONS lowPowerMode=false battery=charging level=0.8
RENDER t=590 fps=59.9 gpu=- 2.50× 982x2130 60 fps serious
RENDER t=591 fps=60.0 gpu=- 2.50× 982x2130 60 fps serious
RENDER t=592 fps=59.9 gpu=- 2.50× 982x2130 60 fps serious
RENDER t=593 fps=60.0 gpu=- 2.50× 982x2130 60 fps serious
RENDER t=594 fps=60.0 gpu=- 2.50× 982x2130 60 fps serious
RENDER t=595 fps=60.0 gpu=- 2.50× 982x2130 60 fps serious
RENDER t=596 fps=59.9 gpu=- 2.50× 982x2130 60 fps serious
RENDER t=597 fps=60.0 gpu=- 2.50× 982x2130 60 fps serious
RENDER t=598 fps=60.0 gpu=- 2.50× 982x2130 60 fps serious
RENDER t=599 fps=59.9 gpu=- 2.50× 982x2130 60 fps serious
CONDITIONS lowPowerMode=false battery=charging level=0.8
RENDER t=600 fps=60.0 gpu=- 2.50× 982x2130 60 fps serious
RENDER t=601 fps=59.9 gpu=- 2.50× 982x2130 60 fps serious
RENDER t=602 fps=60.0 gpu=- 2.50× 982x2130 60 fps serious
RENDER t=603 fps=59.9 gpu=- 2.50× 982x2130 60 fps serious
RENDER t=604 fps=60.0 gpu=- 2.50× 982x2130 60 fps serious
RENDER t=605 fps=60.0 gpu=- 2.50× 982x2130 60 fps serious
RENDER t=606 fps=60.0 gpu=- 2.50× 982x2130 60 fps serious
RENDER t=607 fps=60.0 gpu=- 2.50× 982x2130 60 fps serious
RENDER t=608 fps=60.0 gpu=- 2.50× 982x2130 60 fps serious
RENDER t=609 fps=59.9 gpu=- 2.50× 982x2130 60 fps serious
CONDITIONS lowPowerMode=false battery=charging level=0.8
RENDER t=610 fps=60.0 gpu=- 2.50× 982x2130 60 fps serious
RENDER t=611 fps=60.0 gpu=- 2.50× 982x2130 60 fps serious
RENDER t=612 fps=60.0 gpu=- 2.50× 982x2130 60 fps serious
RENDER t=613 fps=59.9 gpu=- 2.50× 982x2130 60 fps serious
RENDER t=615 fps=60.0 gpu=- 2.50× 982x2130 60 fps serious
ATTR all6 2026-10-06T07:20:45.501Z
RENDER t=616 fps=59.9 gpu=- 2.50× 982x2130 60 fps serious
RENDER t=617 fps=60.0 gpu=- 2.50× 982x2130 60 fps serious
RENDER t=618 fps=59.9 gpu=- 2.50× 982x2130 60 fps serious
RENDER t=619 fps=60.0 gpu=- 2.50× 982x2130 60 fps serious
RENDER t=620 fps=60.0 gpu=- 2.50× 982x2130 60 fps serious
CONDITIONS lowPowerMode=false battery=charging level=0.8
RENDER t=621 fps=60.0 gpu=- 2.50× 982x2130 60 fps serious
RENDER t=622 fps=59.9 gpu=- 2.50× 982x2130 60 fps serious
RENDER t=623 fps=58.0 gpu=- 2.50× 982x2130 60 fps serious
RENDER t=624 fps=60.0 gpu=- 2.50× 982x2130 60 fps serious
RENDER t=625 fps=60.0 gpu=- 2.50× 982x2130 60 fps serious
RENDER t=626 fps=59.9 gpu=- 2.50× 982x2130 60 fps serious
RENDER t=627 fps=60.0 gpu=- 2.50× 982x2130 60 fps serious
RENDER t=628 fps=59.0 gpu=- 2.50× 982x2130 60 fps serious
RENDER t=629 fps=60.0 gpu=- 2.50× 982x2130 60 fps serious
RENDER t=630 fps=60.0 gpu=- 2.50× 982x2130 60 fps serious
CONDITIONS lowPowerMode=false battery=charging level=0.8
RENDER t=631 fps=60.0 gpu=- 2.50× 982x2130 60 fps serious
RENDER t=632 fps=60.0 gpu=- 2.50× 982x2130 60 fps serious
RENDER t=633 fps=59.9 gpu=- 2.50× 982x2130 60 fps serious
RENDER t=634 fps=59.0 gpu=- 2.50× 982x2130 60 fps serious
RENDER t=635 fps=60.0 gpu=- 2.50× 982x2130 60 fps serious
RENDER t=636 fps=60.0 gpu=- 2.50× 982x2130 60 fps serious
RENDER t=637 fps=60.0 gpu=- 2.50× 982x2130 60 fps serious
RENDER t=638 fps=60.0 gpu=- 2.50× 982x2130 60 fps serious
RENDER t=639 fps=59.9 gpu=- 2.50× 982x2130 60 fps serious
RENDER t=640 fps=59.9 gpu=- 2.50× 982x2130 60 fps serious
CONDITIONS lowPowerMode=false battery=charging level=0.8
RENDER t=641 fps=60.0 gpu=- 2.50× 982x2130 60 fps serious
RENDER t=642 fps=59.9 gpu=- 2.50× 982x2130 60 fps serious
RENDER t=643 fps=60.0 gpu=- 2.50× 982x2130 60 fps serious
RENDER t=644 fps=60.0 gpu=- 2.50× 982x2130 60 fps serious
RENDER t=645 fps=60.0 gpu=- 2.50× 982x2130 60 fps serious
RENDER t=646 fps=60.0 gpu=- 2.50× 982x2130 60 fps serious
RENDER t=647 fps=60.0 gpu=- 2.50× 982x2130 60 fps serious
RENDER t=648 fps=59.9 gpu=- 2.50× 982x2130 60 fps serious
RENDER t=649 fps=60.0 gpu=- 2.50× 982x2130 60 fps serious
CONDITIONS lowPowerMode=false battery=charging level=0.8
RENDER t=650 fps=60.0 gpu=- 2.50× 982x2130 60 fps serious
RENDER t=651 fps=59.9 gpu=- 2.50× 982x2130 60 fps serious
RENDER t=652 fps=59.9 gpu=- 2.50× 982x2130 60 fps serious
RENDER t=653 fps=60.0 gpu=- 2.50× 982x2130 60 fps serious
RENDER t=654 fps=60.0 gpu=- 2.50× 982x2130 60 fps serious
RENDER t=655 fps=60.0 gpu=- 2.50× 982x2130 60 fps serious
RENDER t=656 fps=60.0 gpu=- 2.50× 982x2130 60 fps serious
RENDER t=657 fps=60.0 gpu=- 2.50× 982x2130 60 fps serious
RENDER t=658 fps=59.9 gpu=- 2.50× 982x2130 60 fps serious
RENDER t=659 fps=60.0 gpu=- 2.50× 982x2130 60 fps serious
CONDITIONS lowPowerMode=false battery=charging level=0.8
RENDER t=660 fps=59.9 gpu=- 2.50× 982x2130 60 fps serious
RENDER t=661 fps=60.0 gpu=- 2.50× 982x2130 60 fps serious
RENDER t=662 fps=60.0 gpu=- 2.50× 982x2130 60 fps serious
RENDER t=663 fps=60.0 gpu=- 2.50× 982x2130 60 fps serious
RENDER t=664 fps=60.0 gpu=- 2.50× 982x2130 60 fps serious
RENDER t=665 fps=60.0 gpu=- 2.50× 982x2130 60 fps serious
RENDER t=666 fps=60.0 gpu=- 2.50× 982x2130 60 fps serious
RENDER t=667 fps=59.9 gpu=- 2.50× 982x2130 60 fps serious
RENDER t=668 fps=60.0 gpu=- 2.50× 982x2130 60 fps serious
RENDER t=669 fps=59.9 gpu=- 2.50× 982x2130 60 fps serious
CONDITIONS lowPowerMode=false battery=charging level=0.8
RENDER t=670 fps=60.0 gpu=- 2.50× 982x2130 60 fps serious
RENDER t=671 fps=59.9 gpu=- 2.50× 982x2130 60 fps serious
RENDER t=672 fps=60.0 gpu=- 2.50× 982x2130 60 fps serious
RENDER t=673 fps=59.9 gpu=- 2.50× 982x2130 60 fps serious
RENDER t=675 fps=60.0 gpu=- 2.50× 982x2130 60 fps serious
ATTR noFoliage 2026-10-06T07:21:45.518Z
RENDER t=676 fps=60.0 gpu=- 2.50× 982x2130 60 fps serious
RENDER t=677 fps=60.0 gpu=- 2.50× 982x2130 60 fps serious
RENDER t=678 fps=59.9 gpu=- 2.50× 982x2130 60 fps serious
RENDER t=679 fps=60.0 gpu=- 2.50× 982x2130 60 fps serious
RENDER t=680 fps=60.0 gpu=- 2.50× 982x2130 60 fps serious
CONDITIONS lowPowerMode=false battery=charging level=0.8
RENDER t=681 fps=59.9 gpu=- 2.50× 982x2130 60 fps serious
RENDER t=682 fps=59.0 gpu=- 2.50× 982x2130 60 fps serious
RENDER t=683 fps=59.0 gpu=- 2.50× 982x2130 60 fps serious
RENDER t=684 fps=59.9 gpu=- 2.50× 982x2130 60 fps serious
RENDER t=685 fps=60.0 gpu=- 2.50× 982x2130 60 fps serious
RENDER t=686 fps=60.0 gpu=- 2.50× 982x2130 60 fps serious
RENDER t=687 fps=59.0 gpu=- 2.50× 982x2130 60 fps serious
RENDER t=688 fps=60.0 gpu=- 2.50× 982x2130 60 fps serious
RENDER t=689 fps=59.9 gpu=- 2.50× 982x2130 60 fps serious
RENDER t=690 fps=60.0 gpu=- 2.50× 982x2130 60 fps serious
CONDITIONS lowPowerMode=false battery=charging level=0.8
RENDER t=691 fps=60.0 gpu=- 2.50× 982x2130 60 fps serious
RENDER t=692 fps=60.0 gpu=- 2.50× 982x2130 60 fps serious
RENDER t=693 fps=59.9 gpu=- 2.50× 982x2130 60 fps serious
RENDER t=694 fps=60.0 gpu=- 2.50× 982x2130 60 fps serious
RENDER t=695 fps=60.0 gpu=- 2.50× 982x2130 60 fps serious
RENDER t=696 fps=60.0 gpu=- 2.50× 982x2130 60 fps serious
RENDER t=697 fps=60.0 gpu=- 2.50× 982x2130 60 fps serious
RENDER t=698 fps=60.0 gpu=- 2.50× 982x2130 60 fps serious
RENDER t=699 fps=60.0 gpu=- 2.50× 982x2130 60 fps serious
RENDER t=700 fps=59.9 gpu=- 2.50× 982x2130 60 fps serious
CONDITIONS lowPowerMode=false battery=charging level=0.8
RENDER t=701 fps=59.9 gpu=- 2.50× 982x2130 60 fps serious
RENDER t=702 fps=59.9 gpu=- 2.50× 982x2130 60 fps serious
RENDER t=703 fps=60.0 gpu=- 2.50× 982x2130 60 fps serious
RENDER t=704 fps=59.9 gpu=- 2.50× 982x2130 60 fps serious
RENDER t=705 fps=60.0 gpu=- 2.50× 982x2130 60 fps serious
RENDER t=706 fps=60.0 gpu=- 2.50× 982x2130 60 fps serious
RENDER t=707 fps=60.0 gpu=- 2.50× 982x2130 60 fps serious
RENDER t=708 fps=60.0 gpu=- 2.50× 982x2130 60 fps serious
RENDER t=709 fps=59.9 gpu=- 2.50× 982x2130 60 fps serious
CONDITIONS lowPowerMode=false battery=charging level=0.8
RENDER t=710 fps=60.0 gpu=- 2.50× 982x2130 60 fps serious
RENDER t=711 fps=59.9 gpu=- 2.50× 982x2130 60 fps serious
RENDER t=712 fps=60.0 gpu=- 2.50× 982x2130 60 fps serious
RENDER t=713 fps=60.0 gpu=- 2.50× 982x2130 60 fps serious
RENDER t=714 fps=60.0 gpu=- 2.50× 982x2130 60 fps serious
RENDER t=715 fps=59.9 gpu=- 2.50× 982x2130 60 fps serious
RENDER t=716 fps=60.0 gpu=- 2.50× 982x2130 60 fps serious
RENDER t=717 fps=60.0 gpu=- 2.50× 982x2130 60 fps serious
RENDER t=718 fps=60.0 gpu=- 2.50× 982x2130 60 fps serious
RENDER t=719 fps=59.9 gpu=- 2.50× 982x2130 60 fps serious
CONDITIONS lowPowerMode=false battery=charging level=0.8
RENDER t=720 fps=60.0 gpu=- 2.50× 982x2130 60 fps serious
RENDER t=721 fps=60.0 gpu=- 2.50× 982x2130 60 fps serious
RENDER t=722 fps=60.0 gpu=- 2.50× 982x2130 60 fps serious
RENDER t=723 fps=60.0 gpu=- 2.50× 982x2130 60 fps serious
RENDER t=724 fps=59.9 gpu=- 2.50× 982x2130 60 fps serious
RENDER t=725 fps=60.0 gpu=- 2.50× 982x2130 60 fps serious
RENDER t=726 fps=60.0 gpu=- 2.50× 982x2130 60 fps serious
RENDER t=727 fps=60.0 gpu=- 2.50× 982x2130 60 fps serious
RENDER t=728 fps=59.9 gpu=- 2.50× 982x2130 60 fps serious
RENDER t=729 fps=60.0 gpu=- 2.50× 982x2130 60 fps serious
CONDITIONS lowPowerMode=false battery=charging level=0.8
RENDER t=730 fps=59.9 gpu=- 2.50× 982x2130 60 fps serious
RENDER t=731 fps=59.9 gpu=- 2.50× 982x2130 60 fps serious
RENDER t=732 fps=60.0 gpu=- 2.50× 982x2130 60 fps serious
RENDER t=733 fps=60.0 gpu=- 2.50× 982x2130 60 fps serious
RENDER t=735 fps=60.0 gpu=- 2.50× 982x2130 60 fps serious
ATTR all7 2026-10-06T07:22:45.538Z
RENDER t=736 fps=57.0 gpu=- 2.50× 982x2130 60 fps serious
RENDER t=737 fps=59.9 gpu=- 2.50× 982x2130 60 fps serious
RENDER t=738 fps=59.9 gpu=- 2.50× 982x2130 60 fps serious
RENDER t=739 fps=59.9 gpu=- 2.50× 982x2130 60 fps serious
RENDER t=740 fps=60.0 gpu=- 2.50× 982x2130 60 fps serious
CONDITIONS lowPowerMode=false battery=charging level=0.8
RENDER t=741 fps=60.0 gpu=- 2.50× 982x2130 60 fps serious
RENDER t=742 fps=59.9 gpu=- 2.50× 982x2130 60 fps serious
RENDER t=743 fps=58.1 gpu=- 2.50× 982x2130 60 fps serious
RENDER t=744 fps=60.0 gpu=- 2.50× 982x2130 60 fps serious
RENDER t=745 fps=59.9 gpu=- 2.50× 982x2130 60 fps serious
RENDER t=746 fps=59.9 gpu=- 2.50× 982x2130 60 fps serious
RENDER t=747 fps=60.0 gpu=- 2.50× 982x2130 60 fps serious
RENDER t=748 fps=59.0 gpu=- 2.50× 982x2130 60 fps serious
RENDER t=749 fps=60.0 gpu=- 2.50× 982x2130 60 fps serious
RENDER t=750 fps=59.9 gpu=- 2.50× 982x2130 60 fps serious
CONDITIONS lowPowerMode=false battery=charging level=0.8
RENDER t=751 fps=59.9 gpu=- 2.50× 982x2130 60 fps serious
RENDER t=752 fps=60.0 gpu=- 2.50× 982x2130 60 fps serious
RENDER t=753 fps=59.0 gpu=- 2.50× 982x2130 60 fps serious
RENDER t=754 fps=59.9 gpu=- 2.50× 982x2130 60 fps serious
RENDER t=755 fps=60.0 gpu=- 2.50× 982x2130 60 fps serious
RENDER t=756 fps=60.0 gpu=- 2.50× 982x2130 60 fps serious
RENDER t=757 fps=60.0 gpu=- 2.50× 982x2130 60 fps serious
RENDER t=758 fps=60.0 gpu=- 2.50× 982x2130 60 fps serious
RENDER t=759 fps=60.0 gpu=- 2.50× 982x2130 60 fps serious
RENDER t=760 fps=59.9 gpu=- 2.50× 982x2130 60 fps serious
CONDITIONS lowPowerMode=false battery=charging level=0.8
RENDER t=761 fps=59.9 gpu=- 2.50× 982x2130 60 fps serious
RENDER t=762 fps=60.0 gpu=- 2.50× 982x2130 60 fps serious
RENDER t=763 fps=60.0 gpu=- 2.50× 982x2130 60 fps serious
RENDER t=764 fps=60.0 gpu=- 2.50× 982x2130 60 fps serious
RENDER t=765 fps=59.9 gpu=- 2.50× 982x2130 60 fps serious
RENDER t=766 fps=60.0 gpu=- 2.50× 982x2130 60 fps serious
RENDER t=767 fps=60.0 gpu=- 2.50× 982x2130 60 fps serious
RENDER t=768 fps=60.0 gpu=- 2.50× 982x2130 60 fps serious
RENDER t=769 fps=59.9 gpu=- 2.50× 982x2130 60 fps serious
CONDITIONS lowPowerMode=false battery=charging level=0.8
RENDER t=770 fps=60.0 gpu=- 2.50× 982x2130 60 fps serious
RENDER t=771 fps=60.0 gpu=- 2.50× 982x2130 60 fps serious
RENDER t=772 fps=60.0 gpu=- 2.50× 982x2130 60 fps serious
RENDER t=773 fps=59.9 gpu=- 2.50× 982x2130 60 fps serious
RENDER t=774 fps=60.0 gpu=- 2.50× 982x2130 60 fps serious
RENDER t=775 fps=60.0 gpu=- 2.50× 982x2130 60 fps serious
RENDER t=776 fps=59.9 gpu=- 2.50× 982x2130 60 fps serious
RENDER t=777 fps=60.0 gpu=- 2.50× 982x2130 60 fps serious
RENDER t=778 fps=59.9 gpu=- 2.50× 982x2130 60 fps serious
RENDER t=779 fps=60.0 gpu=- 2.50× 982x2130 60 fps serious
CONDITIONS lowPowerMode=false battery=charging level=0.8
RENDER t=780 fps=59.9 gpu=- 2.50× 982x2130 60 fps serious
RENDER t=781 fps=60.0 gpu=- 2.50× 982x2130 60 fps serious
RENDER t=782 fps=60.0 gpu=- 2.50× 982x2130 60 fps serious
RENDER t=783 fps=60.0 gpu=- 2.50× 982x2130 60 fps serious
RENDER t=784 fps=60.0 gpu=- 2.50× 982x2130 60 fps serious
RENDER t=785 fps=60.0 gpu=- 2.50× 982x2130 60 fps serious
RENDER t=786 fps=60.0 gpu=- 2.50× 982x2130 60 fps serious
RENDER t=787 fps=59.9 gpu=- 2.50× 982x2130 60 fps serious
RENDER t=788 fps=60.0 gpu=- 2.50× 982x2130 60 fps serious
RENDER t=789 fps=59.9 gpu=- 2.50× 982x2130 60 fps serious
CONDITIONS lowPowerMode=false battery=charging level=0.8
RENDER t=790 fps=59.9 gpu=- 2.50× 982x2130 60 fps serious
RENDER t=791 fps=60.0 gpu=- 2.50× 982x2130 60 fps serious
RENDER t=792 fps=59.9 gpu=- 2.50× 982x2130 60 fps serious
RENDER t=794 fps=60.0 gpu=- 2.50× 982x2130 60 fps serious
RENDER t=795 fps=60.0 gpu=- 2.50× 982x2130 60 fps serious
ATTR noBuildings 2026-10-06T07:23:45.545Z
RENDER t=796 fps=60.0 gpu=- 2.50× 982x2130 60 fps serious
RENDER t=797 fps=60.0 gpu=- 2.50× 982x2130 60 fps serious
RENDER t=798 fps=60.0 gpu=- 2.50× 982x2130 60 fps serious
RENDER t=799 fps=60.0 gpu=- 2.50× 982x2130 60 fps serious
RENDER t=800 fps=59.9 gpu=- 2.50× 982x2130 60 fps serious
CONDITIONS lowPowerMode=false battery=charging level=0.8
RENDER t=801 fps=60.0 gpu=- 2.50× 982x2130 60 fps serious
RENDER t=802 fps=60.0 gpu=- 2.50× 982x2130 60 fps serious
RENDER t=803 fps=59.0 gpu=- 2.50× 982x2130 60 fps serious
RENDER t=804 fps=60.0 gpu=- 2.50× 982x2130 60 fps serious
RENDER t=805 fps=59.9 gpu=- 2.50× 982x2130 60 fps serious
RENDER t=806 fps=60.0 gpu=- 2.50× 982x2130 60 fps serious
RENDER t=807 fps=60.0 gpu=- 2.50× 982x2130 60 fps serious
RENDER t=808 fps=59.0 gpu=- 2.50× 982x2130 60 fps serious
RENDER t=809 fps=60.0 gpu=- 2.50× 982x2130 60 fps serious
RENDER t=810 fps=59.9 gpu=- 2.50× 982x2130 60 fps serious
CONDITIONS lowPowerMode=false battery=charging level=0.8
RENDER t=811 fps=60.0 gpu=- 2.50× 982x2130 60 fps serious
RENDER t=812 fps=59.9 gpu=- 2.50× 982x2130 60 fps serious
RENDER t=813 fps=59.0 gpu=- 2.50× 982x2130 60 fps serious
RENDER t=814 fps=60.0 gpu=- 2.50× 982x2130 60 fps serious
RENDER t=815 fps=60.0 gpu=- 2.50× 982x2130 60 fps serious
RENDER t=816 fps=59.9 gpu=- 2.50× 982x2130 60 fps serious
RENDER t=817 fps=60.0 gpu=- 2.50× 982x2130 60 fps serious
RENDER t=818 fps=60.0 gpu=- 2.50× 982x2130 60 fps serious
RENDER t=819 fps=59.9 gpu=- 2.50× 982x2130 60 fps serious
RENDER t=820 fps=60.0 gpu=- 2.50× 982x2130 60 fps serious
CONDITIONS lowPowerMode=false battery=charging level=0.8
RENDER t=821 fps=60.0 gpu=- 2.50× 982x2130 60 fps serious
RENDER t=822 fps=60.0 gpu=- 2.50× 982x2130 60 fps serious
RENDER t=823 fps=59.9 gpu=- 2.50× 982x2130 60 fps serious
RENDER t=824 fps=60.0 gpu=- 2.50× 982x2130 60 fps serious
RENDER t=825 fps=60.0 gpu=- 2.50× 982x2130 60 fps serious
RENDER t=826 fps=60.0 gpu=- 2.50× 982x2130 60 fps serious
RENDER t=827 fps=59.9 gpu=- 2.50× 982x2130 60 fps serious
RENDER t=828 fps=60.0 gpu=- 2.50× 982x2130 60 fps serious
RENDER t=829 fps=60.0 gpu=- 2.50× 982x2130 60 fps serious
CONDITIONS lowPowerMode=false battery=charging level=0.8
RENDER t=830 fps=60.0 gpu=- 2.50× 982x2130 60 fps serious
RENDER t=831 fps=60.0 gpu=- 2.50× 982x2130 60 fps serious
RENDER t=832 fps=60.0 gpu=- 2.50× 982x2130 60 fps serious
RENDER t=833 fps=60.0 gpu=- 2.50× 982x2130 60 fps serious
RENDER t=834 fps=60.0 gpu=- 2.50× 982x2130 60 fps serious
RENDER t=835 fps=60.0 gpu=- 2.50× 982x2130 60 fps serious
RENDER t=836 fps=60.0 gpu=- 2.50× 982x2130 60 fps serious
RENDER t=837 fps=60.0 gpu=- 2.50× 982x2130 60 fps serious
RENDER t=838 fps=59.9 gpu=- 2.50× 982x2130 60 fps serious
RENDER t=839 fps=60.0 gpu=- 2.50× 982x2130 60 fps serious
CONDITIONS lowPowerMode=false battery=charging level=0.8
RENDER t=840 fps=60.0 gpu=- 2.50× 982x2130 60 fps serious
RENDER t=841 fps=59.9 gpu=- 2.50× 982x2130 60 fps serious
RENDER t=842 fps=60.0 gpu=- 2.50× 982x2130 60 fps serious
RENDER t=843 fps=59.9 gpu=- 2.50× 982x2130 60 fps serious
RENDER t=844 fps=60.0 gpu=- 2.50× 982x2130 60 fps serious
RENDER t=845 fps=59.9 gpu=- 2.50× 982x2130 60 fps serious
RENDER t=846 fps=60.0 gpu=- 2.50× 982x2130 60 fps serious
RENDER t=847 fps=60.0 gpu=- 2.50× 982x2130 60 fps serious
RENDER t=848 fps=60.0 gpu=- 2.50× 982x2130 60 fps serious
RENDER t=849 fps=59.9 gpu=- 2.50× 982x2130 60 fps serious
CONDITIONS lowPowerMode=false battery=charging level=0.8
RENDER t=850 fps=59.9 gpu=- 2.50× 982x2130 60 fps serious
RENDER t=851 fps=60.0 gpu=- 2.50× 982x2130 60 fps serious
RENDER t=853 fps=60.0 gpu=- 2.50× 982x2130 60 fps serious
RENDER t=854 fps=60.0 gpu=- 2.50× 982x2130 60 fps serious
RENDER t=855 fps=59.9 gpu=- 2.50× 982x2130 60 fps serious
ATTR all8 2026-10-06T07:24:45.559Z
RENDER t=856 fps=60.0 gpu=- 2.50× 982x2130 60 fps serious
RENDER t=857 fps=59.9 gpu=- 2.50× 982x2130 60 fps serious
RENDER t=858 fps=60.0 gpu=- 2.50× 982x2130 60 fps serious
RENDER t=859 fps=60.0 gpu=- 2.50× 982x2130 60 fps serious
RENDER t=860 fps=60.0 gpu=- 2.50× 982x2130 60 fps serious
CONDITIONS lowPowerMode=false battery=charging level=0.8
RENDER t=861 fps=60.0 gpu=- 2.50× 982x2130 60 fps serious
RENDER t=862 fps=60.0 gpu=- 2.50× 982x2130 60 fps serious
RENDER t=863 fps=60.0 gpu=- 2.50× 982x2130 60 fps serious
RENDER t=864 fps=59.0 gpu=- 2.50× 982x2130 60 fps serious
RENDER t=865 fps=58.0 gpu=- 2.50× 982x2130 60 fps serious
RENDER t=866 fps=60.0 gpu=- 2.50× 982x2130 60 fps serious
RENDER t=867 fps=60.0 gpu=- 2.50× 982x2130 60 fps serious
RENDER t=868 fps=59.9 gpu=- 2.50× 982x2130 60 fps serious
RENDER t=869 fps=59.0 gpu=- 2.50× 982x2130 60 fps serious
RENDER t=870 fps=60.0 gpu=- 2.50× 982x2130 60 fps serious
CONDITIONS lowPowerMode=false battery=charging level=0.8
RENDER t=871 fps=59.9 gpu=- 2.50× 982x2130 60 fps serious
RENDER t=872 fps=59.5 gpu=- 2.50× 982x2130 60 fps serious
RENDER t=873 fps=54.3 gpu=- 2.50× 982x2130 60 fps serious
RENDER t=874 fps=50.1 gpu=- 2.50× 982x2130 60 fps serious
RENDER t=875 fps=53.7 gpu=- 2.50× 982x2130 60 fps serious
RENDER t=876 fps=58.5 gpu=- 2.50× 982x2130 60 fps serious
RENDER t=877 fps=59.0 gpu=- 2.50× 982x2130 60 fps serious
RENDER t=878 fps=60.0 gpu=- 2.50× 982x2130 60 fps serious
RENDER t=879 fps=59.9 gpu=- 2.50× 982x2130 60 fps serious
RENDER t=880 fps=60.0 gpu=- 2.50× 982x2130 60 fps serious
CONDITIONS lowPowerMode=false battery=charging level=0.8
RENDER t=881 fps=60.0 gpu=- 2.50× 982x2130 60 fps serious
RENDER t=882 fps=59.9 gpu=- 2.50× 982x2130 60 fps serious
RENDER t=883 fps=60.0 gpu=- 2.50× 982x2130 60 fps serious
RENDER t=884 fps=60.0 gpu=- 2.50× 982x2130 60 fps serious
RENDER t=885 fps=59.9 gpu=- 2.50× 982x2130 60 fps serious
RENDER t=886 fps=59.9 gpu=- 2.50× 982x2130 60 fps serious
RENDER t=887 fps=60.0 gpu=- 2.50× 982x2130 60 fps serious
RENDER t=888 fps=60.0 gpu=- 2.50× 982x2130 60 fps serious
RENDER t=889 fps=60.0 gpu=- 2.50× 982x2130 60 fps serious
CONDITIONS lowPowerMode=false battery=charging level=0.8
RENDER t=890 fps=59.9 gpu=- 2.50× 982x2130 60 fps serious
RENDER t=891 fps=60.0 gpu=- 2.50× 982x2130 60 fps serious
RENDER t=892 fps=60.0 gpu=- 2.50× 982x2130 60 fps serious
RENDER t=893 fps=59.9 gpu=- 2.50× 982x2130 60 fps serious
RENDER t=894 fps=60.0 gpu=- 2.50× 982x2130 60 fps serious
RENDER t=895 fps=59.9 gpu=- 2.50× 982x2130 60 fps serious
RENDER t=896 fps=60.0 gpu=- 2.50× 982x2130 60 fps serious
RENDER t=897 fps=60.0 gpu=- 2.50× 982x2130 60 fps serious
RENDER t=898 fps=60.0 gpu=- 2.50× 982x2130 60 fps serious
RENDER t=899 fps=59.9 gpu=- 2.50× 982x2130 60 fps serious
CONDITIONS lowPowerMode=false battery=charging level=0.8
RENDER t=900 fps=59.9 gpu=- 2.50× 982x2130 60 fps serious
RENDER t=901 fps=60.0 gpu=- 2.50× 982x2130 60 fps serious
RENDER t=902 fps=60.0 gpu=- 2.50× 982x2130 60 fps serious
RENDER t=903 fps=60.0 gpu=- 2.50× 982x2130 60 fps serious
RENDER t=904 fps=59.9 gpu=- 2.50× 982x2130 60 fps serious
RENDER t=905 fps=60.0 gpu=- 2.50× 982x2130 60 fps serious
RENDER t=906 fps=60.0 gpu=- 2.50× 982x2130 60 fps serious
RENDER t=907 fps=60.0 gpu=- 2.50× 982x2130 60 fps serious
RENDER t=908 fps=60.0 gpu=- 2.50× 982x2130 60 fps serious
RENDER t=909 fps=60.0 gpu=- 2.50× 982x2130 60 fps serious
CONDITIONS lowPowerMode=false battery=charging level=0.8
RENDER t=910 fps=59.9 gpu=- 2.50× 982x2130 60 fps serious
RENDER t=911 fps=60.0 gpu=- 2.50× 982x2130 60 fps serious
RENDER t=912 fps=60.0 gpu=- 2.50× 982x2130 60 fps serious
RENDER t=913 fps=60.0 gpu=- 2.50× 982x2130 60 fps serious
RENDER t=915 fps=60.0 gpu=- 2.50× 982x2130 60 fps serious
ATTR cutDetail 2026-10-06T07:25:45.580Z
RENDER t=916 fps=59.0 gpu=- 2.50× 982x2130 60 fps serious
RENDER t=917 fps=60.0 gpu=- 2.50× 982x2130 60 fps serious
RENDER t=918 fps=60.0 gpu=- 2.50× 982x2130 60 fps serious
RENDER t=919 fps=59.9 gpu=- 2.50× 982x2130 60 fps serious
RENDER t=920 fps=60.0 gpu=- 2.50× 982x2130 60 fps serious
CONDITIONS lowPowerMode=false battery=charging level=0.8
RENDER t=921 fps=59.9 gpu=- 2.50× 982x2130 60 fps serious
RENDER t=922 fps=60.0 gpu=- 2.50× 982x2130 60 fps serious
RENDER t=923 fps=60.0 gpu=- 2.50× 982x2130 60 fps serious
RENDER t=924 fps=59.0 gpu=- 2.50× 982x2130 60 fps serious
RENDER t=925 fps=59.9 gpu=- 2.50× 982x2130 60 fps serious
RENDER t=926 fps=60.0 gpu=- 2.50× 982x2130 60 fps serious
RENDER t=927 fps=59.9 gpu=- 2.50× 982x2130 60 fps serious
RENDER t=928 fps=60.0 gpu=- 2.50× 982x2130 60 fps serious
RENDER t=929 fps=59.0 gpu=- 2.50× 982x2130 60 fps serious
RENDER t=930 fps=60.0 gpu=- 2.50× 982x2130 60 fps serious
CONDITIONS lowPowerMode=false battery=charging level=0.8
RENDER t=931 fps=59.9 gpu=- 2.50× 982x2130 60 fps serious
RENDER t=932 fps=60.0 gpu=- 2.50× 982x2130 60 fps serious
RENDER t=933 fps=59.9 gpu=- 2.50× 982x2130 60 fps serious
RENDER t=934 fps=60.0 gpu=- 2.50× 982x2130 60 fps serious
RENDER t=935 fps=59.9 gpu=- 2.50× 982x2130 60 fps serious
RENDER t=936 fps=59.0 gpu=- 2.50× 982x2130 60 fps serious
RENDER t=937 fps=58.7 gpu=- 2.50× 982x2130 60 fps serious
RENDER t=938 fps=55.8 gpu=- 2.50× 982x2130 60 fps serious
RENDER t=939 fps=54.3 gpu=- 2.50× 982x2130 60 fps serious
RENDER t=940 fps=55.5 gpu=- 2.50× 982x2130 60 fps serious
CONDITIONS lowPowerMode=false battery=charging level=0.8
RENDER t=941 fps=56.8 gpu=- 2.50× 982x2130 60 fps serious
RENDER t=942 fps=59.0 gpu=- 2.50× 982x2130 60 fps serious
RENDER t=943 fps=60.0 gpu=- 2.50× 982x2130 60 fps serious
RENDER t=944 fps=59.9 gpu=- 2.50× 982x2130 60 fps serious
RENDER t=945 fps=59.9 gpu=- 2.50× 982x2130 60 fps serious
RENDER t=946 fps=60.0 gpu=- 2.50× 982x2130 60 fps serious
RENDER t=947 fps=60.0 gpu=- 2.50× 982x2130 60 fps serious
RENDER t=948 fps=60.0 gpu=- 2.50× 982x2130 60 fps serious
RENDER t=949 fps=59.9 gpu=- 2.50× 982x2130 60 fps serious
CONDITIONS lowPowerMode=false battery=charging level=0.8
RENDER t=950 fps=59.9 gpu=- 2.50× 982x2130 60 fps serious
RENDER t=951 fps=60.0 gpu=- 2.50× 982x2130 60 fps serious
RENDER t=952 fps=59.9 gpu=- 2.50× 982x2130 60 fps serious
RENDER t=953 fps=60.0 gpu=- 2.50× 982x2130 60 fps serious
RENDER t=954 fps=60.0 gpu=- 2.50× 982x2130 60 fps serious
RENDER t=955 fps=60.0 gpu=- 2.50× 982x2130 60 fps serious
RENDER t=956 fps=59.9 gpu=- 2.50× 982x2130 60 fps serious
RENDER t=957 fps=60.0 gpu=- 2.50× 982x2130 60 fps serious
RENDER t=958 fps=60.0 gpu=- 2.50× 982x2130 60 fps serious
RENDER t=959 fps=60.0 gpu=- 2.50× 982x2130 60 fps serious
CONDITIONS lowPowerMode=false battery=charging level=0.8
RENDER t=960 fps=59.9 gpu=- 2.50× 982x2130 60 fps serious
RENDER t=961 fps=60.0 gpu=- 2.50× 982x2130 60 fps serious
RENDER t=962 fps=60.0 gpu=- 2.50× 982x2130 60 fps serious
RENDER t=963 fps=59.9 gpu=- 2.50× 982x2130 60 fps serious
RENDER t=964 fps=60.0 gpu=- 2.50× 982x2130 60 fps serious
RENDER t=965 fps=60.0 gpu=- 2.50× 982x2130 60 fps serious
RENDER t=966 fps=59.9 gpu=- 2.50× 982x2130 60 fps serious
RENDER t=967 fps=60.0 gpu=- 2.50× 982x2130 60 fps serious
RENDER t=968 fps=59.9 gpu=- 2.50× 982x2130 60 fps serious
RENDER t=969 fps=60.0 gpu=- 2.50× 982x2130 60 fps serious
CONDITIONS lowPowerMode=false battery=charging level=0.8
RENDER t=970 fps=60.0 gpu=- 2.50× 982x2130 60 fps serious
RENDER t=971 fps=59.9 gpu=- 2.50× 982x2130 60 fps serious
RENDER t=973 fps=59.9 gpu=- 2.50× 982x2130 60 fps serious
RENDER t=974 fps=60.0 gpu=- 2.50× 982x2130 60 fps serious
RENDER t=975 fps=59.9 gpu=- 2.50× 982x2130 60 fps serious
ATTR all9 2026-10-06T07:26:45.595Z
RENDER t=976 fps=60.0 gpu=- 2.50× 982x2130 60 fps serious
RENDER t=977 fps=60.0 gpu=- 2.50× 982x2130 60 fps serious
RENDER t=978 fps=59.9 gpu=- 2.50× 982x2130 60 fps serious
RENDER t=979 fps=60.0 gpu=- 2.50× 982x2130 60 fps serious
RENDER t=980 fps=59.9 gpu=- 2.50× 982x2130 60 fps serious
CONDITIONS lowPowerMode=false battery=charging level=0.8
RENDER t=981 fps=60.0 gpu=- 2.50× 982x2130 60 fps serious
RENDER t=982 fps=60.0 gpu=- 2.50× 982x2130 60 fps serious
RENDER t=983 fps=59.0 gpu=- 2.50× 982x2130 60 fps serious
RENDER t=984 fps=59.9 gpu=- 2.50× 982x2130 60 fps serious
RENDER t=985 fps=60.0 gpu=- 2.50× 982x2130 60 fps serious
RENDER t=986 fps=60.0 gpu=- 2.50× 982x2130 60 fps serious
RENDER t=987 fps=60.0 gpu=- 2.50× 982x2130 60 fps serious
RENDER t=988 fps=59.0 gpu=- 2.50× 982x2130 60 fps serious
RENDER t=989 fps=60.0 gpu=- 2.50× 982x2130 60 fps serious
RENDER t=990 fps=59.9 gpu=- 2.50× 982x2130 60 fps serious
CONDITIONS lowPowerMode=false battery=charging level=0.8
RENDER t=991 fps=59.9 gpu=- 2.50× 982x2130 60 fps serious
RENDER t=992 fps=60.0 gpu=- 2.50× 982x2130 60 fps serious
RENDER t=993 fps=60.0 gpu=- 2.50× 982x2130 60 fps serious
RENDER t=994 fps=59.0 gpu=- 2.50× 982x2130 60 fps serious
RENDER t=995 fps=59.9 gpu=- 2.50× 982x2130 60 fps serious
RENDER t=996 fps=59.9 gpu=- 2.50× 982x2130 60 fps serious
RENDER t=997 fps=59.9 gpu=- 2.50× 982x2130 60 fps serious
RENDER t=998 fps=60.0 gpu=- 2.50× 982x2130 60 fps serious
RENDER t=999 fps=59.9 gpu=- 2.50× 982x2130 60 fps serious
RENDER t=1000 fps=60.0 gpu=- 2.50× 982x2130 60 fps serious
CONDITIONS lowPowerMode=false battery=charging level=0.8
RENDER t=1001 fps=60.0 gpu=- 2.50× 982x2130 60 fps serious
RENDER t=1002 fps=60.0 gpu=- 2.50× 982x2130 60 fps serious
RENDER t=1003 fps=60.0 gpu=- 2.50× 982x2130 60 fps serious
RENDER t=1004 fps=60.0 gpu=- 2.50× 982x2130 60 fps serious
01:10:29  Acquired tunnel connection to device.
01:10:30  Enabling developer disk image services.
01:10:30  Acquired usage assertion.
Launched application with com.lincolnlabs.worldlab bundle identifier.
Waiting for the application to terminate...
App terminated due to signal 15.
