Failed to load provisioning paramter list due to error: Error Domain=com.apple.dt.CoreDeviceError Code=1002 "No provider was found." UserInfo={NSLocalizedDescription=No provider was found.}.
`devicectl manage create` may support a reduced set of arguments.
CONDITIONS lowPowerMode=false battery=unplugged level=0.7
2026-10-05 23:19:02.864 WorldLab[81093:5150043] PSO compilation completed for compute pipeline mipGenPolyphaseFast_Wodd_Hodd in 2
2026-10-05 23:19:02.864 WorldLab[81093:5150043] PSO compilation completed for compute pipeline mipGenPolyphaseFast_Weven_Hodd in 0
2026-10-05 23:19:02.864 WorldLab[81093:5150043] PSO compilation completed for compute pipeline mipGenPolyphaseFast_Wodd_Heven in 0
2026-10-05 23:19:02.864 WorldLab[81093:5150043] PSO compilation completed for compute pipeline mipGenPolyphaseFast_Weven_Heven in 0
RENDER t=2 fps=0.0 gpu=- 0.00× 0x0 60 fps nominal
STATS profile=front-range season=2 light=noon→golden 1.00, sun 6.0° az 253.3° chunks=48 static=374575 props=27390 trees=0 instances=6385 draws=109 meshBytes=48080828 build=2.16s postcards=8 generated=["mappedLamps": 55, "generatedLamps": 174, "generatedSidewalkMeters": 5490, "conifers": 551, "deciduous": 4849, "curbMeters": 14674]
RENDER t=3 fps=0.0 gpu=- 2.50× 0x0 60 fps nominal
POSTFORMAT source=553 982x2130 target=553
RENDER t=4 fps=30.5 gpu=- 2.50× 0x0 60 fps nominal
RENDER t=5 fps=59.9 gpu=- 2.50× 982x2130 60 fps nominal
RENDER t=6 fps=59.9 gpu=- 2.50× 982x2130 60 fps nominal
RENDER t=7 fps=60.0 gpu=- 2.50× 982x2130 60 fps nominal
RENDER t=8 fps=59.9 gpu=- 2.50× 982x2130 60 fps nominal
RENDER t=9 fps=59.9 gpu=- 2.50× 982x2130 60 fps nominal
CONDITIONS lowPowerMode=false battery=unplugged level=0.7
RENDER t=10 fps=60.0 gpu=- 2.50× 982x2130 60 fps nominal
RENDER t=11 fps=60.0 gpu=- 2.50× 982x2130 60 fps nominal
RENDER t=12 fps=59.9 gpu=- 2.50× 982x2130 60 fps nominal
RENDER t=13 fps=60.0 gpu=- 2.50× 982x2130 60 fps nominal
RENDER t=14 fps=60.0 gpu=- 2.50× 982x2130 60 fps nominal
RENDER t=15 fps=59.9 gpu=- 2.50× 982x2130 60 fps nominal
RENDER t=16 fps=60.0 gpu=- 2.50× 982x2130 60 fps nominal
RENDER t=17 fps=60.0 gpu=- 2.50× 982x2130 60 fps nominal
RENDER t=19 fps=60.0 gpu=- 2.50× 982x2130 60 fps nominal
RENDER t=20 fps=59.9 gpu=- 2.50× 982x2130 60 fps nominal
CONDITIONS lowPowerMode=false battery=unplugged level=0.7
RENDER t=21 fps=60.0 gpu=- 2.50× 982x2130 60 fps nominal
RENDER t=22 fps=59.9 gpu=- 2.50× 982x2130 60 fps nominal
RENDER t=23 fps=60.0 gpu=- 2.50× 982x2130 60 fps nominal
RENDER t=24 fps=59.9 gpu=- 2.50× 982x2130 60 fps nominal
RENDER t=25 fps=60.0 gpu=- 2.50× 982x2130 60 fps nominal
RENDER t=26 fps=60.0 gpu=- 2.50× 982x2130 60 fps nominal
RENDER t=27 fps=60.0 gpu=- 2.50× 982x2130 60 fps nominal
RENDER t=28 fps=59.9 gpu=- 2.50× 982x2130 60 fps nominal
RENDER t=29 fps=60.0 gpu=- 2.50× 982x2130 60 fps nominal
RENDER t=30 fps=59.9 gpu=- 2.50× 982x2130 60 fps nominal
CONDITIONS lowPowerMode=false battery=unplugged level=0.7
RENDER t=31 fps=59.9 gpu=- 2.50× 982x2130 60 fps nominal
RENDER t=32 fps=60.0 gpu=- 2.50× 982x2130 60 fps nominal
RENDER t=33 fps=60.0 gpu=- 2.50× 982x2130 60 fps nominal
RENDER t=34 fps=59.9 gpu=- 2.50× 982x2130 60 fps nominal
RENDER t=35 fps=60.0 gpu=- 2.50× 982x2130 60 fps nominal
RENDER t=36 fps=60.0 gpu=- 2.50× 982x2130 60 fps nominal
RENDER t=37 fps=59.9 gpu=- 2.50× 982x2130 60 fps nominal
RENDER t=38 fps=60.0 gpu=- 2.50× 982x2130 60 fps nominal
RENDER t=39 fps=60.0 gpu=- 2.50× 982x2130 60 fps nominal
RENDER t=40 fps=60.0 gpu=- 2.50× 982x2130 60 fps nominal
CONDITIONS lowPowerMode=false battery=unplugged level=0.7
RENDER t=41 fps=59.9 gpu=- 2.50× 982x2130 60 fps nominal
RENDER t=42 fps=60.0 gpu=- 2.50× 982x2130 60 fps nominal
RENDER t=43 fps=59.0 gpu=- 2.50× 982x2130 60 fps nominal
RENDER t=44 fps=58.0 gpu=- 2.50× 982x2130 60 fps nominal
RENDER t=45 fps=60.0 gpu=- 2.50× 982x2130 60 fps nominal
RENDER t=46 fps=58.9 gpu=- 2.50× 982x2130 60 fps nominal
RENDER t=47 fps=59.0 gpu=- 2.50× 982x2130 60 fps nominal
RENDER t=48 fps=59.0 gpu=- 2.50× 982x2130 60 fps nominal
RENDER t=49 fps=59.0 gpu=- 2.50× 982x2130 60 fps nominal
CONDITIONS lowPowerMode=false battery=unplugged level=0.7
RENDER t=50 fps=60.0 gpu=- 2.50× 982x2130 60 fps nominal
RENDER t=51 fps=60.0 gpu=- 2.50× 982x2130 60 fps nominal
RENDER t=52 fps=54.0 gpu=- 2.50× 982x2130 60 fps nominal
RENDER t=53 fps=58.0 gpu=- 2.50× 982x2130 60 fps nominal
RENDER t=54 fps=60.0 gpu=- 2.50× 982x2130 60 fps nominal
RENDER t=55 fps=59.9 gpu=- 2.50× 982x2130 60 fps nominal
RENDER t=56 fps=59.9 gpu=- 2.50× 982x2130 60 fps nominal
RENDER t=57 fps=60.0 gpu=- 2.50× 982x2130 60 fps nominal
RENDER t=58 fps=60.0 gpu=- 2.50× 982x2130 60 fps nominal
RENDER t=59 fps=60.0 gpu=- 2.50× 982x2130 60 fps nominal
CONDITIONS lowPowerMode=false battery=unplugged level=0.7
RENDER t=60 fps=60.0 gpu=- 2.50× 982x2130 60 fps nominal
RENDER t=61 fps=57.2 gpu=- 2.50× 982x2130 60 fps nominal
RENDER t=62 fps=59.7 gpu=- 2.50× 982x2130 60 fps nominal
RENDER t=63 fps=57.2 gpu=- 2.50× 982x2130 60 fps nominal
RENDER t=64 fps=59.8 gpu=- 2.50× 982x2130 60 fps nominal
RENDER t=65 fps=60.0 gpu=- 2.50× 982x2130 60 fps nominal
RENDER t=66 fps=60.0 gpu=- 2.50× 982x2130 60 fps nominal
RENDER t=67 fps=60.0 gpu=- 2.50× 982x2130 60 fps nominal
RENDER t=68 fps=60.0 gpu=- 2.50× 982x2130 60 fps nominal
RENDER t=69 fps=60.0 gpu=- 2.50× 982x2130 60 fps nominal
CONDITIONS lowPowerMode=false battery=unplugged level=0.7
RENDER t=70 fps=59.9 gpu=- 2.50× 982x2130 60 fps nominal
RENDER t=71 fps=58.0 gpu=- 2.50× 982x2130 60 fps nominal
RENDER t=72 fps=60.0 gpu=- 2.50× 982x2130 60 fps nominal
RENDER t=73 fps=60.0 gpu=- 2.50× 982x2130 60 fps nominal
RENDER t=74 fps=59.9 gpu=- 2.50× 982x2130 60 fps nominal
RENDER t=75 fps=60.0 gpu=- 2.50× 982x2130 60 fps nominal
RENDER t=76 fps=59.9 gpu=- 2.50× 982x2130 60 fps nominal
RENDER t=77 fps=60.0 gpu=- 2.50× 982x2130 60 fps nominal
RENDER t=79 fps=59.9 gpu=- 2.50× 982x2130 60 fps nominal
RENDER t=80 fps=59.9 gpu=- 2.50× 982x2130 60 fps nominal
CONDITIONS lowPowerMode=false battery=unplugged level=0.7
RENDER t=81 fps=59.9 gpu=- 2.50× 982x2130 60 fps nominal
RENDER t=82 fps=60.0 gpu=- 2.50× 982x2130 60 fps nominal
RENDER t=83 fps=59.9 gpu=- 2.50× 982x2130 60 fps nominal
RENDER t=84 fps=60.0 gpu=- 2.50× 982x2130 60 fps nominal
RENDER t=85 fps=60.0 gpu=- 2.50× 982x2130 60 fps nominal
RENDER t=86 fps=60.0 gpu=- 2.50× 982x2130 60 fps nominal
RENDER t=87 fps=59.9 gpu=- 2.50× 982x2130 60 fps nominal
RENDER t=88 fps=59.9 gpu=- 2.50× 982x2130 60 fps nominal
RENDER t=89 fps=60.0 gpu=- 2.50× 982x2130 60 fps nominal
RENDER t=90 fps=60.0 gpu=- 2.50× 982x2130 60 fps nominal
CONDITIONS lowPowerMode=false battery=unplugged level=0.7
RENDER t=91 fps=59.9 gpu=- 2.50× 982x2130 60 fps nominal
RENDER t=92 fps=60.0 gpu=- 2.50× 982x2130 60 fps nominal
RENDER t=93 fps=59.9 gpu=- 2.50× 982x2130 60 fps nominal
RENDER t=94 fps=60.0 gpu=- 2.50× 982x2130 60 fps nominal
RENDER t=95 fps=60.0 gpu=- 2.50× 982x2130 60 fps nominal
RENDER t=96 fps=60.0 gpu=- 2.50× 982x2130 60 fps nominal
RENDER t=97 fps=60.0 gpu=- 2.50× 982x2130 60 fps nominal
RENDER t=98 fps=60.0 gpu=- 2.50× 982x2130 60 fps nominal
RENDER t=99 fps=60.0 gpu=- 2.50× 982x2130 60 fps nominal
RENDER t=100 fps=60.0 gpu=- 2.50× 982x2130 60 fps nominal
CONDITIONS lowPowerMode=false battery=unplugged level=0.7
RENDER t=101 fps=60.0 gpu=- 2.50× 982x2130 60 fps nominal
RENDER t=102 fps=59.9 gpu=- 2.50× 982x2130 60 fps nominal
RENDER t=103 fps=60.0 gpu=- 2.50× 982x2130 60 fps nominal
RENDER t=104 fps=60.0 gpu=- 2.50× 982x2130 60 fps nominal
RENDER t=105 fps=59.9 gpu=- 2.50× 982x2130 60 fps nominal
RENDER t=106 fps=60.0 gpu=- 2.50× 982x2130 60 fps nominal
RENDER t=107 fps=60.0 gpu=- 2.50× 982x2130 60 fps nominal
RENDER t=108 fps=60.0 gpu=- 2.50× 982x2130 60 fps nominal
RENDER t=109 fps=60.0 gpu=- 2.50× 982x2130 60 fps nominal
CONDITIONS lowPowerMode=false battery=unplugged level=0.7
RENDER t=110 fps=59.9 gpu=- 2.50× 982x2130 60 fps nominal
RENDER t=111 fps=60.0 gpu=- 2.50× 982x2130 60 fps nominal
RENDER t=112 fps=59.9 gpu=- 2.50× 982x2130 60 fps nominal
RENDER t=113 fps=60.0 gpu=- 2.50× 982x2130 60 fps nominal
RENDER t=114 fps=60.0 gpu=- 2.50× 982x2130 60 fps nominal
RENDER t=115 fps=60.0 gpu=- 2.50× 982x2130 60 fps nominal
RENDER t=116 fps=59.9 gpu=- 2.50× 982x2130 60 fps nominal
RENDER t=117 fps=60.0 gpu=- 2.50× 982x2130 60 fps nominal
RENDER t=118 fps=60.0 gpu=- 2.50× 982x2130 60 fps nominal
RENDER t=119 fps=59.9 gpu=- 2.50× 982x2130 60 fps nominal
CONDITIONS lowPowerMode=false battery=unplugged level=0.7
RENDER t=120 fps=60.0 gpu=- 2.50× 982x2130 60 fps nominal
RENDER t=121 fps=60.0 gpu=- 2.50× 982x2130 60 fps nominal
RENDER t=122 fps=60.0 gpu=- 2.50× 982x2130 60 fps nominal
RENDER t=123 fps=60.0 gpu=- 2.50× 982x2130 60 fps nominal
RENDER t=124 fps=60.0 gpu=- 2.50× 982x2130 60 fps nominal
RENDER t=125 fps=60.0 gpu=- 2.50× 982x2130 60 fps nominal
RENDER t=126 fps=60.0 gpu=- 2.50× 982x2130 60 fps nominal
RENDER t=127 fps=60.0 gpu=- 2.50× 982x2130 60 fps nominal
RENDER t=128 fps=60.0 gpu=- 2.50× 982x2130 60 fps nominal
RENDER t=129 fps=60.0 gpu=- 2.50× 982x2130 60 fps nominal
CONDITIONS lowPowerMode=false battery=unplugged level=0.7
RENDER t=130 fps=59.9 gpu=- 2.50× 982x2130 60 fps nominal
RENDER t=131 fps=60.0 gpu=- 2.50× 982x2130 60 fps nominal
RENDER t=132 fps=60.0 gpu=- 2.50× 982x2130 60 fps nominal
RENDER t=133 fps=60.0 gpu=- 2.50× 982x2130 60 fps nominal
RENDER t=134 fps=59.9 gpu=- 2.50× 982x2130 60 fps nominal
RENDER t=135 fps=60.0 gpu=- 2.50× 982x2130 60 fps nominal
RENDER t=136 fps=60.0 gpu=- 2.50× 982x2130 60 fps nominal
RENDER t=137 fps=60.0 gpu=- 2.50× 982x2130 60 fps nominal
RENDER t=139 fps=60.0 gpu=- 2.50× 982x2130 60 fps nominal
RENDER t=140 fps=60.0 gpu=- 2.50× 982x2130 60 fps nominal
CONDITIONS lowPowerMode=false battery=unplugged level=0.7
RENDER t=141 fps=60.0 gpu=- 2.50× 982x2130 60 fps nominal
RENDER t=142 fps=60.0 gpu=- 2.50× 982x2130 60 fps nominal
RENDER t=143 fps=60.0 gpu=- 2.50× 982x2130 60 fps nominal
RENDER t=144 fps=60.0 gpu=- 2.50× 982x2130 60 fps nominal
23:19:00  Acquired tunnel connection to device.
23:19:00  Enabling developer disk image services.
23:19:01  Acquired usage assertion.
Launched application with com.lincolnlabs.worldlab bundle identifier.
Waiting for the application to terminate...
App terminated due to signal 15.
