Failed to load provisioning paramter list due to error: Error Domain=com.apple.dt.CoreDeviceError Code=1002 "No provider was found." UserInfo={NSLocalizedDescription=No provider was found.}.
`devicectl manage create` may support a reduced set of arguments.
CONDITIONS lowPowerMode=false battery=unplugged level=0.7
2026-10-05 23:21:27.033 WorldLab[81137:5151878] PSO compilation completed for compute pipeline mipGenPolyphaseFast_Wodd_Hodd in 0
2026-10-05 23:21:27.033 WorldLab[81137:5151878] PSO compilation completed for compute pipeline mipGenPolyphaseFast_Weven_Hodd in 0
2026-10-05 23:21:27.033 WorldLab[81137:5151878] PSO compilation completed for compute pipeline mipGenPolyphaseFast_Wodd_Heven in 0
2026-10-05 23:21:27.033 WorldLab[81137:5151878] PSO compilation completed for compute pipeline mipGenPolyphaseFast_Weven_Heven in 0
STATS profile=front-range season=2 light=noon→golden 1.00, sun 6.0° az 253.3° chunks=48 static=374575 props=27390 trees=0 instances=6385 draws=109 meshBytes=48080828 build=0.82s postcards=8 generated=["generatedSidewalkMeters": 5490, "conifers": 551, "mappedLamps": 55, "curbMeters": 14674, "generatedLamps": 174, "deciduous": 4849]
RENDER t=1 fps=0.0 gpu=- 2.50× 0x0 60 fps nominal
POSTFORMAT source=553 982x2130 target=553
RENDER t=2 fps=49.3 gpu=- 2.50× 0x0 60 fps nominal
RENDER t=3 fps=60.0 gpu=- 2.50× 982x2130 60 fps nominal
RENDER t=4 fps=60.0 gpu=- 2.50× 982x2130 60 fps nominal
RENDER t=5 fps=59.9 gpu=- 2.50× 982x2130 60 fps nominal
RENDER t=6 fps=60.0 gpu=- 2.50× 982x2130 60 fps nominal
RENDER t=7 fps=60.0 gpu=- 2.50× 982x2130 60 fps nominal
RENDER t=8 fps=60.0 gpu=- 2.50× 982x2130 60 fps nominal
RENDER t=9 fps=60.0 gpu=- 2.50× 982x2130 60 fps nominal
CONDITIONS lowPowerMode=false battery=unplugged level=0.7
RENDER t=10 fps=44.2 gpu=- 2.50× 982x2130 60 fps nominal
RENDER t=11 fps=59.9 gpu=- 2.50× 982x2130 60 fps nominal
RENDER t=12 fps=60.0 gpu=- 2.50× 982x2130 60 fps nominal
RENDER t=13 fps=60.0 gpu=- 2.50× 982x2130 60 fps nominal
RENDER t=14 fps=59.9 gpu=- 2.50× 982x2130 60 fps nominal
RENDER t=15 fps=60.0 gpu=- 2.50× 982x2130 60 fps nominal
RENDER t=16 fps=60.0 gpu=- 2.50× 982x2130 60 fps nominal
RENDER t=17 fps=59.9 gpu=- 2.50× 982x2130 60 fps nominal
RENDER t=18 fps=60.0 gpu=- 2.50× 982x2130 60 fps nominal
RENDER t=19 fps=60.0 gpu=- 2.50× 982x2130 60 fps nominal
CONDITIONS lowPowerMode=false battery=unplugged level=0.7
RENDER t=20 fps=59.9 gpu=- 2.50× 982x2130 60 fps nominal
RENDER t=22 fps=60.0 gpu=- 2.50× 982x2130 60 fps nominal
RENDER t=23 fps=59.9 gpu=- 2.50× 982x2130 60 fps nominal
RENDER t=24 fps=59.9 gpu=- 2.50× 982x2130 60 fps nominal
RENDER t=25 fps=58.0 gpu=- 2.50× 982x2130 60 fps nominal
RENDER t=26 fps=60.0 gpu=- 2.50× 982x2130 60 fps nominal
RENDER t=27 fps=60.0 gpu=- 2.50× 982x2130 60 fps nominal
RENDER t=28 fps=60.0 gpu=- 2.50× 982x2130 60 fps nominal
RENDER t=29 fps=59.9 gpu=- 2.50× 982x2130 60 fps nominal
RENDER t=30 fps=60.0 gpu=- 2.50× 982x2130 60 fps nominal
CONDITIONS lowPowerMode=false battery=unplugged level=0.7
RENDER t=31 fps=59.9 gpu=- 2.50× 982x2130 60 fps nominal
RENDER t=32 fps=60.0 gpu=- 2.50× 982x2130 60 fps nominal
RENDER t=33 fps=60.0 gpu=- 2.50× 982x2130 60 fps nominal
RENDER t=34 fps=60.0 gpu=- 2.50× 982x2130 60 fps nominal
RENDER t=35 fps=58.0 gpu=- 2.25× 982x2130 60 fps fair
RENDER t=36 fps=60.0 gpu=- 2.25× 884x1917 60 fps fair
RENDER t=37 fps=59.9 gpu=- 2.25× 884x1917 60 fps fair
RENDER t=38 fps=60.0 gpu=- 2.25× 884x1917 60 fps fair
RENDER t=39 fps=60.0 gpu=- 2.25× 884x1917 60 fps fair
RENDER t=40 fps=59.9 gpu=- 2.25× 884x1917 60 fps fair
CONDITIONS lowPowerMode=false battery=unplugged level=0.7
RENDER t=41 fps=60.0 gpu=- 2.25× 884x1917 60 fps fair
RENDER t=42 fps=59.9 gpu=- 2.25× 884x1917 60 fps fair
RENDER t=43 fps=60.0 gpu=- 2.25× 884x1917 60 fps fair
RENDER t=44 fps=60.0 gpu=- 2.25× 884x1917 60 fps fair
RENDER t=45 fps=59.9 gpu=- 2.25× 884x1917 60 fps fair
RENDER t=46 fps=58.0 gpu=- 2.25× 884x1917 60 fps fair
RENDER t=47 fps=59.9 gpu=- 2.25× 884x1917 60 fps fair
RENDER t=48 fps=60.0 gpu=- 2.25× 884x1917 60 fps fair
RENDER t=49 fps=60.0 gpu=- 2.25× 884x1917 60 fps fair
RENDER t=50 fps=60.0 gpu=- 2.25× 884x1917 60 fps fair
RENDER t=51 fps=49.9 gpu=- 2.25× 884x1917 60 fps fair
RENDER t=52 fps=55.1 gpu=- 2.25× 884x1917 60 fps fair
RENDER t=53 fps=48.2 gpu=- 2.25× 884x1917 60 fps fair
RENDER t=54 fps=58.0 gpu=- 2.25× 884x1917 60 fps fair
RENDER t=55 fps=58.0 gpu=- 2.25× 884x1917 60 fps fair
RENDER t=56 fps=58.0 gpu=- 2.25× 884x1917 60 fps fair
RENDER t=57 fps=59.9 gpu=- 2.25× 884x1917 60 fps fair
RENDER t=58 fps=60.0 gpu=- 2.25× 884x1917 60 fps fair
RENDER t=59 fps=60.0 gpu=- 2.25× 884x1917 60 fps fair
CONDITIONS lowPowerMode=false battery=unplugged level=0.65
RENDER t=60 fps=60.0 gpu=- 2.25× 884x1917 60 fps fair
RENDER t=61 fps=59.9 gpu=- 2.25× 884x1917 60 fps fair
RENDER t=62 fps=59.8 gpu=- 2.25× 884x1917 60 fps fair
RENDER t=63 fps=59.8 gpu=- 2.25× 884x1917 60 fps fair
RENDER t=64 fps=59.8 gpu=- 2.25× 884x1917 60 fps fair
RENDER t=65 fps=59.9 gpu=- 2.25× 884x1917 60 fps fair
RENDER t=66 fps=59.8 gpu=- 2.25× 884x1917 60 fps fair
RENDER t=68 fps=59.9 gpu=- 2.25× 884x1917 60 fps fair
RENDER t=69 fps=59.9 gpu=- 2.25× 884x1917 60 fps fair
RENDER t=70 fps=59.9 gpu=- 2.25× 884x1917 60 fps fair
CONDITIONS lowPowerMode=false battery=unplugged level=0.65
RENDER t=71 fps=59.9 gpu=- 2.25× 884x1917 60 fps fair
RENDER t=72 fps=59.9 gpu=- 2.25× 884x1917 60 fps fair
RENDER t=73 fps=59.9 gpu=- 2.25× 884x1917 60 fps fair
RENDER t=74 fps=59.9 gpu=- 2.25× 884x1917 60 fps fair
RENDER t=75 fps=59.9 gpu=- 2.25× 884x1917 60 fps fair
RENDER t=76 fps=59.9 gpu=- 2.25× 884x1917 60 fps fair
RENDER t=77 fps=59.9 gpu=- 2.25× 884x1917 60 fps fair
RENDER t=78 fps=59.9 gpu=- 2.25× 884x1917 60 fps fair
RENDER t=79 fps=59.9 gpu=- 2.25× 884x1917 60 fps fair
RENDER t=80 fps=58.9 gpu=- 2.25× 884x1917 60 fps fair
CONDITIONS lowPowerMode=false battery=unplugged level=0.65
RENDER t=81 fps=59.9 gpu=- 2.25× 884x1917 60 fps fair
RENDER t=82 fps=59.9 gpu=- 2.25× 884x1917 60 fps fair
RENDER t=83 fps=59.9 gpu=- 2.25× 884x1917 60 fps fair
RENDER t=84 fps=59.9 gpu=- 2.25× 884x1917 60 fps fair
RENDER t=85 fps=59.9 gpu=- 2.25× 884x1917 60 fps fair
RENDER t=86 fps=59.9 gpu=- 2.25× 884x1917 60 fps fair
RENDER t=87 fps=59.9 gpu=- 2.25× 884x1917 60 fps fair
RENDER t=88 fps=59.9 gpu=- 2.25× 884x1917 60 fps fair
RENDER t=89 fps=59.9 gpu=- 2.25× 884x1917 60 fps fair
RENDER t=90 fps=59.9 gpu=- 2.25× 884x1917 60 fps fair
CONDITIONS lowPowerMode=false battery=unplugged level=0.65
RENDER t=91 fps=59.9 gpu=- 2.25× 884x1917 60 fps fair
RENDER t=92 fps=59.9 gpu=- 2.25× 884x1917 60 fps fair
RENDER t=93 fps=59.9 gpu=- 2.25× 884x1917 60 fps fair
RENDER t=94 fps=59.9 gpu=- 2.25× 884x1917 60 fps fair
RENDER t=95 fps=59.9 gpu=- 2.25× 884x1917 60 fps fair
RENDER t=96 fps=59.9 gpu=- 2.25× 884x1917 60 fps fair
RENDER t=97 fps=59.9 gpu=- 2.25× 884x1917 60 fps fair
RENDER t=98 fps=59.9 gpu=- 2.25× 884x1917 60 fps fair
RENDER t=99 fps=59.9 gpu=- 2.25× 884x1917 60 fps fair
CONDITIONS lowPowerMode=false battery=unplugged level=0.65
RENDER t=100 fps=59.9 gpu=- 2.25× 884x1917 60 fps fair
RENDER t=101 fps=59.9 gpu=- 2.25× 884x1917 60 fps fair
RENDER t=102 fps=59.9 gpu=- 2.25× 884x1917 60 fps fair
RENDER t=103 fps=59.9 gpu=- 2.25× 884x1917 60 fps fair
RENDER t=104 fps=59.9 gpu=- 2.25× 884x1917 60 fps fair
RENDER t=105 fps=59.9 gpu=- 2.25× 884x1917 60 fps fair
RENDER t=106 fps=59.9 gpu=- 2.25× 884x1917 60 fps fair
RENDER t=107 fps=59.9 gpu=- 2.25× 884x1917 60 fps fair
RENDER t=108 fps=59.9 gpu=- 2.25× 884x1917 60 fps fair
RENDER t=109 fps=59.9 gpu=- 2.25× 884x1917 60 fps fair
CONDITIONS lowPowerMode=false battery=unplugged level=0.65
RENDER t=110 fps=59.9 gpu=- 2.25× 884x1917 60 fps fair
RENDER t=111 fps=60.0 gpu=- 2.25× 884x1917 60 fps fair
RENDER t=112 fps=59.9 gpu=- 2.25× 884x1917 60 fps fair
RENDER t=113 fps=60.0 gpu=- 2.25× 884x1917 60 fps fair
RENDER t=114 fps=59.9 gpu=- 2.25× 884x1917 60 fps fair
RENDER t=115 fps=59.9 gpu=- 2.25× 884x1917 60 fps fair
RENDER t=116 fps=59.9 gpu=- 2.25× 884x1917 60 fps fair
RENDER t=117 fps=60.0 gpu=- 2.25× 884x1917 60 fps fair
RENDER t=118 fps=59.9 gpu=- 2.25× 884x1917 60 fps fair
RENDER t=119 fps=60.0 gpu=- 2.25× 884x1917 60 fps fair
CONDITIONS lowPowerMode=false battery=unplugged level=0.65
RENDER t=120 fps=59.9 gpu=- 2.25× 884x1917 60 fps fair
RENDER t=121 fps=60.0 gpu=- 2.25× 884x1917 60 fps fair
RENDER t=122 fps=60.0 gpu=- 2.25× 884x1917 60 fps fair
RENDER t=123 fps=59.9 gpu=- 2.25× 884x1917 60 fps fair
RENDER t=124 fps=59.9 gpu=- 2.25× 884x1917 60 fps fair
RENDER t=126 fps=60.0 gpu=- 2.25× 884x1917 60 fps fair
RENDER t=127 fps=59.9 gpu=- 2.25× 884x1917 60 fps fair
RENDER t=128 fps=60.0 gpu=- 2.25× 884x1917 60 fps fair
RENDER t=129 fps=59.9 gpu=- 2.25× 884x1917 60 fps fair
RENDER t=130 fps=60.0 gpu=- 2.25× 884x1917 60 fps fair
CONDITIONS lowPowerMode=false battery=unplugged level=0.65
RENDER t=131 fps=60.0 gpu=- 2.25× 884x1917 60 fps fair
RENDER t=132 fps=60.0 gpu=- 2.25× 884x1917 60 fps fair
RENDER t=133 fps=60.0 gpu=- 2.25× 884x1917 60 fps fair
RENDER t=134 fps=59.9 gpu=- 2.25× 884x1917 60 fps fair
RENDER t=135 fps=59.9 gpu=- 2.25× 884x1917 60 fps fair
RENDER t=136 fps=60.0 gpu=- 2.25× 884x1917 60 fps fair
RENDER t=137 fps=59.9 gpu=- 2.25× 884x1917 60 fps fair
RENDER t=138 fps=60.0 gpu=- 2.25× 884x1917 60 fps fair
RENDER t=139 fps=60.0 gpu=- 2.25× 884x1917 60 fps fair
RENDER t=140 fps=60.0 gpu=- 2.25× 884x1917 60 fps fair
CONDITIONS lowPowerMode=false battery=unplugged level=0.65
RENDER t=141 fps=60.0 gpu=- 2.25× 884x1917 60 fps fair
RENDER t=142 fps=59.9 gpu=- 2.25× 884x1917 60 fps fair
RENDER t=143 fps=60.0 gpu=- 2.25× 884x1917 60 fps fair
RENDER t=144 fps=59.9 gpu=- 2.25× 884x1917 60 fps fair
RENDER t=145 fps=60.0 gpu=- 2.25× 884x1917 60 fps fair
RENDER t=146 fps=59.9 gpu=- 2.25× 884x1917 60 fps fair
RENDER t=147 fps=60.0 gpu=- 2.25× 884x1917 60 fps fair
RENDER t=148 fps=60.0 gpu=- 2.25× 884x1917 60 fps fair
RENDER t=149 fps=60.0 gpu=- 2.25× 884x1917 60 fps fair
RENDER t=150 fps=60.0 gpu=- 2.25× 884x1917 60 fps fair
CONDITIONS lowPowerMode=false battery=unplugged level=0.65
RENDER t=151 fps=60.0 gpu=- 2.25× 884x1917 60 fps fair
RENDER t=152 fps=59.9 gpu=- 2.25× 884x1917 60 fps fair
23:21:25  Acquired tunnel connection to device.
23:21:25  Enabling developer disk image services.
23:21:25  Acquired usage assertion.
Launched application with com.lincolnlabs.worldlab bundle identifier.
Waiting for the application to terminate...
App terminated due to signal 15.
