Failed to load provisioning paramter list due to error: Error Domain=com.apple.dt.CoreDeviceError Code=1002 "No provider was found." UserInfo={NSLocalizedDescription=No provider was found.}.
`devicectl manage create` may support a reduced set of arguments.
CONDITIONS lowPowerMode=false battery=unplugged level=0.65
2026-10-05 23:26:30.785 WorldLab[81217:5155156] PSO compilation completed for compute pipeline mipGenPolyphaseFast_Wodd_Hodd in 0
2026-10-05 23:26:30.785 WorldLab[81217:5155156] PSO compilation completed for compute pipeline mipGenPolyphaseFast_Weven_Hodd in 0
2026-10-05 23:26:30.785 WorldLab[81217:5155156] PSO compilation completed for compute pipeline mipGenPolyphaseFast_Wodd_Heven in 0
2026-10-05 23:26:30.785 WorldLab[81217:5155156] PSO compilation completed for compute pipeline mipGenPolyphaseFast_Weven_Heven in 0
RENDER t=1 fps=0.0 gpu=- 0.00× 0x0 60 fps nominal
STATS profile=front-range season=2 light=noon→golden 1.00, sun 6.0° az 253.3° chunks=48 static=374575 props=27390 trees=0 instances=6385 draws=109 meshBytes=48080828 build=0.89s postcards=8 generated=["deciduous": 4849, "conifers": 551, "generatedLamps": 174, "generatedSidewalkMeters": 5490, "curbMeters": 14674, "mappedLamps": 55]
POSTFORMAT source=553 982x2130 target=553
RENDER t=2 fps=46.1 gpu=- 2.50× 0x0 60 fps nominal
RENDER t=3 fps=60.0 gpu=- 2.50× 982x2130 60 fps nominal
RENDER t=4 fps=59.9 gpu=- 2.50× 982x2130 60 fps nominal
RENDER t=5 fps=60.0 gpu=- 2.50× 982x2130 60 fps nominal
RENDER t=6 fps=59.9 gpu=- 2.50× 982x2130 60 fps nominal
RENDER t=7 fps=60.0 gpu=- 2.50× 982x2130 60 fps nominal
RENDER t=8 fps=59.9 gpu=- 2.50× 982x2130 60 fps nominal
RENDER t=9 fps=60.0 gpu=- 2.50× 982x2130 60 fps nominal
CONDITIONS lowPowerMode=false battery=unplugged level=0.65
RENDER t=10 fps=59.9 gpu=- 2.50× 982x2130 60 fps nominal
RENDER t=11 fps=60.0 gpu=- 2.50× 982x2130 60 fps nominal
RENDER t=12 fps=59.9 gpu=- 2.50× 982x2130 60 fps nominal
RENDER t=13 fps=60.0 gpu=- 2.50× 982x2130 60 fps nominal
RENDER t=14 fps=60.0 gpu=- 2.50× 982x2130 60 fps nominal
RENDER t=15 fps=59.9 gpu=- 2.50× 982x2130 60 fps nominal
RENDER t=16 fps=60.0 gpu=- 2.50× 982x2130 60 fps nominal
RENDER t=17 fps=60.0 gpu=- 2.50× 982x2130 60 fps nominal
RENDER t=18 fps=59.9 gpu=- 2.50× 982x2130 60 fps nominal
RENDER t=19 fps=60.0 gpu=- 2.50× 982x2130 60 fps nominal
CONDITIONS lowPowerMode=false battery=unplugged level=0.65
RENDER t=20 fps=60.0 gpu=- 2.50× 982x2130 60 fps nominal
RENDER t=21 fps=59.9 gpu=- 2.50× 982x2130 60 fps nominal
RENDER t=22 fps=60.0 gpu=- 2.50× 982x2130 60 fps nominal
RENDER t=23 fps=60.0 gpu=- 2.50× 982x2130 60 fps nominal
RENDER t=24 fps=59.9 gpu=- 2.50× 982x2130 60 fps nominal
RENDER t=25 fps=60.0 gpu=- 2.50× 982x2130 60 fps nominal
RENDER t=26 fps=60.0 gpu=- 2.50× 982x2130 60 fps nominal
RENDER t=27 fps=59.9 gpu=- 2.50× 982x2130 60 fps nominal
RENDER t=28 fps=60.0 gpu=- 2.50× 982x2130 60 fps nominal
RENDER t=30 fps=60.0 gpu=- 2.50× 982x2130 60 fps nominal
CONDITIONS lowPowerMode=false battery=unplugged level=0.65
RENDER t=31 fps=59.9 gpu=- 2.50× 982x2130 60 fps nominal
RENDER t=32 fps=60.0 gpu=- 2.50× 982x2130 60 fps nominal
RENDER t=33 fps=60.0 gpu=- 2.50× 982x2130 60 fps nominal
RENDER t=34 fps=59.9 gpu=- 2.50× 982x2130 60 fps nominal
RENDER t=35 fps=59.9 gpu=- 2.50× 982x2130 60 fps nominal
RENDER t=36 fps=60.0 gpu=- 2.50× 982x2130 60 fps nominal
RENDER t=37 fps=60.0 gpu=- 2.50× 982x2130 60 fps nominal
RENDER t=38 fps=60.0 gpu=- 2.50× 982x2130 60 fps nominal
RENDER t=39 fps=59.9 gpu=- 2.50× 982x2130 60 fps nominal
RENDER t=40 fps=57.7 gpu=- 2.50× 982x2130 60 fps nominal
CONDITIONS lowPowerMode=false battery=unplugged level=0.65
RENDER t=41 fps=59.2 gpu=- 2.50× 982x2130 60 fps nominal
RENDER t=42 fps=60.0 gpu=- 2.50× 982x2130 60 fps nominal
RENDER t=43 fps=60.0 gpu=- 2.50× 982x2130 60 fps nominal
RENDER t=44 fps=59.9 gpu=- 2.50× 982x2130 60 fps nominal
RENDER t=45 fps=59.0 gpu=- 2.50× 982x2130 60 fps nominal
RENDER t=46 fps=60.0 gpu=- 2.50× 982x2130 60 fps nominal
RENDER t=47 fps=60.0 gpu=- 2.50× 982x2130 60 fps nominal
RENDER t=48 fps=60.0 gpu=- 2.50× 982x2130 60 fps nominal
RENDER t=49 fps=60.0 gpu=- 2.50× 982x2130 60 fps nominal
RENDER t=50 fps=60.0 gpu=- 2.50× 982x2130 60 fps nominal
CONDITIONS lowPowerMode=false battery=unplugged level=0.65
RENDER t=51 fps=60.0 gpu=- 2.50× 982x2130 60 fps nominal
RENDER t=52 fps=60.0 gpu=- 2.50× 982x2130 60 fps nominal
RENDER t=53 fps=60.0 gpu=- 2.50× 982x2130 60 fps nominal
RENDER t=54 fps=60.0 gpu=- 2.50× 982x2130 60 fps nominal
RENDER t=55 fps=59.9 gpu=- 2.50× 982x2130 60 fps nominal
RENDER t=56 fps=60.0 gpu=- 2.50× 982x2130 60 fps nominal
RENDER t=57 fps=59.9 gpu=- 2.50× 982x2130 60 fps nominal
RENDER t=58 fps=60.0 gpu=- 2.50× 982x2130 60 fps nominal
RENDER t=59 fps=58.2 gpu=- 2.50× 982x2130 60 fps nominal
RENDER t=60 fps=58.7 gpu=- 2.50× 982x2130 60 fps nominal
CONDITIONS lowPowerMode=false battery=unplugged level=0.65
RENDER t=61 fps=60.0 gpu=- 2.50× 982x2130 60 fps nominal
RENDER t=62 fps=60.0 gpu=- 2.50× 982x2130 60 fps nominal
RENDER t=63 fps=59.9 gpu=- 2.50× 982x2130 60 fps nominal
RENDER t=64 fps=60.0 gpu=- 2.50× 982x2130 60 fps nominal
RENDER t=65 fps=60.0 gpu=- 2.50× 982x2130 60 fps nominal
RENDER t=66 fps=58.0 gpu=- 2.25× 982x2130 60 fps fair
RENDER t=67 fps=60.0 gpu=- 2.25× 884x1917 60 fps fair
RENDER t=68 fps=60.0 gpu=- 2.25× 884x1917 60 fps fair
RENDER t=69 fps=59.9 gpu=- 2.25× 884x1917 60 fps fair
CONDITIONS lowPowerMode=false battery=unplugged level=0.65
RENDER t=70 fps=59.9 gpu=- 2.25× 884x1917 60 fps fair
RENDER t=71 fps=60.0 gpu=- 2.25× 884x1917 60 fps fair
RENDER t=72 fps=60.0 gpu=- 2.25× 884x1917 60 fps fair
RENDER t=73 fps=60.0 gpu=- 2.25× 884x1917 60 fps fair
RENDER t=74 fps=59.0 gpu=- 2.25× 884x1917 60 fps fair
RENDER t=75 fps=60.0 gpu=- 2.25× 884x1917 60 fps fair
RENDER t=76 fps=60.0 gpu=- 2.25× 884x1917 60 fps fair
RENDER t=77 fps=60.0 gpu=- 2.25× 884x1917 60 fps fair
RENDER t=78 fps=59.9 gpu=- 2.25× 884x1917 60 fps fair
RENDER t=79 fps=60.0 gpu=- 2.25× 884x1917 60 fps fair
CONDITIONS lowPowerMode=false battery=unplugged level=0.65
RENDER t=80 fps=59.9 gpu=- 2.25× 884x1917 60 fps fair
RENDER t=81 fps=60.0 gpu=- 2.25× 884x1917 60 fps fair
RENDER t=82 fps=59.9 gpu=- 2.25× 884x1917 60 fps fair
RENDER t=83 fps=60.0 gpu=- 2.25× 884x1917 60 fps fair
RENDER t=84 fps=60.0 gpu=- 2.25× 884x1917 60 fps fair
RENDER t=85 fps=59.9 gpu=- 2.25× 884x1917 60 fps fair
RENDER t=86 fps=60.0 gpu=- 2.25× 884x1917 60 fps fair
RENDER t=87 fps=60.0 gpu=- 2.25× 884x1917 60 fps fair
RENDER t=88 fps=60.0 gpu=- 2.25× 884x1917 60 fps fair
RENDER t=89 fps=60.0 gpu=- 2.25× 884x1917 60 fps fair
CONDITIONS lowPowerMode=false battery=unplugged level=0.65
RENDER t=91 fps=59.9 gpu=- 2.25× 884x1917 60 fps fair
RENDER t=92 fps=60.0 gpu=- 2.25× 884x1917 60 fps fair
RENDER t=93 fps=60.0 gpu=- 2.25× 884x1917 60 fps fair
RENDER t=94 fps=60.0 gpu=- 2.25× 884x1917 60 fps fair
RENDER t=95 fps=60.0 gpu=- 2.25× 884x1917 60 fps fair
RENDER t=96 fps=59.9 gpu=- 2.25× 884x1917 60 fps fair
RENDER t=97 fps=60.0 gpu=- 2.25× 884x1917 60 fps fair
RENDER t=98 fps=60.0 gpu=- 2.25× 884x1917 60 fps fair
RENDER t=99 fps=60.0 gpu=- 2.25× 884x1917 60 fps fair
RENDER t=100 fps=60.0 gpu=- 2.25× 884x1917 60 fps fair
CONDITIONS lowPowerMode=false battery=unplugged level=0.65
RENDER t=101 fps=59.9 gpu=- 2.25× 884x1917 60 fps fair
RENDER t=102 fps=60.0 gpu=- 2.25× 884x1917 60 fps fair
RENDER t=103 fps=60.0 gpu=- 2.25× 884x1917 60 fps fair
RENDER t=104 fps=59.9 gpu=- 2.25× 884x1917 60 fps fair
RENDER t=105 fps=60.0 gpu=- 2.25× 884x1917 60 fps fair
RENDER t=106 fps=59.9 gpu=- 2.25× 884x1917 60 fps fair
RENDER t=107 fps=60.0 gpu=- 2.25× 884x1917 60 fps fair
RENDER t=108 fps=60.0 gpu=- 2.25× 884x1917 60 fps fair
RENDER t=109 fps=60.0 gpu=- 2.25× 884x1917 60 fps fair
RENDER t=110 fps=60.0 gpu=- 2.25× 884x1917 60 fps fair
CONDITIONS lowPowerMode=false battery=unplugged level=0.65
RENDER t=111 fps=60.0 gpu=- 2.25× 884x1917 60 fps fair
RENDER t=112 fps=60.0 gpu=- 2.25× 884x1917 60 fps fair
RENDER t=113 fps=60.0 gpu=- 2.25× 884x1917 60 fps fair
RENDER t=114 fps=59.9 gpu=- 2.25× 884x1917 60 fps fair
RENDER t=115 fps=60.0 gpu=- 2.25× 884x1917 60 fps fair
RENDER t=116 fps=60.0 gpu=- 2.25× 884x1917 60 fps fair
RENDER t=117 fps=60.0 gpu=- 2.25× 884x1917 60 fps fair
RENDER t=118 fps=59.9 gpu=- 2.25× 884x1917 60 fps fair
RENDER t=119 fps=60.0 gpu=- 2.25× 884x1917 60 fps fair
RENDER t=120 fps=60.0 gpu=- 2.25× 884x1917 60 fps fair
RENDER t=121 fps=60.0 gpu=- 2.25× 884x1917 60 fps fair
RENDER t=122 fps=59.9 gpu=- 2.25× 884x1917 60 fps fair
RENDER t=123 fps=60.0 gpu=- 2.25× 884x1917 60 fps fair
RENDER t=124 fps=60.0 gpu=- 2.25× 884x1917 60 fps fair
RENDER t=125 fps=60.0 gpu=- 2.25× 884x1917 60 fps fair
RENDER t=126 fps=60.0 gpu=- 2.25× 884x1917 60 fps fair
RENDER t=127 fps=59.9 gpu=- 2.25× 884x1917 60 fps fair
RENDER t=128 fps=60.0 gpu=- 2.25× 884x1917 60 fps fair
RENDER t=129 fps=60.0 gpu=- 2.25× 884x1917 60 fps fair
CONDITIONS lowPowerMode=false battery=unplugged level=0.65
RENDER t=130 fps=59.9 gpu=- 2.25× 884x1917 60 fps fair
RENDER t=131 fps=60.0 gpu=- 2.25× 884x1917 60 fps fair
RENDER t=132 fps=60.0 gpu=- 2.25× 884x1917 60 fps fair
RENDER t=133 fps=59.9 gpu=- 2.25× 884x1917 60 fps fair
RENDER t=134 fps=60.0 gpu=- 2.25× 884x1917 60 fps fair
RENDER t=135 fps=60.0 gpu=- 2.25× 884x1917 60 fps fair
RENDER t=136 fps=59.9 gpu=- 2.25× 884x1917 60 fps fair
RENDER t=137 fps=60.0 gpu=- 2.25× 884x1917 60 fps fair
RENDER t=138 fps=60.0 gpu=- 2.25× 884x1917 60 fps fair
RENDER t=139 fps=59.9 gpu=- 2.25× 884x1917 60 fps fair
CONDITIONS lowPowerMode=false battery=unplugged level=0.65
RENDER t=140 fps=60.0 gpu=- 2.25× 884x1917 60 fps fair
RENDER t=141 fps=60.0 gpu=- 2.25× 884x1917 60 fps fair
RENDER t=142 fps=59.9 gpu=- 2.25× 884x1917 60 fps fair
RENDER t=143 fps=60.0 gpu=- 2.25× 884x1917 60 fps fair
RENDER t=144 fps=59.9 gpu=- 2.25× 884x1917 60 fps fair
RENDER t=145 fps=59.9 gpu=- 2.25× 884x1917 60 fps fair
RENDER t=146 fps=60.0 gpu=- 2.25× 884x1917 60 fps fair
RENDER t=147 fps=60.0 gpu=- 2.25× 884x1917 60 fps fair
RENDER t=148 fps=59.9 gpu=- 2.25× 884x1917 60 fps fair
RENDER t=150 fps=60.0 gpu=- 2.25× 884x1917 60 fps fair
CONDITIONS lowPowerMode=false battery=unplugged level=0.65
RENDER t=151 fps=59.9 gpu=- 2.25× 884x1917 60 fps fair
RENDER t=152 fps=60.0 gpu=- 2.25× 884x1917 60 fps fair
RENDER t=153 fps=60.0 gpu=- 2.25× 884x1917 60 fps fair
RENDER t=154 fps=60.0 gpu=- 2.25× 884x1917 60 fps fair
RENDER t=155 fps=60.0 gpu=- 2.25× 884x1917 60 fps fair
RENDER t=156 fps=60.0 gpu=- 2.25× 884x1917 60 fps fair
RENDER t=157 fps=60.0 gpu=- 2.25× 884x1917 60 fps fair
RENDER t=158 fps=60.0 gpu=- 2.25× 884x1917 60 fps fair
RENDER t=159 fps=60.0 gpu=- 2.25× 884x1917 60 fps fair
RENDER t=160 fps=59.9 gpu=- 2.25× 884x1917 60 fps fair
CONDITIONS lowPowerMode=false battery=unplugged level=0.65
RENDER t=161 fps=60.0 gpu=- 2.25× 884x1917 60 fps fair
RENDER t=162 fps=60.0 gpu=- 2.25× 884x1917 60 fps fair
RENDER t=163 fps=59.9 gpu=- 2.25× 884x1917 60 fps fair
RENDER t=164 fps=60.0 gpu=- 2.25× 884x1917 60 fps fair
RENDER t=165 fps=59.9 gpu=- 2.25× 884x1917 60 fps fair
RENDER t=166 fps=60.0 gpu=- 2.25× 884x1917 60 fps fair
RENDER t=167 fps=60.0 gpu=- 2.25× 884x1917 60 fps fair
RENDER t=168 fps=59.9 gpu=- 2.25× 884x1917 60 fps fair
RENDER t=169 fps=60.0 gpu=- 2.25× 884x1917 60 fps fair
RENDER t=170 fps=59.9 gpu=- 2.25× 884x1917 60 fps fair
CONDITIONS lowPowerMode=false battery=unplugged level=0.65
RENDER t=171 fps=60.0 gpu=- 2.25× 884x1917 60 fps fair
RENDER t=172 fps=60.0 gpu=- 2.25× 884x1917 60 fps fair
RENDER t=173 fps=60.0 gpu=- 2.25× 884x1917 60 fps fair
RENDER t=174 fps=60.0 gpu=- 2.25× 884x1917 60 fps fair
RENDER t=175 fps=60.0 gpu=- 2.25× 884x1917 60 fps fair
RENDER t=176 fps=60.0 gpu=- 2.25× 884x1917 60 fps fair
RENDER t=177 fps=60.0 gpu=- 2.25× 884x1917 60 fps fair
RENDER t=178 fps=60.0 gpu=- 2.25× 884x1917 60 fps fair
RENDER t=179 fps=60.0 gpu=- 2.25× 884x1917 60 fps fair
CONDITIONS lowPowerMode=false battery=unplugged level=0.65
RENDER t=180 fps=59.9 gpu=- 2.25× 884x1917 60 fps fair
RENDER t=181 fps=60.0 gpu=- 2.25× 884x1917 60 fps fair
RENDER t=182 fps=59.9 gpu=- 2.25× 884x1917 60 fps fair
RENDER t=183 fps=60.0 gpu=- 2.25× 884x1917 60 fps fair
RENDER t=184 fps=59.9 gpu=- 2.25× 884x1917 60 fps fair
RENDER t=185 fps=60.0 gpu=- 2.25× 884x1917 60 fps fair
RENDER t=186 fps=60.0 gpu=- 2.25× 884x1917 60 fps fair
RENDER t=187 fps=59.9 gpu=- 2.25× 884x1917 60 fps fair
RENDER t=188 fps=60.0 gpu=- 2.25× 884x1917 60 fps fair
RENDER t=189 fps=59.9 gpu=- 2.25× 884x1917 60 fps fair
CONDITIONS lowPowerMode=false battery=unplugged level=0.65
RENDER t=190 fps=60.0 gpu=- 2.25× 884x1917 60 fps fair
RENDER t=191 fps=60.0 gpu=- 2.25× 884x1917 60 fps fair
RENDER t=192 fps=60.0 gpu=- 2.25× 884x1917 60 fps fair
RENDER t=193 fps=59.9 gpu=- 2.25× 884x1917 60 fps fair
RENDER t=194 fps=60.0 gpu=- 2.25× 884x1917 60 fps fair
RENDER t=195 fps=60.0 gpu=- 2.25× 884x1917 60 fps fair
RENDER t=196 fps=60.0 gpu=- 2.25× 884x1917 60 fps fair
RENDER t=197 fps=59.9 gpu=- 2.25× 884x1917 60 fps fair
RENDER t=198 fps=60.0 gpu=- 2.25× 884x1917 60 fps fair
RENDER t=199 fps=60.0 gpu=- 2.25× 884x1917 60 fps fair
CONDITIONS lowPowerMode=false battery=unplugged level=0.65
RENDER t=200 fps=59.9 gpu=- 2.25× 884x1917 60 fps fair
RENDER t=201 fps=60.0 gpu=- 2.25× 884x1917 60 fps fair
RENDER t=202 fps=60.0 gpu=- 2.25× 884x1917 60 fps fair
RENDER t=203 fps=60.0 gpu=- 2.25× 884x1917 60 fps fair
RENDER t=204 fps=60.0 gpu=- 2.25× 884x1917 60 fps fair
RENDER t=205 fps=59.9 gpu=- 2.25× 884x1917 60 fps fair
RENDER t=206 fps=60.0 gpu=- 2.25× 884x1917 60 fps fair
RENDER t=207 fps=60.0 gpu=- 2.25× 884x1917 60 fps fair
RENDER t=209 fps=60.0 gpu=- 2.25× 884x1917 60 fps fair
RENDER t=210 fps=60.0 gpu=- 2.25× 884x1917 60 fps fair
CONDITIONS lowPowerMode=false battery=unplugged level=0.65
RENDER t=211 fps=60.0 gpu=- 2.25× 884x1917 60 fps fair
RENDER t=212 fps=59.9 gpu=- 2.25× 884x1917 60 fps fair
RENDER t=213 fps=60.0 gpu=- 2.25× 884x1917 60 fps fair
RENDER t=214 fps=59.9 gpu=- 2.25× 884x1917 60 fps fair
RENDER t=215 fps=60.0 gpu=- 2.25× 884x1917 60 fps fair
RENDER t=216 fps=60.0 gpu=- 2.25× 884x1917 60 fps fair
RENDER t=217 fps=59.9 gpu=- 2.25× 884x1917 60 fps fair
RENDER t=218 fps=60.0 gpu=- 2.25× 884x1917 60 fps fair
RENDER t=219 fps=60.0 gpu=- 2.25× 884x1917 60 fps fair
RENDER t=220 fps=60.0 gpu=- 2.25× 884x1917 60 fps fair
CONDITIONS lowPowerMode=false battery=unplugged level=0.65
RENDER t=221 fps=59.9 gpu=- 2.25× 884x1917 60 fps fair
RENDER t=222 fps=60.0 gpu=- 2.25× 884x1917 60 fps fair
RENDER t=223 fps=60.0 gpu=- 2.25× 884x1917 60 fps fair
RENDER t=224 fps=60.0 gpu=- 2.25× 884x1917 60 fps fair
RENDER t=225 fps=59.9 gpu=- 2.25× 884x1917 60 fps fair
RENDER t=226 fps=60.0 gpu=- 2.25× 884x1917 60 fps fair
RENDER t=227 fps=60.0 gpu=- 2.25× 884x1917 60 fps fair
RENDER t=228 fps=60.0 gpu=- 2.25× 884x1917 60 fps fair
RENDER t=229 fps=59.9 gpu=- 2.25× 884x1917 60 fps fair
RENDER t=230 fps=60.0 gpu=- 2.25× 884x1917 60 fps fair
CONDITIONS lowPowerMode=false battery=unplugged level=0.65
RENDER t=231 fps=60.0 gpu=- 2.25× 884x1917 60 fps fair
RENDER t=232 fps=59.9 gpu=- 2.25× 884x1917 60 fps fair
RENDER t=233 fps=59.9 gpu=- 2.25× 884x1917 60 fps fair
RENDER t=234 fps=60.0 gpu=- 2.25× 884x1917 60 fps fair
RENDER t=235 fps=59.9 gpu=- 2.25× 884x1917 60 fps fair
RENDER t=236 fps=60.0 gpu=- 2.25× 884x1917 60 fps fair
RENDER t=237 fps=60.0 gpu=- 2.25× 884x1917 60 fps fair
RENDER t=238 fps=60.0 gpu=- 2.25× 884x1917 60 fps fair
RENDER t=239 fps=60.0 gpu=- 2.25× 884x1917 60 fps fair
CONDITIONS lowPowerMode=false battery=unplugged level=0.65
RENDER t=240 fps=60.0 gpu=- 2.25× 884x1917 60 fps fair
RENDER t=241 fps=60.0 gpu=- 2.25× 884x1917 60 fps fair
RENDER t=242 fps=60.0 gpu=- 2.25× 884x1917 60 fps fair
RENDER t=243 fps=60.0 gpu=- 2.25× 884x1917 60 fps fair
RENDER t=244 fps=60.0 gpu=- 2.25× 884x1917 60 fps fair
RENDER t=245 fps=60.0 gpu=- 2.25× 884x1917 60 fps fair
23:26:29  Acquired tunnel connection to device.
23:26:29  Enabling developer disk image services.
23:26:29  Acquired usage assertion.
Launched application with com.lincolnlabs.worldlab bundle identifier.
Waiting for the application to terminate...
App terminated due to signal 15.
