Failed to load provisioning paramter list due to error: Error Domain=com.apple.dt.CoreDeviceError Code=1002 "No provider was found." UserInfo={NSLocalizedDescription=No provider was found.}.
`devicectl manage create` may support a reduced set of arguments.
CONDITIONS lowPowerMode=false battery=unplugged level=0.9
2026-10-05 21:25:19.419 WorldLab[79823:5090513] PSO compilation completed for compute pipeline mipGenPolyphaseFast_Wodd_Hodd in 0
2026-10-05 21:25:19.419 WorldLab[79823:5090513] PSO compilation completed for compute pipeline mipGenPolyphaseFast_Weven_Hodd in 0
2026-10-05 21:25:19.419 WorldLab[79823:5090513] PSO compilation completed for compute pipeline mipGenPolyphaseFast_Wodd_Heven in 0
2026-10-05 21:25:19.419 WorldLab[79823:5090513] PSO compilation completed for compute pipeline mipGenPolyphaseFast_Weven_Heven in 0
STATS profile=front-range season=2 light=golden→noon 0.00, sun 6.0° az 253.3° chunks=48 static=258771 props=20046 trees=0 instances=6076 draws=108 meshBytes=33418916 build=0.43s generated=["generatedSidewalkMeters": 1641, "conifers": 551, "deciduous": 4849, "mappedLamps": 55, "curbMeters": 8773, "generatedLamps": 102]
RENDER t=1 fps=16.6 gpu=13.29 2.50× 983x2130 60 fps nominal
RENDER t=2 fps=44.0 gpu=12.47 2.50× 983x2130 60 fps nominal
RENDER t=3 fps=49.2 gpu=14.81 2.50× 983x2130 60 fps nominal
RENDER t=4 fps=46.3 gpu=13.80 2.50× 983x2130 60 fps nominal
RENDER t=5 fps=48.2 gpu=14.58 2.50× 983x2130 60 fps nominal
RENDER t=6 fps=43.3 gpu=13.84 2.50× 983x2130 60 fps nominal
RENDER t=7 fps=46.6 gpu=14.74 2.50× 983x2130 60 fps nominal
RENDER t=8 fps=46.0 gpu=14.06 2.50× 983x2130 60 fps nominal
RENDER t=9 fps=52.0 gpu=14.54 2.50× 983x2130 60 fps nominal
CONDITIONS lowPowerMode=false battery=unplugged level=0.9
RENDER t=10 fps=51.6 gpu=15.45 2.50× 983x2130 60 fps nominal
RENDER t=11 fps=58.1 gpu=17.42 2.50× 983x2130 60 fps nominal
RENDER t=12 fps=56.8 gpu=32.93 2.50× 983x2130 60 fps nominal
RENDER t=13 fps=52.2 gpu=29.34 2.50× 983x2130 60 fps nominal
RENDER t=14 fps=49.3 gpu=34.77 2.50× 983x2130 60 fps nominal
RENDER t=15 fps=56.9 gpu=30.76 2.50× 983x2130 60 fps nominal
RENDER t=16 fps=56.0 gpu=33.90 2.50× 983x2130 60 fps nominal
RENDER t=17 fps=55.2 gpu=32.15 2.50× 983x2130 60 fps nominal
RENDER t=18 fps=56.9 gpu=34.61 2.50× 983x2130 60 fps nominal
RENDER t=19 fps=53.2 gpu=34.96 2.50× 983x2130 60 fps nominal
CONDITIONS lowPowerMode=false battery=unplugged level=0.9
RENDER t=20 fps=56.9 gpu=35.35 2.50× 983x2130 60 fps nominal
RENDER t=21 fps=53.3 gpu=32.63 2.50× 983x2130 60 fps nominal
RENDER t=22 fps=56.9 gpu=32.20 2.50× 983x2130 60 fps nominal
RENDER t=23 fps=54.0 gpu=34.95 2.50× 983x2130 60 fps nominal
RENDER t=24 fps=57.1 gpu=34.40 2.50× 983x2130 60 fps nominal
RENDER t=25 fps=60.9 gpu=31.02 2.50× 983x2130 60 fps nominal
RENDER t=26 fps=56.0 gpu=31.15 2.50× 983x2130 60 fps nominal
RENDER t=27 fps=57.9 gpu=30.31 2.50× 983x2130 60 fps nominal
RENDER t=28 fps=55.1 gpu=27.50 2.50× 983x2130 60 fps nominal
RENDER t=29 fps=57.1 gpu=34.23 2.50× 983x2130 60 fps nominal
CONDITIONS lowPowerMode=false battery=unplugged level=0.9
RENDER t=31 fps=58.0 gpu=29.64 2.50× 983x2130 60 fps nominal
RENDER t=32 fps=56.1 gpu=32.62 2.50× 983x2130 60 fps nominal
RENDER t=33 fps=57.9 gpu=33.98 2.50× 983x2130 60 fps nominal
RENDER t=34 fps=60.0 gpu=32.90 2.50× 983x2130 60 fps nominal
RENDER t=35 fps=60.0 gpu=34.04 2.50× 983x2130 60 fps nominal
RENDER t=36 fps=55.9 gpu=34.86 2.50× 983x2130 60 fps nominal
RENDER t=37 fps=58.0 gpu=34.00 2.50× 983x2130 60 fps nominal
RENDER t=38 fps=55.9 gpu=34.57 2.50× 983x2130 60 fps nominal
RENDER t=39 fps=50.2 gpu=35.02 2.50× 983x2130 60 fps nominal
RENDER t=40 fps=50.3 gpu=30.13 2.50× 983x2130 60 fps nominal
CONDITIONS lowPowerMode=false battery=unplugged level=0.9
RENDER t=41 fps=52.0 gpu=34.47 2.50× 983x2130 60 fps nominal
RENDER t=42 fps=49.3 gpu=33.76 2.50× 983x2130 60 fps nominal
RENDER t=43 fps=52.9 gpu=30.67 2.50× 983x2130 60 fps nominal
RENDER t=44 fps=57.1 gpu=35.85 2.50× 983x2130 60 fps nominal
RENDER t=45 fps=56.9 gpu=34.93 2.50× 983x2130 60 fps nominal
RENDER t=46 fps=51.9 gpu=34.53 2.50× 983x2130 60 fps nominal
RENDER t=47 fps=55.1 gpu=34.62 2.50× 983x2130 60 fps nominal
RENDER t=48 fps=54.3 gpu=32.33 2.50× 983x2130 60 fps nominal
RENDER t=49 fps=56.9 gpu=34.20 2.50× 983x2130 60 fps nominal
RENDER t=50 fps=52.2 gpu=31.15 2.50× 983x2130 60 fps nominal
CONDITIONS lowPowerMode=false battery=unplugged level=0.9
RENDER t=51 fps=53.9 gpu=35.05 2.50× 983x2130 60 fps nominal
RENDER t=52 fps=59.1 gpu=33.05 2.50× 983x2130 60 fps nominal
RENDER t=53 fps=56.9 gpu=33.35 2.50× 983x2130 60 fps nominal
RENDER t=54 fps=57.9 gpu=34.25 2.50× 983x2130 60 fps nominal
RENDER t=55 fps=59.9 gpu=33.74 2.50× 983x2130 60 fps nominal
RENDER t=56 fps=59.1 gpu=31.18 2.50× 983x2130 60 fps nominal
RENDER t=57 fps=56.9 gpu=30.36 2.50× 983x2130 60 fps nominal
RENDER t=58 fps=59.9 gpu=32.86 2.50× 983x2130 60 fps nominal
RENDER t=59 fps=60.3 gpu=26.08 2.50× 983x2130 60 fps nominal
RENDER t=60 fps=54.7 gpu=32.28 2.50× 983x2130 60 fps nominal
CONDITIONS lowPowerMode=false battery=unplugged level=0.9
RENDER t=61 fps=55.2 gpu=33.77 2.50× 983x2130 60 fps nominal
RENDER t=62 fps=54.1 gpu=29.94 2.50× 983x2130 60 fps nominal
RENDER t=63 fps=59.9 gpu=33.43 2.50× 983x2130 60 fps nominal
RENDER t=64 fps=58.0 gpu=32.96 2.50× 983x2130 60 fps nominal
RENDER t=65 fps=59.0 gpu=31.40 2.50× 983x2130 60 fps nominal
RENDER t=66 fps=56.9 gpu=33.89 2.50× 983x2130 60 fps nominal
RENDER t=67 fps=59.9 gpu=32.90 2.50× 983x2130 60 fps nominal
RENDER t=68 fps=59.9 gpu=32.52 2.50× 983x2130 60 fps nominal
RENDER t=69 fps=57.9 gpu=32.74 2.50× 983x2130 60 fps nominal
RENDER t=70 fps=57.1 gpu=32.52 2.50× 983x2130 60 fps nominal
CONDITIONS lowPowerMode=false battery=unplugged level=0.9
RENDER t=71 fps=56.9 gpu=31.52 2.50× 983x2130 60 fps nominal
RENDER t=72 fps=57.1 gpu=33.99 2.50× 983x2130 60 fps nominal
RENDER t=73 fps=56.9 gpu=33.84 2.50× 983x2130 60 fps nominal
RENDER t=74 fps=59.8 gpu=33.30 2.50× 983x2130 60 fps nominal
RENDER t=75 fps=53.3 gpu=34.08 2.50× 983x2130 60 fps nominal
RENDER t=76 fps=59.0 gpu=31.79 2.50× 983x2130 60 fps nominal
RENDER t=77 fps=59.9 gpu=33.40 2.50× 983x2130 60 fps nominal
RENDER t=78 fps=59.0 gpu=32.75 2.50× 983x2130 60 fps nominal
RENDER t=79 fps=58.9 gpu=30.73 2.50× 983x2130 60 fps nominal
CONDITIONS lowPowerMode=false battery=unplugged level=0.9
RENDER t=80 fps=59.0 gpu=33.57 2.50× 983x2130 60 fps nominal
RENDER t=81 fps=58.9 gpu=32.67 2.50× 983x2130 60 fps nominal
21:25:18  Acquired tunnel connection to device.
21:25:18  Enabling developer disk image services.
21:25:18  Acquired usage assertion.
Launched application with com.lincolnlabs.worldlab bundle identifier.
Waiting for the application to terminate...
App terminated due to signal 15.
