Failed to load provisioning paramter list due to error: Error Domain=com.apple.dt.CoreDeviceError Code=1002 "No provider was found." UserInfo={NSLocalizedDescription=No provider was found.}.
`devicectl manage create` may support a reduced set of arguments.
CONDITIONS lowPowerMode=false battery=unplugged level=0.9
2026-10-05 21:29:57.582 WorldLab[79884:5092845] PSO compilation completed for compute pipeline mipGenPolyphaseFast_Wodd_Hodd in 0
2026-10-05 21:29:57.582 WorldLab[79884:5092845] PSO compilation completed for compute pipeline mipGenPolyphaseFast_Weven_Hodd in 0
2026-10-05 21:29:57.582 WorldLab[79884:5092845] PSO compilation completed for compute pipeline mipGenPolyphaseFast_Wodd_Heven in 0
2026-10-05 21:29:57.582 WorldLab[79884:5092845] PSO compilation completed for compute pipeline mipGenPolyphaseFast_Weven_Heven in 0
STATS profile=front-range season=2 light=golden→noon 0.00, sun 6.0° az 253.3° chunks=48 static=258771 props=20046 trees=0 instances=6076 draws=108 meshBytes=33418916 build=0.43s generated=["generatedLamps": 102, "generatedSidewalkMeters": 1641, "mappedLamps": 55, "curbMeters": 8773, "conifers": 551, "deciduous": 4849]
RENDER t=1 fps=21.6 gpu=11.32 2.50× 983x2130 60 fps nominal
RENDER t=2 fps=60.0 gpu=12.91 2.50× 983x2130 60 fps nominal
RENDER t=3 fps=59.9 gpu=12.43 2.50× 983x2130 60 fps nominal
RENDER t=4 fps=59.9 gpu=11.13 2.50× 983x2130 60 fps nominal
RENDER t=5 fps=60.0 gpu=12.13 2.50× 983x2130 60 fps nominal
RENDER t=6 fps=59.9 gpu=11.64 2.50× 983x2130 60 fps nominal
RENDER t=7 fps=60.0 gpu=11.55 2.50× 983x2130 60 fps nominal
RENDER t=8 fps=59.9 gpu=12.76 2.50× 983x2130 60 fps nominal
RENDER t=9 fps=59.9 gpu=12.42 2.50× 983x2130 60 fps nominal
CONDITIONS lowPowerMode=false battery=unplugged level=0.9
RENDER t=10 fps=57.9 gpu=17.25 2.50× 983x2130 60 fps nominal
RENDER t=11 fps=56.0 gpu=23.68 2.50× 983x2130 60 fps nominal
RENDER t=12 fps=57.0 gpu=33.30 2.50× 983x2130 60 fps nominal
RENDER t=13 fps=57.9 gpu=33.29 2.50× 983x2130 60 fps nominal
RENDER t=14 fps=58.0 gpu=33.11 2.50× 983x2130 60 fps nominal
RENDER t=15 fps=55.9 gpu=32.71 2.50× 983x2130 60 fps nominal
RENDER t=16 fps=55.9 gpu=32.74 2.50× 983x2130 60 fps nominal
RENDER t=17 fps=60.0 gpu=32.40 2.50× 983x2130 60 fps nominal
RENDER t=18 fps=56.1 gpu=33.58 2.50× 983x2130 60 fps nominal
RENDER t=19 fps=57.9 gpu=33.30 2.50× 983x2130 60 fps nominal
CONDITIONS lowPowerMode=false battery=unplugged level=0.9
RENDER t=20 fps=58.9 gpu=32.28 2.50× 983x2130 60 fps nominal
RENDER t=21 fps=55.0 gpu=33.82 2.50× 983x2130 60 fps nominal
RENDER t=22 fps=55.9 gpu=33.17 2.50× 983x2130 60 fps nominal
RENDER t=23 fps=58.0 gpu=33.22 2.50× 983x2130 60 fps nominal
RENDER t=24 fps=58.0 gpu=33.00 2.50× 983x2130 60 fps nominal
RENDER t=25 fps=56.0 gpu=32.92 2.50× 983x2130 60 fps nominal
RENDER t=26 fps=56.0 gpu=32.16 2.50× 983x2130 60 fps nominal
RENDER t=27 fps=58.0 gpu=33.21 2.50× 983x2130 60 fps nominal
RENDER t=28 fps=59.9 gpu=33.28 2.50× 983x2130 60 fps nominal
RENDER t=29 fps=58.0 gpu=33.05 2.50× 983x2130 60 fps nominal
CONDITIONS lowPowerMode=false battery=unplugged level=0.9
RENDER t=30 fps=58.0 gpu=33.28 2.50× 983x2130 60 fps nominal
RENDER t=31 fps=56.0 gpu=33.17 2.50× 983x2130 60 fps nominal
RENDER t=32 fps=57.1 gpu=32.55 2.50× 983x2130 60 fps nominal
RENDER t=33 fps=60.9 gpu=32.74 2.50× 983x2130 60 fps nominal
RENDER t=34 fps=58.0 gpu=32.85 2.50× 983x2130 60 fps nominal
RENDER t=35 fps=57.9 gpu=33.02 2.50× 983x2130 60 fps nominal
RENDER t=36 fps=58.0 gpu=33.09 2.50× 983x2130 60 fps nominal
RENDER t=37 fps=55.2 gpu=32.83 2.50× 983x2130 60 fps nominal
RENDER t=38 fps=58.9 gpu=33.21 2.50× 983x2130 60 fps nominal
RENDER t=39 fps=57.9 gpu=32.78 2.50× 983x2130 60 fps nominal
CONDITIONS lowPowerMode=false battery=unplugged level=0.9
RENDER t=40 fps=55.2 gpu=33.29 2.50× 983x2130 60 fps nominal
RENDER t=41 fps=52.9 gpu=33.39 2.50× 983x2130 60 fps nominal
RENDER t=42 fps=55.2 gpu=32.67 2.50× 983x2130 60 fps nominal
RENDER t=43 fps=52.9 gpu=33.03 2.50× 983x2130 60 fps nominal
RENDER t=44 fps=60.0 gpu=33.26 2.50× 983x2130 60 fps nominal
RENDER t=45 fps=58.0 gpu=33.44 2.50× 983x2130 60 fps nominal
RENDER t=46 fps=57.9 gpu=33.31 2.50× 983x2130 60 fps nominal
RENDER t=47 fps=56.0 gpu=33.05 2.50× 983x2130 60 fps nominal
RENDER t=48 fps=49.9 gpu=32.99 2.50× 983x2130 60 fps nominal
RENDER t=49 fps=60.0 gpu=33.09 2.50× 983x2130 60 fps nominal
CONDITIONS lowPowerMode=false battery=unplugged level=0.9
RENDER t=50 fps=57.1 gpu=32.44 2.50× 983x2130 60 fps nominal
RENDER t=51 fps=56.9 gpu=33.03 2.50× 983x2130 60 fps nominal
RENDER t=52 fps=54.0 gpu=34.19 2.50× 983x2130 60 fps nominal
RENDER t=53 fps=60.0 gpu=33.19 2.50× 983x2130 60 fps nominal
RENDER t=54 fps=56.0 gpu=33.01 2.50× 983x2130 60 fps nominal
RENDER t=55 fps=58.0 gpu=33.56 2.50× 983x2130 60 fps nominal
RENDER t=56 fps=57.9 gpu=32.67 2.50× 983x2130 60 fps nominal
RENDER t=57 fps=58.0 gpu=32.97 2.50× 983x2130 60 fps nominal
RENDER t=58 fps=53.2 gpu=34.41 2.50× 983x2130 60 fps nominal
RENDER t=59 fps=60.9 gpu=33.05 2.50× 983x2130 60 fps nominal
CONDITIONS lowPowerMode=false battery=unplugged level=0.9
RENDER t=60 fps=59.9 gpu=33.29 2.50× 983x2130 60 fps nominal
RENDER t=61 fps=59.9 gpu=33.45 2.50× 983x2130 60 fps nominal
RENDER t=63 fps=57.1 gpu=32.81 2.50× 983x2130 60 fps nominal
RENDER t=64 fps=56.9 gpu=32.73 2.50× 983x2130 60 fps nominal
RENDER t=65 fps=59.9 gpu=33.67 2.50× 983x2130 60 fps nominal
RENDER t=66 fps=60.0 gpu=32.77 2.50× 983x2130 60 fps nominal
RENDER t=67 fps=58.0 gpu=32.99 2.50× 983x2130 60 fps nominal
RENDER t=68 fps=58.0 gpu=33.40 2.50× 983x2130 60 fps nominal
RENDER t=69 fps=57.9 gpu=33.22 2.50× 983x2130 60 fps nominal
RENDER t=70 fps=54.0 gpu=32.85 2.50× 983x2130 60 fps nominal
CONDITIONS lowPowerMode=false battery=unplugged level=0.9
RENDER t=71 fps=58.0 gpu=33.02 2.50× 983x2130 60 fps nominal
RENDER t=72 fps=60.0 gpu=33.06 2.50× 983x2130 60 fps nominal
RENDER t=73 fps=41.6 gpu=33.50 2.50× 983x2130 60 fps nominal
RENDER t=74 fps=39.7 gpu=33.72 2.50× 983x2130 60 fps nominal
RENDER t=75 fps=41.9 gpu=31.98 2.50× 983x2130 60 fps nominal
RENDER t=76 fps=41.6 gpu=33.29 2.50× 983x2130 60 fps nominal
RENDER t=77 fps=40.7 gpu=31.97 2.50× 983x2130 60 fps nominal
RENDER t=78 fps=43.8 gpu=33.70 2.50× 983x2130 60 fps nominal
RENDER t=79 fps=42.5 gpu=33.98 2.50× 983x2130 60 fps nominal
RENDER t=80 fps=42.6 gpu=32.60 2.50× 983x2130 60 fps nominal
CONDITIONS lowPowerMode=false battery=unplugged level=0.9
RENDER t=81 fps=48.8 gpu=32.47 2.50× 983x2130 60 fps nominal
RENDER t=82 fps=42.0 gpu=32.49 2.50× 983x2130 60 fps nominal
RENDER t=83 fps=39.6 gpu=33.58 2.50× 983x2130 60 fps nominal
RENDER t=84 fps=41.6 gpu=32.92 2.50× 983x2130 60 fps nominal
RENDER t=85 fps=51.9 gpu=33.63 2.50× 983x2130 60 fps nominal
RENDER t=86 fps=46.4 gpu=32.95 2.50× 983x2130 60 fps nominal
RENDER t=87 fps=47.4 gpu=32.22 2.50× 983x2130 60 fps nominal
RENDER t=88 fps=44.9 gpu=32.80 2.50× 983x2130 60 fps nominal
RENDER t=89 fps=41.6 gpu=32.86 2.50× 983x2130 60 fps nominal
RENDER t=90 fps=44.9 gpu=33.45 2.50× 983x2130 60 fps nominal
CONDITIONS lowPowerMode=false battery=unplugged level=0.9
RENDER t=91 fps=52.2 gpu=33.15 2.50× 983x2130 60 fps nominal
RENDER t=92 fps=47.9 gpu=34.20 2.50× 983x2130 60 fps nominal
RENDER t=93 fps=44.5 gpu=32.82 2.50× 983x2130 60 fps nominal
RENDER t=94 fps=41.9 gpu=33.26 2.50× 983x2130 60 fps nominal
RENDER t=95 fps=44.0 gpu=32.70 2.50× 983x2130 60 fps nominal
RENDER t=96 fps=39.7 gpu=33.34 2.50× 983x2130 60 fps nominal
RENDER t=97 fps=56.9 gpu=33.23 2.50× 983x2130 60 fps nominal
RENDER t=98 fps=41.6 gpu=33.70 2.50× 983x2130 60 fps nominal
RENDER t=99 fps=46.7 gpu=32.67 2.50× 983x2130 60 fps nominal
CONDITIONS lowPowerMode=false battery=unplugged level=0.9
RENDER t=100 fps=42.8 gpu=33.02 2.50× 983x2130 60 fps nominal
RENDER t=101 fps=47.4 gpu=34.29 2.50× 983x2130 60 fps nominal
RENDER t=102 fps=50.9 gpu=33.20 2.50× 983x2130 60 fps nominal
RENDER t=103 fps=47.9 gpu=34.54 2.50× 983x2130 60 fps nominal
RENDER t=104 fps=43.5 gpu=35.00 2.50× 983x2130 60 fps nominal
RENDER t=105 fps=48.9 gpu=32.61 2.50× 983x2130 60 fps nominal
RENDER t=106 fps=47.4 gpu=34.01 2.50× 983x2130 60 fps nominal
RENDER t=107 fps=54.2 gpu=32.80 2.50× 983x2130 60 fps nominal
RENDER t=108 fps=45.0 gpu=34.34 2.50× 983x2130 60 fps nominal
RENDER t=109 fps=47.9 gpu=32.80 2.50× 983x2130 60 fps nominal
CONDITIONS lowPowerMode=false battery=unplugged level=0.9
RENDER t=110 fps=43.5 gpu=32.23 2.50× 983x2130 60 fps nominal
RENDER t=111 fps=49.0 gpu=33.00 2.50× 983x2130 60 fps nominal
RENDER t=112 fps=48.0 gpu=33.57 2.50× 983x2130 60 fps nominal
RENDER t=113 fps=46.0 gpu=32.71 2.50× 983x2130 60 fps nominal
RENDER t=114 fps=45.9 gpu=32.82 2.50× 983x2130 60 fps nominal
RENDER t=115 fps=50.0 gpu=33.78 2.50× 983x2130 60 fps nominal
RENDER t=116 fps=47.4 gpu=32.71 2.50× 983x2130 60 fps nominal
RENDER t=117 fps=40.6 gpu=33.59 2.50× 983x2130 60 fps nominal
RENDER t=118 fps=41.6 gpu=33.07 2.50× 983x2130 60 fps nominal
RENDER t=119 fps=52.0 gpu=34.28 2.50× 983x2130 60 fps nominal
CONDITIONS lowPowerMode=false battery=unplugged level=0.9
RENDER t=120 fps=49.3 gpu=33.77 2.50× 983x2130 60 fps nominal
RENDER t=121 fps=45.5 gpu=33.72 2.50× 983x2130 60 fps nominal
RENDER t=123 fps=43.6 gpu=34.09 2.50× 983x2130 60 fps nominal
RENDER t=124 fps=47.3 gpu=32.54 2.50× 983x2130 60 fps nominal
RENDER t=125 fps=47.4 gpu=33.79 2.50× 983x2130 60 fps nominal
RENDER t=126 fps=40.9 gpu=32.47 2.50× 983x2130 60 fps nominal
RENDER t=127 fps=54.0 gpu=33.02 2.50× 983x2130 60 fps nominal
RENDER t=128 fps=48.0 gpu=33.52 2.50× 983x2130 60 fps nominal
RENDER t=129 fps=45.5 gpu=34.53 2.50× 983x2130 60 fps nominal
RENDER t=130 fps=50.9 gpu=33.80 2.50× 983x2130 60 fps nominal
CONDITIONS lowPowerMode=false battery=unplugged level=0.9
RENDER t=131 fps=51.3 gpu=34.01 2.50× 983x2130 60 fps nominal
RENDER t=132 fps=48.9 gpu=32.36 2.50× 983x2130 60 fps nominal
RENDER t=133 fps=47.4 gpu=34.79 2.50× 983x2130 60 fps nominal
RENDER t=134 fps=50.3 gpu=32.53 2.50× 983x2130 60 fps nominal
RENDER t=135 fps=48.4 gpu=33.89 2.50× 983x2130 60 fps nominal
RENDER t=136 fps=48.9 gpu=32.77 2.50× 983x2130 60 fps nominal
RENDER t=137 fps=49.3 gpu=34.18 2.50× 983x2130 60 fps nominal
RENDER t=138 fps=49.3 gpu=32.09 2.50× 983x2130 60 fps nominal
RENDER t=139 fps=48.0 gpu=33.05 2.50× 983x2130 60 fps nominal
21:29:56  Acquired tunnel connection to device.
21:29:56  Enabling developer disk image services.
21:29:57  Acquired usage assertion.
Launched application with com.lincolnlabs.worldlab bundle identifier.
Waiting for the application to terminate...
App terminated due to signal 15.
