Failed to load provisioning paramter list due to error: Error Domain=com.apple.dt.CoreDeviceError Code=1002 "No provider was found." UserInfo={NSLocalizedDescription=No provider was found.}.
`devicectl manage create` may support a reduced set of arguments.
CONDITIONS lowPowerMode=false battery=unplugged level=0.9
2026-10-05 21:32:17.900 WorldLab[79915:5093949] PSO compilation completed for compute pipeline mipGenPolyphaseFast_Wodd_Hodd in 0
2026-10-05 21:32:17.900 WorldLab[79915:5093949] PSO compilation completed for compute pipeline mipGenPolyphaseFast_Weven_Hodd in 0
2026-10-05 21:32:17.900 WorldLab[79915:5093949] PSO compilation completed for compute pipeline mipGenPolyphaseFast_Wodd_Heven in 0
2026-10-05 21:32:17.900 WorldLab[79915:5093949] PSO compilation completed for compute pipeline mipGenPolyphaseFast_Weven_Heven in 0
STATS profile=front-range season=2 light=golden→noon 0.00, sun 6.0° az 253.3° chunks=48 static=258771 props=20046 trees=0 instances=6076 draws=108 meshBytes=33418916 build=0.42s generated=["deciduous": 4849, "curbMeters": 8773, "generatedSidewalkMeters": 1641, "generatedLamps": 102, "mappedLamps": 55, "conifers": 551]
RENDER t=1 fps=22.5 gpu=11.54 2.50× 983x2130 60 fps nominal
RENDER t=2 fps=59.8 gpu=10.92 2.50× 983x2130 60 fps nominal
RENDER t=3 fps=35.0 gpu=21.28 2.50× 983x2130 30 fps calm nominal
RENDER t=4 fps=30.0 gpu=18.58 2.50× 983x2130 30 fps calm nominal
RENDER t=5 fps=30.0 gpu=19.88 2.50× 983x2130 30 fps calm nominal
RENDER t=6 fps=30.0 gpu=20.82 2.50× 983x2130 30 fps calm nominal
RENDER t=7 fps=30.0 gpu=19.94 2.50× 983x2130 30 fps calm nominal
RENDER t=8 fps=30.0 gpu=20.77 2.50× 983x2130 30 fps calm nominal
RENDER t=9 fps=30.0 gpu=20.79 2.50× 983x2130 30 fps calm nominal
CONDITIONS lowPowerMode=false battery=unplugged level=0.9
RENDER t=10 fps=30.0 gpu=20.37 2.50× 983x2130 30 fps calm nominal
RENDER t=11 fps=30.0 gpu=26.90 2.50× 983x2130 30 fps calm nominal
RENDER t=12 fps=30.0 gpu=32.50 2.50× 983x2130 30 fps calm nominal
RENDER t=13 fps=30.0 gpu=32.19 2.50× 983x2130 30 fps calm nominal
RENDER t=14 fps=30.0 gpu=33.50 2.50× 983x2130 30 fps calm nominal
RENDER t=15 fps=30.2 gpu=33.49 2.50× 983x2130 30 fps calm nominal
RENDER t=16 fps=29.8 gpu=33.52 2.50× 983x2130 30 fps calm nominal
RENDER t=17 fps=30.0 gpu=32.82 2.50× 983x2130 30 fps calm nominal
RENDER t=18 fps=29.7 gpu=33.19 2.50× 983x2130 30 fps calm nominal
RENDER t=19 fps=30.4 gpu=32.67 2.50× 983x2130 30 fps calm nominal
CONDITIONS lowPowerMode=false battery=unplugged level=0.9
RENDER t=20 fps=29.8 gpu=32.99 2.50× 983x2130 30 fps calm nominal
RENDER t=21 fps=29.5 gpu=33.18 2.50× 983x2130 30 fps calm nominal
RENDER t=22 fps=30.7 gpu=33.08 2.50× 983x2130 30 fps calm nominal
RENDER t=23 fps=29.8 gpu=32.98 2.50× 983x2130 30 fps calm nominal
RENDER t=24 fps=30.0 gpu=32.99 2.50× 983x2130 30 fps calm nominal
RENDER t=25 fps=30.0 gpu=33.29 2.50× 983x2130 30 fps calm nominal
RENDER t=26 fps=30.0 gpu=33.11 2.50× 983x2130 30 fps calm nominal
RENDER t=27 fps=30.0 gpu=33.73 2.50× 983x2130 30 fps calm nominal
RENDER t=28 fps=30.0 gpu=33.48 2.50× 983x2130 30 fps calm nominal
RENDER t=29 fps=30.0 gpu=33.42 2.50× 983x2130 30 fps calm nominal
CONDITIONS lowPowerMode=false battery=unplugged level=0.9
RENDER t=30 fps=30.0 gpu=32.90 2.50× 983x2130 30 fps calm nominal
RENDER t=31 fps=30.0 gpu=33.35 2.50× 983x2130 30 fps calm nominal
RENDER t=32 fps=30.0 gpu=33.48 2.50× 983x2130 30 fps calm nominal
RENDER t=33 fps=30.0 gpu=33.54 2.50× 983x2130 30 fps calm nominal
RENDER t=34 fps=30.0 gpu=33.32 2.50× 983x2130 30 fps calm nominal
RENDER t=35 fps=30.0 gpu=32.85 2.50× 983x2130 30 fps calm nominal
RENDER t=36 fps=30.0 gpu=32.30 2.50× 983x2130 30 fps calm nominal
RENDER t=37 fps=30.0 gpu=32.82 2.50× 983x2130 30 fps calm nominal
RENDER t=38 fps=30.0 gpu=32.94 2.50× 983x2130 30 fps calm nominal
RENDER t=39 fps=30.0 gpu=34.32 2.50× 983x2130 30 fps calm nominal
CONDITIONS lowPowerMode=false battery=unplugged level=0.9
RENDER t=40 fps=30.0 gpu=32.82 2.50× 983x2130 30 fps calm nominal
RENDER t=41 fps=30.0 gpu=33.65 2.50× 983x2130 30 fps calm nominal
RENDER t=42 fps=30.0 gpu=33.34 2.50× 983x2130 30 fps calm nominal
RENDER t=43 fps=30.0 gpu=33.19 2.50× 983x2130 30 fps calm nominal
RENDER t=44 fps=30.0 gpu=33.70 2.50× 983x2130 30 fps calm nominal
RENDER t=45 fps=30.0 gpu=32.37 2.50× 983x2130 30 fps calm nominal
RENDER t=46 fps=30.0 gpu=32.84 2.50× 983x2130 30 fps calm nominal
RENDER t=47 fps=30.0 gpu=33.02 2.50× 983x2130 30 fps calm nominal
RENDER t=48 fps=30.0 gpu=33.34 2.50× 983x2130 30 fps calm nominal
RENDER t=49 fps=30.0 gpu=33.13 2.50× 983x2130 30 fps calm nominal
CONDITIONS lowPowerMode=false battery=unplugged level=0.9
RENDER t=50 fps=30.0 gpu=33.68 2.50× 983x2130 30 fps calm nominal
RENDER t=51 fps=30.0 gpu=32.61 2.50× 983x2130 30 fps calm nominal
RENDER t=52 fps=30.0 gpu=33.62 2.50× 983x2130 30 fps calm nominal
RENDER t=53 fps=30.0 gpu=33.55 2.50× 983x2130 30 fps calm nominal
RENDER t=54 fps=30.0 gpu=33.66 2.50× 983x2130 30 fps calm nominal
RENDER t=55 fps=30.0 gpu=33.04 2.50× 983x2130 30 fps calm nominal
RENDER t=56 fps=30.2 gpu=32.50 2.50× 983x2130 30 fps calm nominal
RENDER t=57 fps=29.8 gpu=33.63 2.50× 983x2130 30 fps calm nominal
RENDER t=58 fps=30.0 gpu=33.28 2.50× 983x2130 30 fps calm nominal
RENDER t=59 fps=30.0 gpu=32.93 2.50× 983x2130 30 fps calm nominal
CONDITIONS lowPowerMode=false battery=unplugged level=0.9
RENDER t=60 fps=30.0 gpu=33.68 2.50× 983x2130 30 fps calm nominal
RENDER t=61 fps=30.0 gpu=33.44 2.50× 983x2130 30 fps calm nominal
RENDER t=62 fps=30.0 gpu=33.20 2.50× 983x2130 30 fps calm nominal
RENDER t=63 fps=30.0 gpu=32.85 2.50× 983x2130 30 fps calm nominal
RENDER t=64 fps=30.0 gpu=32.75 2.50× 983x2130 30 fps calm nominal
RENDER t=65 fps=30.0 gpu=32.41 2.50× 983x2130 30 fps calm nominal
RENDER t=66 fps=30.0 gpu=32.98 2.50× 983x2130 30 fps calm nominal
RENDER t=67 fps=30.0 gpu=33.34 2.50× 983x2130 30 fps calm nominal
RENDER t=68 fps=30.0 gpu=33.28 2.50× 983x2130 30 fps calm nominal
RENDER t=69 fps=30.0 gpu=33.22 2.50× 983x2130 30 fps calm nominal
CONDITIONS lowPowerMode=false battery=unplugged level=0.9
RENDER t=70 fps=30.2 gpu=32.79 2.50× 983x2130 30 fps calm nominal
RENDER t=71 fps=29.8 gpu=33.13 2.50× 983x2130 30 fps calm nominal
RENDER t=72 fps=30.0 gpu=33.46 2.50× 983x2130 30 fps calm nominal
RENDER t=73 fps=30.2 gpu=33.30 2.50× 983x2130 30 fps calm nominal
RENDER t=74 fps=29.9 gpu=33.22 2.50× 983x2130 30 fps calm nominal
RENDER t=75 fps=29.8 gpu=33.99 2.50× 983x2130 30 fps calm nominal
RENDER t=76 fps=30.0 gpu=32.79 2.50× 983x2130 30 fps calm nominal
RENDER t=77 fps=30.0 gpu=32.37 2.50× 983x2130 30 fps calm nominal
RENDER t=78 fps=30.0 gpu=33.10 2.50× 983x2130 30 fps calm nominal
RENDER t=79 fps=30.0 gpu=33.06 2.50× 983x2130 30 fps calm nominal
CONDITIONS lowPowerMode=false battery=unplugged level=0.9
RENDER t=80 fps=30.0 gpu=33.32 2.50× 983x2130 30 fps calm nominal
RENDER t=81 fps=30.0 gpu=33.31 2.50× 983x2130 30 fps calm nominal
RENDER t=82 fps=30.0 gpu=33.19 2.50× 983x2130 30 fps calm nominal
RENDER t=83 fps=30.0 gpu=34.58 2.50× 983x2130 30 fps calm nominal
RENDER t=84 fps=30.0 gpu=33.66 2.50× 983x2130 30 fps calm nominal
RENDER t=85 fps=30.0 gpu=33.72 2.50× 983x2130 30 fps calm nominal
RENDER t=86 fps=30.0 gpu=33.00 2.50× 983x2130 30 fps calm nominal
RENDER t=87 fps=30.0 gpu=32.53 2.50× 983x2130 30 fps calm nominal
RENDER t=88 fps=30.0 gpu=33.24 2.50× 983x2130 30 fps calm nominal
RENDER t=89 fps=30.0 gpu=33.58 2.50× 983x2130 30 fps calm nominal
CONDITIONS lowPowerMode=false battery=unplugged level=0.9
RENDER t=90 fps=30.1 gpu=33.23 2.50× 983x2130 30 fps calm nominal
RENDER t=91 fps=29.8 gpu=33.04 2.50× 983x2130 30 fps calm nominal
RENDER t=92 fps=30.0 gpu=33.40 2.50× 983x2130 30 fps calm nominal
RENDER t=93 fps=30.0 gpu=32.83 2.50× 983x2130 30 fps calm nominal
RENDER t=94 fps=30.0 gpu=32.91 2.50× 983x2130 30 fps calm nominal
RENDER t=95 fps=30.0 gpu=32.89 2.50× 983x2130 30 fps calm nominal
RENDER t=96 fps=30.0 gpu=32.86 2.50× 983x2130 30 fps calm nominal
RENDER t=97 fps=30.0 gpu=33.15 2.50× 983x2130 30 fps calm nominal
RENDER t=98 fps=30.0 gpu=33.69 2.50× 983x2130 30 fps calm nominal
RENDER t=99 fps=30.0 gpu=33.67 2.50× 983x2130 30 fps calm nominal
CONDITIONS lowPowerMode=false battery=unplugged level=0.9
RENDER t=100 fps=30.0 gpu=33.44 2.50× 983x2130 30 fps calm nominal
RENDER t=101 fps=30.0 gpu=30.48 2.50× 983x2130 30 fps calm nominal
RENDER t=102 fps=30.0 gpu=33.44 2.50× 983x2130 30 fps calm nominal
RENDER t=103 fps=30.0 gpu=33.26 2.50× 983x2130 30 fps calm nominal
RENDER t=104 fps=30.0 gpu=33.24 2.50× 983x2130 30 fps calm nominal
RENDER t=105 fps=30.0 gpu=33.38 2.50× 983x2130 30 fps calm nominal
RENDER t=106 fps=30.0 gpu=32.97 2.50× 983x2130 30 fps calm nominal
RENDER t=107 fps=30.0 gpu=33.04 2.50× 983x2130 30 fps calm nominal
RENDER t=108 fps=30.0 gpu=33.51 2.50× 983x2130 30 fps calm nominal
RENDER t=109 fps=30.0 gpu=33.19 2.50× 983x2130 30 fps calm nominal
CONDITIONS lowPowerMode=false battery=unplugged level=0.9
RENDER t=110 fps=30.0 gpu=33.59 2.50× 983x2130 30 fps calm nominal
RENDER t=111 fps=30.0 gpu=33.49 2.50× 983x2130 30 fps calm nominal
RENDER t=112 fps=30.0 gpu=33.86 2.50× 983x2130 30 fps calm nominal
RENDER t=113 fps=30.0 gpu=33.21 2.50× 983x2130 30 fps calm nominal
RENDER t=114 fps=30.0 gpu=33.05 2.50× 983x2130 30 fps calm nominal
RENDER t=115 fps=30.0 gpu=33.24 2.50× 983x2130 30 fps calm nominal
RENDER t=116 fps=30.0 gpu=33.33 2.50× 983x2130 30 fps calm nominal
RENDER t=117 fps=30.0 gpu=32.89 2.50× 983x2130 30 fps calm nominal
RENDER t=118 fps=30.0 gpu=32.37 2.50× 983x2130 30 fps calm nominal
RENDER t=119 fps=30.0 gpu=32.96 2.50× 983x2130 30 fps calm nominal
CONDITIONS lowPowerMode=false battery=unplugged level=0.9
RENDER t=120 fps=30.0 gpu=33.05 2.50× 983x2130 30 fps calm nominal
RENDER t=121 fps=30.2 gpu=35.36 2.50× 983x2130 30 fps calm nominal
RENDER t=122 fps=29.8 gpu=32.40 2.50× 983x2130 30 fps calm nominal
RENDER t=123 fps=30.0 gpu=33.29 2.50× 983x2130 30 fps calm nominal
RENDER t=124 fps=30.1 gpu=33.64 2.50× 983x2130 30 fps calm nominal
RENDER t=125 fps=29.8 gpu=32.96 2.50× 983x2130 30 fps calm nominal
RENDER t=126 fps=30.0 gpu=34.17 2.50× 983x2130 30 fps calm nominal
RENDER t=127 fps=30.0 gpu=33.61 2.50× 983x2130 30 fps calm nominal
RENDER t=128 fps=30.0 gpu=33.61 2.50× 983x2130 30 fps calm nominal
RENDER t=129 fps=30.0 gpu=33.50 2.50× 983x2130 30 fps calm nominal
CONDITIONS lowPowerMode=false battery=unplugged level=0.9
RENDER t=130 fps=30.0 gpu=33.23 2.50× 983x2130 30 fps calm nominal
RENDER t=131 fps=30.0 gpu=32.71 2.50× 983x2130 30 fps calm nominal
RENDER t=132 fps=30.0 gpu=33.97 2.50× 983x2130 30 fps calm nominal
RENDER t=133 fps=30.0 gpu=33.31 2.50× 983x2130 30 fps calm nominal
RENDER t=134 fps=30.0 gpu=33.23 2.50× 983x2130 30 fps calm nominal
RENDER t=135 fps=30.0 gpu=33.49 2.50× 983x2130 30 fps calm nominal
RENDER t=136 fps=30.0 gpu=33.52 2.50× 983x2130 30 fps calm nominal
RENDER t=137 fps=30.0 gpu=33.26 2.50× 983x2130 30 fps calm nominal
RENDER t=138 fps=30.0 gpu=33.70 2.50× 983x2130 30 fps calm nominal
21:32:17  Acquired tunnel connection to device.
21:32:17  Enabling developer disk image services.
21:32:17  Acquired usage assertion.
Launched application with com.lincolnlabs.worldlab bundle identifier.
Waiting for the application to terminate...
App terminated due to signal 15.
