Failed to load provisioning paramter list due to error: Error Domain=com.apple.dt.CoreDeviceError Code=1002 "No provider was found." UserInfo={NSLocalizedDescription=No provider was found.}.
`devicectl manage create` may support a reduced set of arguments.
CONDITIONS lowPowerMode=false battery=unplugged level=0.95
2026-10-05 21:23:27.601 WorldLab[79793:5088980] PSO compilation completed for compute pipeline mipGenPolyphaseFast_Wodd_Hodd in 1
2026-10-05 21:23:27.601 WorldLab[79793:5088980] PSO compilation completed for compute pipeline mipGenPolyphaseFast_Weven_Hodd in 0
2026-10-05 21:23:27.601 WorldLab[79793:5088980] PSO compilation completed for compute pipeline mipGenPolyphaseFast_Wodd_Heven in 0
2026-10-05 21:23:27.601 WorldLab[79793:5088980] PSO compilation completed for compute pipeline mipGenPolyphaseFast_Weven_Heven in 0
STATS profile=front-range season=2 light=golden→noon 0.00, sun 6.0° az 253.3° chunks=48 static=258771 props=20046 trees=0 instances=6076 draws=108 meshBytes=33418916 build=0.50s generated=["curbMeters": 8773, "deciduous": 4849, "conifers": 551, "generatedLamps": 102, "mappedLamps": 55, "generatedSidewalkMeters": 1641]
GPUSTAT set preferredFrameRate=60 -> automatic=true preferred=60.0
GPUSTAT automaticFrameRate=true preferredFrameRate=60.0
GPUSTAT task gpu 0
GPUSTAT frameTime() 0.0
GPUSTAT frame: Frame Times (ms) | FPS : 0.00    Main Thread : 0.00 | Main Thread Breakdown (ms) | Rendering : 0.00    Physics : 0.00 | Network : 0.00    Animation : 0.00 | Assets : 0.00    Audio : 0.00 | Update Callback : 0.00    Others : 0.00 | 
GPUSTAT render: Frame Render GPU Times (ms) | FPS : 0.00    GPU : nan | Vtx : 0.00    Frg : 0.00 | RenderGraph compute : 0.00 | Deformer compute : 0.00 | Frame Render CPU Times (ms) | MainThread Render : 0.00 | EncodeDrawCalls : 0.00    ECS Render : 0.00 | Drawables Wait : 0.00    GPU Wait : 0.00 | 
GPUSTAT mtl: 
GPUSTAT thermal: App Thermal Info | Thermal State : Nominal | Time Since App Launch : 0.60 sec | Not Thermally Throttled | 
RENDER t=1 fps=6.9 gpu=- 2.50× 0x0 60 fps nominal
POSTFORMAT source=553 982x2130 target=553
GPUSTAT task gpu 0.00 ms/frame over 56 frames (0.0% busy)
GPUSTAT frameTime() -1.0
GPUSTAT frame: 
GPUSTAT render: 
GPUSTAT mtl: 
GPUSTAT thermal: 
RENDER t=2 fps=59.9 gpu=- 2.50× 982x2130 60 fps nominal
GPUSTAT set preferredFrameRate=30 -> automatic=true preferred=30.0
GPUSTAT task gpu 0.00 ms/frame over 60 frames (0.0% busy)
GPUSTAT frameTime() -1.0
GPUSTAT frame: 
GPUSTAT render: 
GPUSTAT mtl: 
GPUSTAT thermal: 
RENDER t=3 fps=60.0 gpu=- 2.50× 982x2130 30 fps calm nominal
GPUSTAT task gpu 0.00 ms/frame over 60 frames (0.0% busy)
GPUSTAT frameTime() -1.0
GPUSTAT frame: 
GPUSTAT render: 
GPUSTAT mtl: 
GPUSTAT thermal: 
RENDER t=4 fps=60.0 gpu=- 2.50× 982x2130 30 fps calm nominal
GPUSTAT task gpu 0.00 ms/frame over 60 frames (0.0% busy)
GPUSTAT frameTime() -1.0
GPUSTAT frame: 
GPUSTAT render: 
GPUSTAT mtl: 
GPUSTAT thermal: 
RENDER t=5 fps=59.9 gpu=- 2.50× 982x2130 30 fps calm nominal
GPUSTAT task gpu 0.00 ms/frame over 60 frames (0.0% busy)
GPUSTAT frameTime() -1.0
GPUSTAT frame: 
GPUSTAT render: 
GPUSTAT mtl: 
GPUSTAT thermal: 
RENDER t=6 fps=60.0 gpu=- 2.50× 982x2130 30 fps calm nominal
GPUSTAT task gpu 0.00 ms/frame over 60 frames (0.0% busy)
GPUSTAT frameTime() -1.0
GPUSTAT frame: 
GPUSTAT render: 
GPUSTAT mtl: 
GPUSTAT thermal: 
RENDER t=7 fps=60.0 gpu=- 2.50× 982x2130 30 fps calm nominal
GPUSTAT task gpu 0.00 ms/frame over 60 frames (0.0% busy)
GPUSTAT frameTime() -1.0
GPUSTAT frame: 
GPUSTAT render: 
GPUSTAT mtl: 
GPUSTAT thermal: 
RENDER t=8 fps=60.0 gpu=- 2.50× 982x2130 30 fps calm nominal
GPUSTAT task gpu 0.00 ms/frame over 60 frames (0.0% busy)
GPUSTAT frameTime() -1.0
GPUSTAT frame: 
GPUSTAT render: 
GPUSTAT mtl: 
GPUSTAT thermal: 
RENDER t=9 fps=60.0 gpu=- 2.50× 982x2130 30 fps calm nominal
GPUSTAT task gpu 0.00 ms/frame over 60 frames (0.0% busy)
GPUSTAT frameTime() -1.0
GPUSTAT frame: 
GPUSTAT render: 
GPUSTAT mtl: 
GPUSTAT thermal: 
CONDITIONS lowPowerMode=false battery=unplugged level=0.95
RENDER t=10 fps=59.9 gpu=- 2.50× 982x2130 30 fps calm nominal
GPUSTAT task gpu 0.00 ms/frame over 61 frames (0.0% busy)
GPUSTAT frameTime() -1.0
GPUSTAT frame: 
GPUSTAT render: 
GPUSTAT mtl: 
GPUSTAT thermal: 
RENDER t=11 fps=60.0 gpu=- 2.50× 982x2130 30 fps calm nominal
GPUSTAT task gpu 0.00 ms/frame over 60 frames (0.0% busy)
GPUSTAT frameTime() -1.0
GPUSTAT frame: 
GPUSTAT render: 
GPUSTAT mtl: 
GPUSTAT thermal: 
RENDER t=12 fps=60.0 gpu=- 2.50× 982x2130 30 fps calm nominal
GPUSTAT task gpu 0.00 ms/frame over 60 frames (0.0% busy)
GPUSTAT frameTime() -1.0
GPUSTAT frame: 
GPUSTAT render: 
GPUSTAT mtl: 
GPUSTAT thermal: 
RENDER t=13 fps=60.0 gpu=- 2.50× 982x2130 30 fps calm nominal
GPUSTAT task gpu 0.00 ms/frame over 60 frames (0.0% busy)
GPUSTAT frameTime() -1.0
GPUSTAT frame: 
GPUSTAT render: 
GPUSTAT mtl: 
GPUSTAT thermal: 
RENDER t=14 fps=60.0 gpu=- 2.50× 982x2130 30 fps calm nominal
GPUSTAT task gpu 0.00 ms/frame over 60 frames (0.0% busy)
GPUSTAT frameTime() -1.0
GPUSTAT frame: 
GPUSTAT render: 
GPUSTAT mtl: 
GPUSTAT thermal: 
RENDER t=15 fps=60.0 gpu=- 2.50× 982x2130 30 fps calm nominal
GPUSTAT task gpu 0.00 ms/frame over 60 frames (0.0% busy)
GPUSTAT frameTime() -1.0
GPUSTAT frame: 
GPUSTAT render: 
GPUSTAT mtl: 
GPUSTAT thermal: 
RENDER t=16 fps=60.0 gpu=- 2.50× 982x2130 30 fps calm nominal
GPUSTAT task gpu 0.00 ms/frame over 60 frames (0.0% busy)
GPUSTAT frameTime() -1.0
GPUSTAT frame: 
GPUSTAT render: 
GPUSTAT mtl: 
GPUSTAT thermal: 
RENDER t=17 fps=59.9 gpu=- 2.50× 982x2130 30 fps calm nominal
GPUSTAT task gpu 0.00 ms/frame over 60 frames (0.0% busy)
GPUSTAT frameTime() -1.0
GPUSTAT frame: 
GPUSTAT render: 
GPUSTAT mtl: 
GPUSTAT thermal: 
RENDER t=18 fps=60.0 gpu=- 2.50× 982x2130 30 fps calm nominal
GPUSTAT task gpu 0.00 ms/frame over 60 frames (0.0% busy)
GPUSTAT frameTime() -1.0
GPUSTAT frame: 
GPUSTAT render: 
GPUSTAT mtl: 
GPUSTAT thermal: 
RENDER t=19 fps=60.0 gpu=- 2.50× 982x2130 30 fps calm nominal
GPUSTAT task gpu 0.00 ms/frame over 60 frames (0.0% busy)
GPUSTAT frameTime() -1.0
GPUSTAT frame: 
GPUSTAT render: 
GPUSTAT mtl: 
GPUSTAT thermal: 
CONDITIONS lowPowerMode=false battery=unplugged level=0.95
RENDER t=20 fps=59.9 gpu=- 2.50× 982x2130 30 fps calm nominal
GPUSTAT task gpu 0.00 ms/frame over 60 frames (0.0% busy)
GPUSTAT frameTime() -1.0
GPUSTAT frame: 
GPUSTAT render: 
GPUSTAT mtl: 
GPUSTAT thermal: 
RENDER t=21 fps=60.0 gpu=- 2.50× 982x2130 30 fps calm nominal
GPUSTAT task gpu 0.00 ms/frame over 60 frames (0.0% busy)
GPUSTAT frameTime() -1.0
GPUSTAT frame: 
GPUSTAT render: 
GPUSTAT mtl: 
GPUSTAT thermal: 
RENDER t=22 fps=60.0 gpu=- 2.50× 982x2130 30 fps calm nominal
GPUSTAT task gpu 0.00 ms/frame over 60 frames (0.0% busy)
GPUSTAT frameTime() -1.0
GPUSTAT frame: 
GPUSTAT render: 
GPUSTAT mtl: 
GPUSTAT thermal: 
RENDER t=23 fps=60.0 gpu=- 2.50× 982x2130 30 fps calm nominal
GPUSTAT task gpu 0.00 ms/frame over 60 frames (0.0% busy)
GPUSTAT frameTime() -1.0
GPUSTAT frame: 
GPUSTAT render: 
GPUSTAT mtl: 
GPUSTAT thermal: 
RENDER t=24 fps=60.0 gpu=- 2.50× 982x2130 30 fps calm nominal
GPUSTAT task gpu 0.00 ms/frame over 60 frames (0.0% busy)
GPUSTAT frameTime() -1.0
GPUSTAT frame: 
GPUSTAT render: 
GPUSTAT mtl: 
GPUSTAT thermal: 
RENDER t=25 fps=60.0 gpu=- 2.50× 982x2130 30 fps calm nominal
GPUSTAT task gpu 0.00 ms/frame over 60 frames (0.0% busy)
GPUSTAT frameTime() -1.0
GPUSTAT frame: 
GPUSTAT render: 
GPUSTAT mtl: 
GPUSTAT thermal: 
RENDER t=26 fps=60.0 gpu=- 2.50× 982x2130 30 fps calm nominal
GPUSTAT task gpu 0.00 ms/frame over 60 frames (0.0% busy)
GPUSTAT frameTime() -1.0
GPUSTAT frame: 
GPUSTAT render: 
GPUSTAT mtl: 
GPUSTAT thermal: 
RENDER t=27 fps=60.0 gpu=- 2.50× 982x2130 30 fps calm nominal
GPUSTAT task gpu 0.00 ms/frame over 60 frames (0.0% busy)
GPUSTAT frameTime() -1.0
GPUSTAT frame: 
GPUSTAT render: 
GPUSTAT mtl: 
GPUSTAT thermal: 
RENDER t=28 fps=59.9 gpu=- 2.50× 982x2130 30 fps calm nominal
GPUSTAT task gpu 0.00 ms/frame over 60 frames (0.0% busy)
GPUSTAT frameTime() -1.0
GPUSTAT frame: 
GPUSTAT render: 
GPUSTAT mtl: 
GPUSTAT thermal: 
21:23:26  Acquired tunnel connection to device.
21:23:26  Enabling developer disk image services.
21:23:26  Acquired usage assertion.
Launched application with com.lincolnlabs.worldlab bundle identifier.
Waiting for the application to terminate...
App terminated due to signal 15.
