Failed to load provisioning paramter list due to error: Error Domain=com.apple.dt.CoreDeviceError Code=1002 "No provider was found." UserInfo={NSLocalizedDescription=No provider was found.}.
`devicectl manage create` may support a reduced set of arguments.
CONDITIONS lowPowerMode=false battery=unplugged level=0.9
2026-10-05 21:29:25.538 WorldLab[79877:5092528] PSO compilation completed for compute pipeline mipGenPolyphaseFast_Wodd_Hodd in 0
2026-10-05 21:29:25.538 WorldLab[79877:5092528] PSO compilation completed for compute pipeline mipGenPolyphaseFast_Weven_Hodd in 0
2026-10-05 21:29:25.538 WorldLab[79877:5092528] PSO compilation completed for compute pipeline mipGenPolyphaseFast_Wodd_Heven in 0
2026-10-05 21:29:25.538 WorldLab[79877:5092528] PSO compilation completed for compute pipeline mipGenPolyphaseFast_Weven_Heven in 0
STATS profile=front-range season=2 light=golden→noon 0.00, sun 6.0° az 253.3° chunks=48 static=258771 props=20046 trees=0 instances=6076 draws=108 meshBytes=33418916 build=0.42s generated=["mappedLamps": 55, "deciduous": 4849, "generatedLamps": 102, "generatedSidewalkMeters": 1641, "curbMeters": 8773, "conifers": 551]
POSTFORMAT source=553 982x2130 target=553
RENDER t=1 fps=21.4 gpu=- 2.50× 0x0 60 fps nominal
RENDER t=2 fps=60.0 gpu=- 2.50× 982x2130 60 fps nominal
RENDER t=3 fps=59.9 gpu=- 2.50× 982x2130 60 fps nominal
RENDER t=4 fps=60.0 gpu=- 2.50× 982x2130 60 fps nominal
RENDER t=5 fps=60.0 gpu=- 2.50× 982x2130 60 fps nominal
RENDER t=6 fps=60.0 gpu=- 2.50× 982x2130 60 fps nominal
RENDER t=7 fps=60.0 gpu=- 2.50× 982x2130 60 fps nominal
RENDER t=8 fps=60.0 gpu=- 2.50× 982x2130 60 fps nominal
RENDER t=9 fps=59.9 gpu=- 2.50× 982x2130 60 fps nominal
CONDITIONS lowPowerMode=false battery=unplugged level=0.9
RENDER t=10 fps=51.5 gpu=- 2.50× 982x2130 paused nominal
RENDER t=11 fps=0.0 gpu=- 2.50× 982x2130 paused nominal
RENDER t=12 fps=0.0 gpu=- 2.50× 982x2130 paused nominal
RENDER t=13 fps=0.0 gpu=- 2.50× 982x2130 paused nominal
RENDER t=14 fps=0.0 gpu=- 2.50× 982x2130 paused nominal
RENDER t=15 fps=0.0 gpu=- 2.50× 982x2130 paused nominal
RENDER t=16 fps=0.0 gpu=- 2.50× 982x2130 paused nominal
RENDER t=17 fps=0.0 gpu=- 2.50× 982x2130 paused nominal
RENDER t=18 fps=0.0 gpu=- 2.50× 982x2130 paused nominal
RENDER t=19 fps=0.0 gpu=- 2.50× 982x2130 paused nominal
CONDITIONS lowPowerMode=false battery=unplugged level=0.9
RENDER t=20 fps=7.9 gpu=- 2.50× 0x0 60 fps nominal
RENDER t=21 fps=60.0 gpu=- 2.50× 982x2130 60 fps nominal
RENDER t=22 fps=60.0 gpu=- 2.50× 982x2130 60 fps nominal
RENDER t=23 fps=59.9 gpu=- 2.50× 982x2130 60 fps nominal
RENDER t=24 fps=60.0 gpu=- 2.50× 982x2130 60 fps nominal
RENDER t=25 fps=59.9 gpu=- 2.50× 982x2130 60 fps nominal
RENDER t=26 fps=60.0 gpu=- 2.50× 982x2130 60 fps nominal
RENDER t=27 fps=60.0 gpu=- 2.50× 982x2130 60 fps nominal
RENDER t=28 fps=60.0 gpu=- 2.50× 982x2130 60 fps nominal
RENDER t=29 fps=59.9 gpu=- 2.50× 982x2130 60 fps nominal
CONDITIONS lowPowerMode=false battery=unplugged level=0.9
RENDER t=30 fps=59.9 gpu=- 2.50× 982x2130 60 fps nominal
21:29:24  Acquired tunnel connection to device.
21:29:24  Enabling developer disk image services.
21:29:25  Acquired usage assertion.
Launched application with com.lincolnlabs.worldlab bundle identifier.
Waiting for the application to terminate...
App terminated due to signal 15.
