Failed to load provisioning paramter list due to error: Error Domain=com.apple.dt.CoreDeviceError Code=1002 "No provider was found." UserInfo={NSLocalizedDescription=No provider was found.}.
`devicectl manage create` may support a reduced set of arguments.
CONDITIONS lowPowerMode=false battery=unplugged level=0.9
2026-10-05 21:28:03.411 WorldLab[79858:5091809] PSO compilation completed for compute pipeline mipGenPolyphaseFast_Wodd_Hodd in 0
2026-10-05 21:28:03.411 WorldLab[79858:5091809] PSO compilation completed for compute pipeline mipGenPolyphaseFast_Weven_Hodd in 0
2026-10-05 21:28:03.411 WorldLab[79858:5091809] PSO compilation completed for compute pipeline mipGenPolyphaseFast_Wodd_Heven in 0
2026-10-05 21:28:03.411 WorldLab[79858:5091809] PSO compilation completed for compute pipeline mipGenPolyphaseFast_Weven_Heven in 0
STATS profile=front-range season=2 light=golden→noon 0.00, sun 6.0° az 253.3° chunks=48 static=258771 props=20046 trees=0 instances=6076 draws=108 meshBytes=33418916 build=0.42s generated=["curbMeters": 8773, "conifers": 551, "generatedSidewalkMeters": 1641, "mappedLamps": 55, "generatedLamps": 102, "deciduous": 4849]
POSTFORMAT source=553 786x1704 target=553
RENDER t=1 fps=20.5 gpu=- 2.00× 0x0 60 fps nominal
RENDER t=2 fps=59.9 gpu=- 2.00× 786x1704 60 fps nominal
RENDER t=3 fps=60.0 gpu=- 2.00× 786x1704 60 fps nominal
RENDER t=4 fps=60.0 gpu=- 2.00× 786x1704 60 fps nominal
RENDER t=5 fps=59.9 gpu=- 2.00× 786x1704 60 fps nominal
RENDER t=6 fps=60.0 gpu=- 2.00× 786x1704 60 fps nominal
RENDER t=7 fps=60.0 gpu=- 2.00× 786x1704 60 fps nominal
RENDER t=8 fps=59.9 gpu=- 2.00× 786x1704 60 fps nominal
RENDER t=9 fps=60.0 gpu=- 2.00× 786x1704 60 fps nominal
CONDITIONS lowPowerMode=false battery=unplugged level=0.9
RENDER t=10 fps=59.9 gpu=- 2.00× 786x1704 60 fps nominal
RENDER t=11 fps=60.0 gpu=- 2.00× 786x1704 60 fps nominal
RENDER t=12 fps=60.0 gpu=- 2.00× 786x1704 60 fps nominal
RENDER t=13 fps=59.9 gpu=- 2.00× 786x1704 60 fps nominal
RENDER t=14 fps=60.0 gpu=- 2.00× 786x1704 60 fps nominal
RENDER t=15 fps=60.0 gpu=- 2.00× 786x1704 60 fps nominal
RENDER t=16 fps=60.0 gpu=- 2.00× 786x1704 60 fps nominal
RENDER t=17 fps=59.9 gpu=- 2.00× 786x1704 60 fps nominal
RENDER t=18 fps=60.0 gpu=- 2.00× 786x1704 60 fps nominal
RENDER t=19 fps=60.0 gpu=- 2.00× 786x1704 60 fps nominal
CONDITIONS lowPowerMode=false battery=unplugged level=0.9
RENDER t=20 fps=60.0 gpu=- 2.00× 786x1704 60 fps nominal
RENDER t=21 fps=60.0 gpu=- 2.00× 786x1704 60 fps nominal
RENDER t=22 fps=59.9 gpu=- 2.00× 786x1704 60 fps nominal
RENDER t=23 fps=60.0 gpu=- 2.00× 786x1704 60 fps nominal
RENDER t=24 fps=60.0 gpu=- 2.00× 786x1704 60 fps nominal
RENDER t=25 fps=60.0 gpu=- 2.00× 786x1704 60 fps nominal
RENDER t=26 fps=60.0 gpu=- 2.00× 786x1704 60 fps nominal
RENDER t=27 fps=59.9 gpu=- 2.00× 786x1704 60 fps nominal
RENDER t=28 fps=60.0 gpu=- 2.00× 786x1704 60 fps nominal
RENDER t=30 fps=60.0 gpu=- 2.00× 786x1704 60 fps nominal
CONDITIONS lowPowerMode=false battery=unplugged level=0.9
RENDER t=31 fps=60.0 gpu=- 2.00× 786x1704 60 fps nominal
RENDER t=32 fps=59.9 gpu=- 2.00× 786x1704 60 fps nominal
RENDER t=33 fps=60.0 gpu=- 2.00× 786x1704 60 fps nominal
RENDER t=34 fps=60.0 gpu=- 2.00× 786x1704 60 fps nominal
RENDER t=35 fps=59.9 gpu=- 2.00× 786x1704 60 fps nominal
RENDER t=36 fps=60.0 gpu=- 2.00× 786x1704 60 fps nominal
RENDER t=37 fps=60.0 gpu=- 2.00× 786x1704 60 fps nominal
RENDER t=38 fps=59.9 gpu=- 2.00× 786x1704 60 fps nominal
RENDER t=39 fps=60.0 gpu=- 2.00× 786x1704 60 fps nominal
RENDER t=40 fps=60.0 gpu=- 2.00× 786x1704 60 fps nominal
CONDITIONS lowPowerMode=false battery=unplugged level=0.9
RENDER t=41 fps=60.0 gpu=- 2.00× 786x1704 60 fps nominal
RENDER t=42 fps=60.0 gpu=- 2.00× 786x1704 60 fps nominal
RENDER t=43 fps=60.0 gpu=- 2.00× 786x1704 60 fps nominal
RENDER t=44 fps=60.0 gpu=- 2.00× 786x1704 60 fps nominal
RENDER t=45 fps=60.0 gpu=- 2.00× 786x1704 60 fps nominal
RENDER t=46 fps=59.9 gpu=- 2.00× 786x1704 60 fps nominal
RENDER t=47 fps=59.9 gpu=- 2.00× 786x1704 60 fps nominal
RENDER t=48 fps=60.0 gpu=- 2.00× 786x1704 60 fps nominal
RENDER t=49 fps=60.0 gpu=- 2.00× 786x1704 60 fps nominal
RENDER t=50 fps=60.0 gpu=- 2.00× 786x1704 60 fps nominal
CONDITIONS lowPowerMode=false battery=unplugged level=0.9
RENDER t=51 fps=60.0 gpu=- 2.00× 786x1704 60 fps nominal
RENDER t=52 fps=60.0 gpu=- 2.00× 786x1704 60 fps nominal
RENDER t=53 fps=60.0 gpu=- 2.00× 786x1704 60 fps nominal
RENDER t=54 fps=60.0 gpu=- 2.00× 786x1704 60 fps nominal
RENDER t=55 fps=59.9 gpu=- 2.00× 786x1704 60 fps nominal
RENDER t=56 fps=60.0 gpu=- 2.00× 786x1704 60 fps nominal
RENDER t=57 fps=60.0 gpu=- 2.00× 786x1704 60 fps nominal
RENDER t=58 fps=60.0 gpu=- 2.00× 786x1704 60 fps nominal
RENDER t=59 fps=60.0 gpu=- 2.00× 786x1704 60 fps nominal
CONDITIONS lowPowerMode=false battery=unplugged level=0.9
RENDER t=60 fps=59.9 gpu=- 2.00× 786x1704 60 fps nominal
RENDER t=61 fps=59.9 gpu=- 2.00× 786x1704 60 fps nominal
RENDER t=62 fps=60.0 gpu=- 2.00× 786x1704 60 fps nominal
RENDER t=63 fps=60.0 gpu=- 2.00× 786x1704 60 fps nominal
RENDER t=64 fps=60.0 gpu=- 2.00× 786x1704 60 fps nominal
RENDER t=65 fps=60.0 gpu=- 2.00× 786x1704 60 fps nominal
RENDER t=66 fps=60.0 gpu=- 2.00× 786x1704 60 fps nominal
RENDER t=67 fps=60.0 gpu=- 2.00× 786x1704 60 fps nominal
RENDER t=68 fps=60.0 gpu=- 2.00× 786x1704 60 fps nominal
RENDER t=69 fps=60.0 gpu=- 2.00× 786x1704 60 fps nominal
CONDITIONS lowPowerMode=false battery=unplugged level=0.9
RENDER t=70 fps=60.0 gpu=- 2.00× 786x1704 60 fps nominal
RENDER t=71 fps=60.0 gpu=- 2.00× 786x1704 60 fps nominal
RENDER t=72 fps=59.9 gpu=- 2.00× 786x1704 60 fps nominal
RENDER t=73 fps=60.0 gpu=- 2.00× 786x1704 60 fps nominal
RENDER t=74 fps=60.0 gpu=- 2.00× 786x1704 60 fps nominal
RENDER t=75 fps=59.9 gpu=- 2.00× 786x1704 60 fps nominal
RENDER t=76 fps=60.0 gpu=- 2.00× 786x1704 60 fps nominal
RENDER t=77 fps=60.0 gpu=- 2.00× 786x1704 60 fps nominal
RENDER t=78 fps=60.0 gpu=- 2.00× 786x1704 60 fps nominal
RENDER t=79 fps=59.9 gpu=- 2.00× 786x1704 60 fps nominal
CONDITIONS lowPowerMode=false battery=unplugged level=0.9
RENDER t=80 fps=59.9 gpu=- 2.00× 786x1704 60 fps nominal
RENDER t=81 fps=60.0 gpu=- 2.00× 786x1704 60 fps nominal
21:28:02  Enabling developer disk image services.
21:28:02  Acquired usage assertion.
Launched application with com.lincolnlabs.worldlab bundle identifier.
Waiting for the application to terminate...
App terminated due to signal 15.
