Failed to load provisioning paramter list due to error: Error Domain=com.apple.dt.CoreDeviceError Code=1002 "No provider was found." UserInfo={NSLocalizedDescription=No provider was found.}.
`devicectl manage create` may support a reduced set of arguments.
CONDITIONS lowPowerMode=false battery=charging level=0.8
2026-10-06 01:59:29.554 WorldLab[83658:5267447] PSO compilation completed for compute pipeline mipGenPolyphaseFast_Wodd_Hodd in 3
2026-10-06 01:59:29.554 WorldLab[83658:5267447] PSO compilation completed for compute pipeline mipGenPolyphaseFast_Weven_Hodd in 0
2026-10-06 01:59:29.554 WorldLab[83658:5267447] PSO compilation completed for compute pipeline mipGenPolyphaseFast_Wodd_Heven in 0
2026-10-06 01:59:29.554 WorldLab[83658:5267447] PSO compilation completed for compute pipeline mipGenPolyphaseFast_Weven_Heven in 0
RENDER t=1 fps=0.0 gpu=- 0.00× 0x0 60 fps nominal
STATS profile=front-range season=2 light=noon→golden 1.00, sun 6.0° az 253.3° chunks=48 static=374575 props=27390 trees=0 instances=6385 draws=139 meshBytes=48544540 build=0.96s postcards=8 generated=["generatedSidewalkMeters": 5490, "mappedLamps": 55, "conifers": 551, "generatedLamps": 174, "curbMeters": 14674, "deciduous": 4849]
POSTFORMAT source=553 982x2130 target=553
RENDER t=2 fps=28.8 gpu=- 2.50× 0x0 60 fps nominal
RENDER t=3 fps=60.0 gpu=- 2.50× 982x2130 60 fps nominal
RENDER t=4 fps=59.9 gpu=- 2.50× 982x2130 60 fps nominal
RENDER t=5 fps=60.0 gpu=- 2.50× 982x2130 60 fps nominal
RENDER t=6 fps=60.0 gpu=- 2.50× 982x2130 60 fps nominal
RENDER t=7 fps=59.9 gpu=- 2.50× 982x2130 60 fps nominal
RENDER t=8 fps=60.0 gpu=- 2.50× 982x2130 60 fps nominal
RENDER t=9 fps=60.0 gpu=- 2.50× 982x2130 60 fps nominal
CONDITIONS lowPowerMode=false battery=charging level=0.8
RENDER t=10 fps=60.0 gpu=- 2.50× 982x2130 60 fps nominal
RENDER t=11 fps=60.0 gpu=- 2.50× 982x2130 60 fps nominal
RENDER t=12 fps=59.9 gpu=- 2.50× 982x2130 60 fps nominal
RENDER t=13 fps=59.9 gpu=- 2.50× 982x2130 60 fps nominal
RENDER t=14 fps=59.9 gpu=- 2.50× 982x2130 60 fps nominal
RENDER t=15 fps=60.0 gpu=- 2.50× 982x2130 60 fps nominal
ATTR all1 2026-10-06T07:59:44.312Z
RENDER t=16 fps=60.0 gpu=- 2.50× 982x2130 60 fps nominal
RENDER t=17 fps=60.0 gpu=- 2.50× 982x2130 60 fps nominal
RENDER t=18 fps=60.0 gpu=- 2.50× 982x2130 60 fps nominal
RENDER t=19 fps=59.9 gpu=- 2.50× 982x2130 60 fps nominal
CONDITIONS lowPowerMode=false battery=charging level=0.8
RENDER t=20 fps=60.0 gpu=- 2.50× 982x2130 60 fps nominal
RENDER t=21 fps=59.9 gpu=- 2.50× 982x2130 60 fps nominal
RENDER t=22 fps=59.0 gpu=- 2.50× 982x2130 60 fps nominal
RENDER t=23 fps=59.0 gpu=- 2.50× 982x2130 60 fps nominal
RENDER t=24 fps=59.9 gpu=- 2.50× 982x2130 60 fps nominal
RENDER t=25 fps=60.0 gpu=- 2.50× 982x2130 60 fps nominal
RENDER t=26 fps=59.9 gpu=- 2.50× 982x2130 60 fps nominal
RENDER t=27 fps=59.0 gpu=- 2.50× 982x2130 60 fps nominal
RENDER t=28 fps=60.0 gpu=- 2.50× 982x2130 60 fps nominal
RENDER t=29 fps=60.0 gpu=- 2.50× 982x2130 60 fps nominal
CONDITIONS lowPowerMode=false battery=charging level=0.8
RENDER t=30 fps=60.0 gpu=- 2.50× 982x2130 60 fps nominal
RENDER t=32 fps=59.9 gpu=- 2.50× 982x2130 60 fps nominal
RENDER t=33 fps=60.0 gpu=- 2.50× 982x2130 60 fps nominal
RENDER t=34 fps=58.0 gpu=- 2.50× 982x2130 60 fps nominal
RENDER t=35 fps=59.9 gpu=- 2.50× 982x2130 60 fps nominal
RENDER t=36 fps=59.9 gpu=- 2.50× 982x2130 60 fps nominal
RENDER t=37 fps=59.9 gpu=- 2.50× 982x2130 60 fps nominal
RENDER t=38 fps=60.0 gpu=- 2.50× 982x2130 60 fps nominal
RENDER t=39 fps=59.9 gpu=- 2.50× 982x2130 60 fps nominal
RENDER t=40 fps=60.0 gpu=- 2.50× 982x2130 60 fps nominal
CONDITIONS lowPowerMode=false battery=charging level=0.8
RENDER t=41 fps=59.9 gpu=- 2.50× 982x2130 60 fps nominal
RENDER t=42 fps=60.0 gpu=- 2.50× 982x2130 60 fps nominal
RENDER t=43 fps=60.0 gpu=- 2.50× 982x2130 60 fps nominal
RENDER t=44 fps=60.0 gpu=- 2.50× 982x2130 60 fps nominal
RENDER t=45 fps=59.9 gpu=- 2.50× 982x2130 60 fps nominal
RENDER t=46 fps=59.9 gpu=- 2.50× 982x2130 60 fps nominal
RENDER t=47 fps=60.0 gpu=- 2.50× 982x2130 60 fps nominal
RENDER t=48 fps=59.9 gpu=- 2.50× 982x2130 60 fps nominal
RENDER t=49 fps=60.0 gpu=- 2.50× 982x2130 60 fps nominal
RENDER t=50 fps=60.0 gpu=- 2.50× 982x2130 60 fps nominal
CONDITIONS lowPowerMode=false battery=charging level=0.8
RENDER t=51 fps=59.9 gpu=- 2.50× 982x2130 60 fps nominal
RENDER t=52 fps=59.9 gpu=- 2.50× 982x2130 60 fps nominal
RENDER t=53 fps=60.0 gpu=- 2.50× 982x2130 60 fps nominal
RENDER t=54 fps=60.0 gpu=- 2.50× 982x2130 60 fps nominal
RENDER t=55 fps=59.9 gpu=- 2.50× 982x2130 60 fps nominal
RENDER t=56 fps=60.0 gpu=- 2.50× 982x2130 60 fps nominal
RENDER t=57 fps=59.9 gpu=- 2.50× 982x2130 60 fps nominal
RENDER t=58 fps=60.0 gpu=- 2.50× 982x2130 60 fps nominal
RENDER t=59 fps=60.0 gpu=- 2.50× 982x2130 60 fps nominal
RENDER t=60 fps=59.9 gpu=- 2.50× 982x2130 60 fps nominal
CONDITIONS lowPowerMode=false battery=charging level=0.8
RENDER t=61 fps=60.0 gpu=- 2.50× 982x2130 60 fps nominal
RENDER t=62 fps=59.9 gpu=- 2.50× 982x2130 60 fps nominal
RENDER t=63 fps=60.0 gpu=- 2.50× 982x2130 60 fps nominal
RENDER t=64 fps=59.9 gpu=- 2.50× 982x2130 60 fps nominal
RENDER t=65 fps=59.9 gpu=- 2.50× 982x2130 60 fps nominal
RENDER t=66 fps=60.0 gpu=- 2.50× 982x2130 60 fps nominal
RENDER t=67 fps=59.9 gpu=- 2.50× 982x2130 60 fps nominal
RENDER t=68 fps=60.0 gpu=- 2.50× 982x2130 60 fps nominal
RENDER t=69 fps=60.0 gpu=- 2.50× 982x2130 60 fps nominal
CONDITIONS lowPowerMode=false battery=charging level=0.8
RENDER t=70 fps=59.9 gpu=- 2.50× 982x2130 60 fps nominal
RENDER t=71 fps=60.0 gpu=- 2.50× 982x2130 60 fps nominal
RENDER t=72 fps=60.0 gpu=- 2.50× 982x2130 60 fps nominal
RENDER t=73 fps=59.9 gpu=- 2.50× 982x2130 60 fps nominal
RENDER t=74 fps=60.0 gpu=- 2.50× 982x2130 60 fps nominal
RENDER t=75 fps=60.0 gpu=- 2.50× 982x2130 60 fps nominal
ATTR noShadows 2026-10-06T08:00:44.326Z
RENDER t=76 fps=59.9 gpu=- 2.50× 982x2130 60 fps nominal
RENDER t=77 fps=59.9 gpu=- 2.50× 982x2130 60 fps nominal
RENDER t=78 fps=60.0 gpu=- 2.50× 982x2130 60 fps nominal
RENDER t=79 fps=59.9 gpu=- 2.50× 982x2130 60 fps nominal
CONDITIONS lowPowerMode=false battery=charging level=0.8
RENDER t=80 fps=60.0 gpu=- 2.50× 982x2130 60 fps nominal
RENDER t=81 fps=59.9 gpu=- 2.50× 982x2130 60 fps nominal
RENDER t=82 fps=60.0 gpu=- 2.50× 982x2130 60 fps nominal
RENDER t=83 fps=59.9 gpu=- 2.50× 982x2130 60 fps nominal
RENDER t=84 fps=60.0 gpu=- 2.50× 982x2130 60 fps nominal
RENDER t=85 fps=59.9 gpu=- 2.50× 982x2130 60 fps nominal
RENDER t=86 fps=60.0 gpu=- 2.50× 982x2130 60 fps nominal
RENDER t=87 fps=60.0 gpu=- 2.50× 982x2130 60 fps nominal
RENDER t=88 fps=59.0 gpu=- 2.50× 982x2130 60 fps nominal
RENDER t=89 fps=60.0 gpu=- 2.50× 982x2130 60 fps nominal
CONDITIONS lowPowerMode=false battery=charging level=0.8
RENDER t=90 fps=60.0 gpu=- 2.50× 982x2130 60 fps nominal
RENDER t=92 fps=59.9 gpu=- 2.50× 982x2130 60 fps nominal
RENDER t=93 fps=60.0 gpu=- 2.50× 982x2130 60 fps nominal
RENDER t=94 fps=60.0 gpu=- 2.50× 982x2130 60 fps nominal
RENDER t=95 fps=59.0 gpu=- 2.50× 982x2130 60 fps nominal
RENDER t=96 fps=59.9 gpu=- 2.50× 982x2130 60 fps nominal
RENDER t=97 fps=60.0 gpu=- 2.50× 982x2130 60 fps nominal
RENDER t=98 fps=60.0 gpu=- 2.50× 982x2130 60 fps nominal
RENDER t=99 fps=60.0 gpu=- 2.50× 982x2130 60 fps nominal
RENDER t=100 fps=59.9 gpu=- 2.50× 982x2130 60 fps nominal
CONDITIONS lowPowerMode=false battery=charging level=0.8
RENDER t=101 fps=60.0 gpu=- 2.50× 982x2130 60 fps nominal
RENDER t=102 fps=60.0 gpu=- 2.50× 982x2130 60 fps nominal
RENDER t=103 fps=60.0 gpu=- 2.50× 982x2130 60 fps nominal
RENDER t=104 fps=60.0 gpu=- 2.50× 982x2130 60 fps nominal
RENDER t=105 fps=59.9 gpu=- 2.50× 982x2130 60 fps nominal
RENDER t=106 fps=60.0 gpu=- 2.50× 982x2130 60 fps nominal
RENDER t=107 fps=60.0 gpu=- 2.50× 982x2130 60 fps nominal
RENDER t=108 fps=60.0 gpu=- 2.50× 982x2130 60 fps fair
RENDER t=109 fps=60.0 gpu=- 2.50× 982x2130 60 fps fair
RENDER t=110 fps=60.0 gpu=- 2.50× 982x2130 60 fps fair
CONDITIONS lowPowerMode=false battery=charging level=0.8
RENDER t=111 fps=59.9 gpu=- 2.50× 982x2130 60 fps fair
RENDER t=112 fps=60.0 gpu=- 2.50× 982x2130 60 fps fair
RENDER t=113 fps=60.0 gpu=- 2.50× 982x2130 60 fps fair
RENDER t=114 fps=60.0 gpu=- 2.50× 982x2130 60 fps fair
RENDER t=115 fps=60.0 gpu=- 2.50× 982x2130 60 fps fair
RENDER t=116 fps=60.0 gpu=- 2.50× 982x2130 60 fps fair
RENDER t=117 fps=60.0 gpu=- 2.50× 982x2130 60 fps fair
RENDER t=118 fps=59.9 gpu=- 2.50× 982x2130 60 fps fair
RENDER t=119 fps=60.0 gpu=- 2.50× 982x2130 60 fps fair
RENDER t=120 fps=59.9 gpu=- 2.50× 982x2130 60 fps fair
CONDITIONS lowPowerMode=false battery=charging level=0.8
RENDER t=121 fps=60.0 gpu=- 2.50× 982x2130 60 fps fair
RENDER t=122 fps=60.0 gpu=- 2.50× 982x2130 60 fps fair
RENDER t=123 fps=59.9 gpu=- 2.50× 982x2130 60 fps fair
RENDER t=124 fps=60.0 gpu=- 2.50× 982x2130 60 fps fair
RENDER t=125 fps=60.0 gpu=- 2.50× 982x2130 60 fps fair
RENDER t=126 fps=60.0 gpu=- 2.50× 982x2130 60 fps fair
RENDER t=127 fps=60.0 gpu=- 2.50× 982x2130 60 fps fair
RENDER t=128 fps=59.9 gpu=- 2.50× 982x2130 60 fps fair
RENDER t=129 fps=60.0 gpu=- 2.50× 982x2130 60 fps fair
CONDITIONS lowPowerMode=false battery=charging level=0.8
RENDER t=130 fps=59.9 gpu=- 2.50× 982x2130 60 fps fair
RENDER t=131 fps=60.0 gpu=- 2.50× 982x2130 60 fps fair
RENDER t=132 fps=60.0 gpu=- 2.50× 982x2130 60 fps fair
RENDER t=133 fps=59.9 gpu=- 2.50× 982x2130 60 fps fair
RENDER t=134 fps=59.9 gpu=- 2.50× 982x2130 60 fps fair
RENDER t=135 fps=60.0 gpu=- 2.50× 982x2130 60 fps fair
ATTR all2 2026-10-06T08:01:44.342Z
RENDER t=136 fps=58.0 gpu=- 2.50× 982x2130 60 fps fair
RENDER t=137 fps=60.0 gpu=- 2.50× 982x2130 60 fps fair
RENDER t=138 fps=60.0 gpu=- 2.50× 982x2130 60 fps fair
RENDER t=139 fps=59.9 gpu=- 2.50× 982x2130 60 fps fair
CONDITIONS lowPowerMode=false battery=charging level=0.8
RENDER t=140 fps=60.0 gpu=- 2.50× 982x2130 60 fps fair
RENDER t=141 fps=60.0 gpu=- 2.50× 982x2130 60 fps fair
RENDER t=142 fps=59.9 gpu=- 2.50× 982x2130 60 fps fair
RENDER t=143 fps=60.0 gpu=- 2.50× 982x2130 60 fps fair
RENDER t=144 fps=59.9 gpu=- 2.50× 982x2130 60 fps fair
RENDER t=145 fps=60.0 gpu=- 2.50× 982x2130 60 fps fair
RENDER t=146 fps=59.0 gpu=- 2.50× 982x2130 60 fps fair
RENDER t=147 fps=60.0 gpu=- 2.50× 982x2130 60 fps fair
RENDER t=148 fps=59.9 gpu=- 2.50× 982x2130 60 fps fair
RENDER t=149 fps=60.0 gpu=- 2.50× 982x2130 60 fps fair
CONDITIONS lowPowerMode=false battery=charging level=0.8
RENDER t=150 fps=59.0 gpu=- 2.50× 982x2130 60 fps fair
RENDER t=151 fps=60.0 gpu=- 2.50× 982x2130 60 fps fair
RENDER t=153 fps=60.0 gpu=- 2.50× 982x2130 60 fps fair
RENDER t=154 fps=59.9 gpu=- 2.50× 982x2130 60 fps fair
RENDER t=155 fps=60.0 gpu=- 2.50× 982x2130 60 fps fair
RENDER t=156 fps=60.0 gpu=- 2.50× 982x2130 60 fps fair
RENDER t=157 fps=59.9 gpu=- 2.50× 982x2130 60 fps fair
RENDER t=158 fps=60.0 gpu=- 2.50× 982x2130 60 fps fair
RENDER t=159 fps=58.9 gpu=- 2.50× 982x2130 60 fps fair
RENDER t=160 fps=60.0 gpu=- 2.50× 982x2130 60 fps fair
CONDITIONS lowPowerMode=false battery=charging level=0.8
RENDER t=161 fps=59.9 gpu=- 2.50× 982x2130 60 fps fair
RENDER t=162 fps=60.0 gpu=- 2.50× 982x2130 60 fps fair
RENDER t=163 fps=60.0 gpu=- 2.50× 982x2130 60 fps fair
RENDER t=164 fps=60.0 gpu=- 2.50× 982x2130 60 fps fair
RENDER t=165 fps=59.9 gpu=- 2.50× 982x2130 60 fps fair
RENDER t=166 fps=60.0 gpu=- 2.50× 982x2130 60 fps fair
RENDER t=167 fps=60.0 gpu=- 2.50× 982x2130 60 fps fair
RENDER t=168 fps=60.0 gpu=- 2.50× 982x2130 60 fps fair
RENDER t=169 fps=59.9 gpu=- 2.50× 982x2130 60 fps fair
RENDER t=170 fps=60.0 gpu=- 2.50× 982x2130 60 fps fair
CONDITIONS lowPowerMode=false battery=charging level=0.8
RENDER t=171 fps=59.9 gpu=- 2.50× 982x2130 60 fps fair
RENDER t=172 fps=59.9 gpu=- 2.50× 982x2130 60 fps fair
RENDER t=173 fps=60.0 gpu=- 2.50× 982x2130 60 fps fair
RENDER t=174 fps=59.9 gpu=- 2.50× 982x2130 60 fps fair
RENDER t=175 fps=60.0 gpu=- 2.50× 982x2130 60 fps fair
RENDER t=176 fps=60.0 gpu=- 2.50× 982x2130 60 fps fair
RENDER t=177 fps=60.0 gpu=- 2.50× 982x2130 60 fps fair
RENDER t=178 fps=59.9 gpu=- 2.50× 982x2130 60 fps fair
RENDER t=179 fps=60.0 gpu=- 2.50× 982x2130 60 fps fair
RENDER t=180 fps=60.0 gpu=- 2.50× 982x2130 60 fps fair
CONDITIONS lowPowerMode=false battery=charging level=0.8
RENDER t=181 fps=59.9 gpu=- 2.50× 982x2130 60 fps fair
RENDER t=182 fps=60.0 gpu=- 2.50× 982x2130 60 fps fair
RENDER t=183 fps=60.0 gpu=- 2.50× 982x2130 60 fps fair
RENDER t=184 fps=59.9 gpu=- 2.50× 982x2130 60 fps fair
RENDER t=185 fps=60.0 gpu=- 2.50× 982x2130 60 fps fair
RENDER t=186 fps=60.0 gpu=- 2.50× 982x2130 60 fps fair
RENDER t=187 fps=60.0 gpu=- 2.50× 982x2130 60 fps fair
RENDER t=188 fps=60.0 gpu=- 2.50× 982x2130 60 fps fair
RENDER t=189 fps=59.9 gpu=- 2.50× 982x2130 60 fps fair
CONDITIONS lowPowerMode=false battery=charging level=0.8
RENDER t=190 fps=59.9 gpu=- 2.50× 982x2130 60 fps fair
RENDER t=191 fps=60.0 gpu=- 2.50× 982x2130 60 fps fair
RENDER t=192 fps=60.0 gpu=- 2.50× 982x2130 60 fps fair
RENDER t=193 fps=59.9 gpu=- 2.50× 982x2130 60 fps fair
RENDER t=194 fps=60.0 gpu=- 2.50× 982x2130 60 fps fair
RENDER t=195 fps=59.9 gpu=- 2.50× 982x2130 60 fps fair
ATTR noSky 2026-10-06T08:02:44.357Z
RENDER t=196 fps=59.9 gpu=- 2.50× 982x2130 60 fps fair
RENDER t=197 fps=60.0 gpu=- 2.50× 982x2130 60 fps fair
RENDER t=198 fps=60.0 gpu=- 2.50× 982x2130 60 fps fair
RENDER t=199 fps=60.0 gpu=- 2.50× 982x2130 60 fps fair
CONDITIONS lowPowerMode=false battery=charging level=0.8
RENDER t=200 fps=59.9 gpu=- 2.50× 982x2130 60 fps fair
RENDER t=201 fps=59.9 gpu=- 2.50× 982x2130 60 fps fair
RENDER t=202 fps=60.0 gpu=- 2.50× 982x2130 60 fps fair
RENDER t=203 fps=59.9 gpu=- 2.50× 982x2130 60 fps fair
RENDER t=204 fps=59.0 gpu=- 2.50× 982x2130 60 fps fair
RENDER t=205 fps=59.0 gpu=- 2.50× 982x2130 60 fps fair
RENDER t=206 fps=59.9 gpu=- 2.50× 982x2130 60 fps fair
RENDER t=207 fps=60.0 gpu=- 2.50× 982x2130 60 fps fair
RENDER t=208 fps=60.0 gpu=- 2.50× 982x2130 60 fps fair
RENDER t=209 fps=59.0 gpu=- 2.50× 982x2130 60 fps fair
CONDITIONS lowPowerMode=false battery=charging level=0.8
RENDER t=210 fps=59.9 gpu=- 2.50× 982x2130 60 fps fair
RENDER t=211 fps=60.0 gpu=- 2.50× 982x2130 60 fps fair
RENDER t=213 fps=59.9 gpu=- 2.50× 982x2130 60 fps fair
RENDER t=214 fps=60.0 gpu=- 2.50× 982x2130 60 fps fair
RENDER t=215 fps=59.9 gpu=- 2.50× 982x2130 60 fps fair
RENDER t=216 fps=60.0 gpu=- 2.50× 982x2130 60 fps fair
RENDER t=217 fps=59.0 gpu=- 2.50× 982x2130 60 fps fair
RENDER t=218 fps=59.9 gpu=- 2.50× 982x2130 60 fps fair
RENDER t=219 fps=60.0 gpu=- 2.50× 982x2130 60 fps fair
RENDER t=220 fps=59.9 gpu=- 2.50× 982x2130 60 fps fair
CONDITIONS lowPowerMode=false battery=charging level=0.8
RENDER t=221 fps=59.9 gpu=- 2.50× 982x2130 60 fps fair
RENDER t=222 fps=60.0 gpu=- 2.50× 982x2130 60 fps fair
RENDER t=223 fps=59.9 gpu=- 2.50× 982x2130 60 fps fair
RENDER t=224 fps=60.0 gpu=- 2.50× 982x2130 60 fps fair
RENDER t=225 fps=59.9 gpu=- 2.50× 982x2130 60 fps fair
RENDER t=226 fps=59.9 gpu=- 2.50× 982x2130 60 fps fair
RENDER t=227 fps=59.9 gpu=- 2.50× 982x2130 60 fps fair
RENDER t=228 fps=60.0 gpu=- 2.50× 982x2130 60 fps fair
RENDER t=229 fps=59.9 gpu=- 2.50× 982x2130 60 fps fair
RENDER t=230 fps=59.9 gpu=- 2.50× 982x2130 60 fps fair
CONDITIONS lowPowerMode=false battery=charging level=0.8
RENDER t=231 fps=60.0 gpu=- 2.50× 982x2130 60 fps fair
RENDER t=232 fps=60.0 gpu=- 2.50× 982x2130 60 fps fair
RENDER t=233 fps=59.9 gpu=- 2.50× 982x2130 60 fps fair
RENDER t=234 fps=60.0 gpu=- 2.50× 982x2130 60 fps fair
RENDER t=235 fps=59.9 gpu=- 2.50× 982x2130 60 fps fair
RENDER t=236 fps=60.0 gpu=- 2.50× 982x2130 60 fps fair
RENDER t=237 fps=60.0 gpu=- 2.50× 982x2130 60 fps fair
RENDER t=238 fps=60.0 gpu=- 2.50× 982x2130 60 fps fair
RENDER t=239 fps=59.9 gpu=- 2.50× 982x2130 60 fps fair
RENDER t=240 fps=59.9 gpu=- 2.50× 982x2130 60 fps fair
CONDITIONS lowPowerMode=false battery=charging level=0.8
RENDER t=241 fps=60.0 gpu=- 2.50× 982x2130 60 fps fair
RENDER t=242 fps=60.0 gpu=- 2.50× 982x2130 60 fps fair
RENDER t=243 fps=59.9 gpu=- 2.50× 982x2130 60 fps fair
RENDER t=244 fps=59.9 gpu=- 2.50× 982x2130 60 fps fair
RENDER t=245 fps=59.9 gpu=- 2.50× 982x2130 60 fps fair
RENDER t=246 fps=60.0 gpu=- 2.50× 982x2130 60 fps fair
RENDER t=247 fps=60.0 gpu=- 2.50× 982x2130 60 fps fair
RENDER t=248 fps=60.0 gpu=- 2.50× 982x2130 60 fps fair
RENDER t=249 fps=60.0 gpu=- 2.50× 982x2130 60 fps fair
CONDITIONS lowPowerMode=false battery=charging level=0.8
RENDER t=250 fps=60.0 gpu=- 2.50× 982x2130 60 fps fair
RENDER t=251 fps=59.9 gpu=- 2.50× 982x2130 60 fps fair
RENDER t=252 fps=60.0 gpu=- 2.50× 982x2130 60 fps fair
RENDER t=253 fps=60.0 gpu=- 2.50× 982x2130 60 fps fair
RENDER t=254 fps=59.9 gpu=- 2.50× 982x2130 60 fps fair
RENDER t=255 fps=60.0 gpu=- 2.50× 982x2130 60 fps fair
ATTR all3 2026-10-06T08:03:44.372Z
RENDER t=256 fps=59.9 gpu=- 2.50× 982x2130 60 fps fair
RENDER t=257 fps=60.0 gpu=- 2.50× 982x2130 60 fps fair
RENDER t=258 fps=60.0 gpu=- 2.50× 982x2130 60 fps fair
RENDER t=259 fps=60.0 gpu=- 2.50× 982x2130 60 fps fair
CONDITIONS lowPowerMode=false battery=charging level=0.8
RENDER t=260 fps=59.9 gpu=- 2.50× 982x2130 60 fps fair
RENDER t=261 fps=59.0 gpu=- 2.50× 982x2130 60 fps fair
RENDER t=262 fps=59.0 gpu=- 2.50× 982x2130 60 fps fair
RENDER t=263 fps=60.0 gpu=- 2.50× 982x2130 60 fps fair
RENDER t=264 fps=59.9 gpu=- 2.50× 982x2130 60 fps fair
RENDER t=265 fps=60.0 gpu=- 2.50× 982x2130 60 fps fair
RENDER t=266 fps=59.0 gpu=- 2.50× 982x2130 60 fps fair
RENDER t=267 fps=60.0 gpu=- 2.50× 982x2130 60 fps fair
RENDER t=268 fps=60.0 gpu=- 2.50× 982x2130 60 fps fair
RENDER t=269 fps=59.9 gpu=- 2.50× 982x2130 60 fps fair
CONDITIONS lowPowerMode=false battery=charging level=0.8
RENDER t=270 fps=60.0 gpu=- 2.50× 982x2130 60 fps fair
RENDER t=272 fps=60.0 gpu=- 2.50× 982x2130 60 fps fair
RENDER t=273 fps=58.0 gpu=- 2.50× 982x2130 60 fps fair
RENDER t=274 fps=60.0 gpu=- 2.50× 982x2130 60 fps fair
RENDER t=275 fps=60.0 gpu=- 2.50× 982x2130 60 fps fair
RENDER t=276 fps=60.0 gpu=- 2.50× 982x2130 60 fps fair
RENDER t=277 fps=59.9 gpu=- 2.50× 982x2130 60 fps fair
RENDER t=278 fps=59.9 gpu=- 2.50× 982x2130 60 fps fair
RENDER t=279 fps=60.0 gpu=- 2.50× 982x2130 60 fps fair
RENDER t=280 fps=60.0 gpu=- 2.50× 982x2130 60 fps fair
CONDITIONS lowPowerMode=false battery=charging level=0.8
RENDER t=281 fps=59.9 gpu=- 2.50× 982x2130 60 fps fair
RENDER t=282 fps=60.0 gpu=- 2.50× 982x2130 60 fps fair
RENDER t=283 fps=60.0 gpu=- 2.50× 982x2130 60 fps fair
RENDER t=284 fps=60.0 gpu=- 2.50× 982x2130 60 fps fair
RENDER t=285 fps=59.9 gpu=- 2.50× 982x2130 60 fps fair
RENDER t=286 fps=60.0 gpu=- 2.50× 982x2130 60 fps fair
RENDER t=287 fps=59.9 gpu=- 2.50× 982x2130 60 fps fair
RENDER t=288 fps=59.9 gpu=- 2.50× 982x2130 60 fps fair
RENDER t=289 fps=60.0 gpu=- 2.50× 982x2130 60 fps fair
RENDER t=290 fps=60.0 gpu=- 2.50× 982x2130 60 fps fair
CONDITIONS lowPowerMode=false battery=charging level=0.8
RENDER t=291 fps=59.9 gpu=- 2.50× 982x2130 60 fps fair
RENDER t=292 fps=60.0 gpu=- 2.50× 982x2130 60 fps fair
RENDER t=293 fps=60.0 gpu=- 2.50× 982x2130 60 fps fair
RENDER t=294 fps=59.9 gpu=- 2.50× 982x2130 60 fps fair
RENDER t=295 fps=60.0 gpu=- 2.50× 982x2130 60 fps fair
RENDER t=296 fps=59.9 gpu=- 2.50× 982x2130 60 fps fair
RENDER t=297 fps=60.0 gpu=- 2.50× 982x2130 60 fps fair
RENDER t=298 fps=60.0 gpu=- 2.50× 982x2130 60 fps fair
RENDER t=299 fps=60.0 gpu=- 2.50× 982x2130 60 fps fair
RENDER t=300 fps=60.0 gpu=- 2.50× 982x2130 60 fps fair
RENDER t=301 fps=60.0 gpu=- 2.50× 982x2130 60 fps fair
RENDER t=302 fps=60.0 gpu=- 2.50× 982x2130 60 fps fair
RENDER t=303 fps=60.0 gpu=- 2.50× 982x2130 60 fps fair
RENDER t=304 fps=59.9 gpu=- 2.50× 982x2130 60 fps fair
RENDER t=305 fps=60.0 gpu=- 2.50× 982x2130 60 fps fair
RENDER t=306 fps=60.0 gpu=- 2.50× 982x2130 60 fps fair
RENDER t=307 fps=60.0 gpu=- 2.50× 982x2130 60 fps fair
RENDER t=308 fps=59.9 gpu=- 2.50× 982x2130 60 fps fair
RENDER t=309 fps=60.0 gpu=- 2.50× 982x2130 60 fps fair
CONDITIONS lowPowerMode=false battery=charging level=0.8
RENDER t=310 fps=59.9 gpu=- 2.50× 982x2130 60 fps fair
RENDER t=311 fps=60.0 gpu=- 2.50× 982x2130 60 fps fair
RENDER t=312 fps=60.0 gpu=- 2.50× 982x2130 60 fps fair
RENDER t=313 fps=60.0 gpu=- 2.50× 982x2130 60 fps fair
RENDER t=314 fps=60.0 gpu=- 2.50× 982x2130 60 fps fair
RENDER t=315 fps=59.9 gpu=- 2.50× 982x2130 60 fps fair
ATTR noPost 2026-10-06T08:04:44.387Z
RENDER t=316 fps=60.0 gpu=- 2.50× 982x2130 60 fps fair
RENDER t=317 fps=59.9 gpu=- 2.50× 982x2130 60 fps fair
RENDER t=318 fps=60.0 gpu=- 2.50× 982x2130 60 fps fair
RENDER t=319 fps=59.9 gpu=- 2.50× 982x2130 60 fps fair
CONDITIONS lowPowerMode=false battery=charging level=0.8
RENDER t=320 fps=60.0 gpu=- 2.50× 982x2130 60 fps fair
RENDER t=321 fps=60.0 gpu=- 2.50× 982x2130 60 fps fair
RENDER t=322 fps=58.0 gpu=- 2.50× 982x2130 60 fps fair
RENDER t=323 fps=60.0 gpu=- 2.50× 982x2130 60 fps fair
RENDER t=324 fps=59.9 gpu=- 2.50× 982x2130 60 fps fair
RENDER t=325 fps=60.0 gpu=- 2.50× 982x2130 60 fps fair
RENDER t=326 fps=60.0 gpu=- 2.50× 982x2130 60 fps fair
RENDER t=327 fps=59.0 gpu=- 2.50× 982x2130 60 fps fair
RENDER t=328 fps=60.0 gpu=- 2.50× 982x2130 60 fps fair
RENDER t=329 fps=59.9 gpu=- 2.50× 982x2130 60 fps fair
CONDITIONS lowPowerMode=false battery=charging level=0.8
RENDER t=331 fps=59.9 gpu=- 2.50× 982x2130 60 fps fair
RENDER t=332 fps=60.0 gpu=- 2.50× 982x2130 60 fps fair
RENDER t=333 fps=60.0 gpu=- 2.50× 982x2130 60 fps fair
RENDER t=334 fps=60.0 gpu=- 2.50× 982x2130 60 fps fair
RENDER t=335 fps=59.0 gpu=- 2.50× 982x2130 60 fps fair
RENDER t=336 fps=59.9 gpu=- 2.50× 982x2130 60 fps fair
RENDER t=337 fps=60.0 gpu=- 2.50× 982x2130 60 fps fair
RENDER t=338 fps=60.0 gpu=- 2.50× 982x2130 60 fps fair
RENDER t=339 fps=60.0 gpu=- 2.50× 982x2130 60 fps fair
RENDER t=340 fps=60.0 gpu=- 2.50× 982x2130 60 fps fair
CONDITIONS lowPowerMode=false battery=charging level=0.8
RENDER t=341 fps=60.0 gpu=- 2.50× 982x2130 60 fps fair
RENDER t=342 fps=60.0 gpu=- 2.50× 982x2130 60 fps fair
RENDER t=343 fps=60.0 gpu=- 2.50× 982x2130 60 fps fair
RENDER t=344 fps=59.9 gpu=- 2.50× 982x2130 60 fps fair
RENDER t=345 fps=60.0 gpu=- 2.50× 982x2130 60 fps fair
RENDER t=346 fps=60.0 gpu=- 2.50× 982x2130 60 fps fair
RENDER t=347 fps=60.0 gpu=- 2.50× 982x2130 60 fps fair
RENDER t=348 fps=59.9 gpu=- 2.50× 982x2130 60 fps fair
RENDER t=349 fps=60.0 gpu=- 2.50× 982x2130 60 fps fair
RENDER t=350 fps=60.0 gpu=- 2.50× 982x2130 60 fps fair
CONDITIONS lowPowerMode=false battery=charging level=0.8
RENDER t=351 fps=59.9 gpu=- 2.50× 982x2130 60 fps fair
RENDER t=352 fps=60.0 gpu=- 2.50× 982x2130 60 fps fair
RENDER t=353 fps=60.0 gpu=- 2.50× 982x2130 60 fps fair
RENDER t=354 fps=59.9 gpu=- 2.50× 982x2130 60 fps fair
RENDER t=355 fps=60.0 gpu=- 2.50× 982x2130 60 fps fair
RENDER t=356 fps=60.0 gpu=- 2.50× 982x2130 60 fps fair
RENDER t=357 fps=59.9 gpu=- 2.50× 982x2130 60 fps fair
RENDER t=358 fps=60.0 gpu=- 2.50× 982x2130 60 fps fair
RENDER t=359 fps=59.9 gpu=- 2.50× 982x2130 60 fps fair
RENDER t=360 fps=60.0 gpu=- 2.50× 982x2130 60 fps fair
RENDER t=361 fps=60.0 gpu=- 2.50× 982x2130 60 fps fair
RENDER t=362 fps=60.0 gpu=- 2.50× 982x2130 60 fps fair
RENDER t=363 fps=60.0 gpu=- 2.50× 982x2130 60 fps fair
RENDER t=364 fps=60.0 gpu=- 2.50× 982x2130 60 fps fair
RENDER t=365 fps=59.9 gpu=- 2.50× 982x2130 60 fps fair
RENDER t=366 fps=60.0 gpu=- 2.50× 982x2130 60 fps fair
RENDER t=367 fps=60.0 gpu=- 2.50× 982x2130 60 fps fair
RENDER t=368 fps=60.0 gpu=- 2.50× 982x2130 60 fps fair
RENDER t=369 fps=59.9 gpu=- 2.50× 982x2130 60 fps fair
CONDITIONS lowPowerMode=false battery=charging level=0.8
RENDER t=370 fps=60.0 gpu=- 2.50× 982x2130 60 fps fair
RENDER t=371 fps=60.0 gpu=- 2.50× 982x2130 60 fps fair
RENDER t=372 fps=60.0 gpu=- 2.50× 982x2130 60 fps fair
RENDER t=373 fps=59.9 gpu=- 2.50× 982x2130 60 fps fair
RENDER t=374 fps=60.0 gpu=- 2.50× 982x2130 60 fps fair
RENDER t=375 fps=60.0 gpu=- 2.50× 982x2130 60 fps fair
ATTR all4 2026-10-06T08:05:44.402Z
RENDER t=376 fps=59.9 gpu=- 2.50× 982x2130 60 fps fair
RENDER t=377 fps=60.0 gpu=- 2.50× 982x2130 60 fps fair
RENDER t=378 fps=60.0 gpu=- 2.50× 982x2130 60 fps fair
RENDER t=379 fps=59.9 gpu=- 2.50× 982x2130 60 fps fair
CONDITIONS lowPowerMode=false battery=charging level=0.8
RENDER t=380 fps=60.0 gpu=- 2.50× 982x2130 60 fps fair
RENDER t=381 fps=60.0 gpu=- 2.50× 982x2130 60 fps fair
RENDER t=382 fps=60.0 gpu=- 2.50× 982x2130 60 fps fair
RENDER t=383 fps=59.9 gpu=- 2.50× 982x2130 60 fps fair
RENDER t=384 fps=60.0 gpu=- 2.50× 982x2130 60 fps fair
RENDER t=385 fps=59.0 gpu=- 2.50× 982x2130 60 fps fair
RENDER t=386 fps=60.0 gpu=- 2.50× 982x2130 60 fps fair
RENDER t=387 fps=60.0 gpu=- 2.50× 982x2130 60 fps fair
RENDER t=388 fps=59.9 gpu=- 2.50× 982x2130 60 fps fair
RENDER t=390 fps=59.0 gpu=- 2.50× 982x2130 60 fps fair
CONDITIONS lowPowerMode=false battery=charging level=0.8
RENDER t=391 fps=60.0 gpu=- 2.50× 982x2130 60 fps fair
RENDER t=392 fps=59.9 gpu=- 2.50× 982x2130 60 fps fair
RENDER t=393 fps=59.9 gpu=- 2.50× 982x2130 60 fps fair
RENDER t=394 fps=59.9 gpu=- 2.50× 982x2130 60 fps fair
RENDER t=395 fps=60.0 gpu=- 2.50× 982x2130 60 fps fair
RENDER t=396 fps=60.0 gpu=- 2.50× 982x2130 60 fps fair
RENDER t=397 fps=60.0 gpu=- 2.50× 982x2130 60 fps fair
RENDER t=398 fps=58.0 gpu=- 2.50× 982x2130 60 fps fair
RENDER t=399 fps=60.0 gpu=- 2.50× 982x2130 60 fps fair
RENDER t=400 fps=60.0 gpu=- 2.50× 982x2130 60 fps fair
CONDITIONS lowPowerMode=false battery=charging level=0.8
RENDER t=401 fps=59.9 gpu=- 2.50× 982x2130 60 fps fair
RENDER t=402 fps=60.0 gpu=- 2.50× 982x2130 60 fps fair
RENDER t=403 fps=59.9 gpu=- 2.50× 982x2130 60 fps fair
RENDER t=404 fps=60.0 gpu=- 2.50× 982x2130 60 fps fair
RENDER t=405 fps=60.0 gpu=- 2.50× 982x2130 60 fps fair
RENDER t=406 fps=60.0 gpu=- 2.50× 982x2130 60 fps fair
RENDER t=407 fps=60.0 gpu=- 2.50× 982x2130 60 fps fair
RENDER t=408 fps=59.9 gpu=- 2.50× 982x2130 60 fps fair
RENDER t=409 fps=60.0 gpu=- 2.50× 982x2130 60 fps fair
RENDER t=410 fps=60.0 gpu=- 2.50× 982x2130 60 fps fair
CONDITIONS lowPowerMode=false battery=charging level=0.8
RENDER t=411 fps=59.9 gpu=- 2.50× 982x2130 60 fps fair
RENDER t=412 fps=60.0 gpu=- 2.50× 982x2130 60 fps fair
RENDER t=413 fps=60.0 gpu=- 2.50× 982x2130 60 fps fair
RENDER t=414 fps=60.0 gpu=- 2.50× 982x2130 60 fps fair
RENDER t=415 fps=59.9 gpu=- 2.50× 982x2130 60 fps fair
RENDER t=416 fps=59.9 gpu=- 2.50× 982x2130 60 fps fair
RENDER t=417 fps=60.0 gpu=- 2.50× 982x2130 60 fps fair
RENDER t=418 fps=59.9 gpu=- 2.50× 982x2130 60 fps fair
RENDER t=419 fps=60.0 gpu=- 2.50× 982x2130 60 fps fair
CONDITIONS lowPowerMode=false battery=charging level=0.8
RENDER t=420 fps=60.0 gpu=- 2.50× 982x2130 60 fps fair
RENDER t=421 fps=60.0 gpu=- 2.50× 982x2130 60 fps fair
RENDER t=422 fps=60.0 gpu=- 2.50× 982x2130 60 fps fair
RENDER t=423 fps=59.9 gpu=- 2.50× 982x2130 60 fps fair
RENDER t=424 fps=60.0 gpu=- 2.50× 982x2130 60 fps fair
RENDER t=425 fps=59.9 gpu=- 2.50× 982x2130 60 fps fair
RENDER t=426 fps=60.0 gpu=- 2.50× 982x2130 60 fps fair
RENDER t=427 fps=60.0 gpu=- 2.50× 982x2130 60 fps fair
RENDER t=428 fps=60.0 gpu=- 2.50× 982x2130 60 fps fair
RENDER t=429 fps=60.0 gpu=- 2.50× 982x2130 60 fps fair
CONDITIONS lowPowerMode=false battery=charging level=0.8
RENDER t=430 fps=59.9 gpu=- 2.50× 982x2130 60 fps fair
RENDER t=431 fps=60.0 gpu=- 2.50× 982x2130 60 fps fair
RENDER t=432 fps=60.0 gpu=- 2.50× 982x2130 60 fps fair
RENDER t=433 fps=60.0 gpu=- 2.50× 982x2130 60 fps fair
RENDER t=434 fps=60.0 gpu=- 2.50× 982x2130 60 fps fair
RENDER t=435 fps=59.9 gpu=- 2.50× 982x2130 60 fps fair
ATTR noMSAA 2026-10-06T08:06:44.417Z
RENDER t=437 fps=14.2 gpu=- 2.50× 982x2130 60 fps fair
HITCH up=461734.311 dt=1150 ms
RENDER t=438 fps=59.0 gpu=- 2.50× 982x2130 60 fps fair
RENDER t=439 fps=59.9 gpu=- 2.50× 982x2130 60 fps fair
RENDER t=440 fps=60.0 gpu=- 2.50× 982x2130 60 fps fair
CONDITIONS lowPowerMode=false battery=charging level=0.8
RENDER t=441 fps=60.0 gpu=- 2.50× 982x2130 60 fps fair
RENDER t=442 fps=60.0 gpu=- 2.50× 982x2130 60 fps fair
RENDER t=443 fps=59.9 gpu=- 2.50× 982x2130 60 fps fair
RENDER t=444 fps=60.0 gpu=- 2.50× 982x2130 60 fps fair
RENDER t=445 fps=59.9 gpu=- 2.50× 982x2130 60 fps fair
RENDER t=446 fps=60.0 gpu=- 2.50× 982x2130 60 fps fair
RENDER t=447 fps=59.0 gpu=- 2.50× 982x2130 60 fps fair
RENDER t=448 fps=59.9 gpu=- 2.50× 982x2130 60 fps fair
RENDER t=449 fps=60.0 gpu=- 2.50× 982x2130 60 fps fair
CONDITIONS lowPowerMode=false battery=charging level=0.8
RENDER t=450 fps=59.9 gpu=- 2.50× 982x2130 60 fps fair
RENDER t=451 fps=60.0 gpu=- 2.50× 982x2130 60 fps fair
RENDER t=452 fps=60.0 gpu=- 2.50× 982x2130 60 fps fair
RENDER t=453 fps=60.0 gpu=- 2.50× 982x2130 60 fps fair
RENDER t=454 fps=59.0 gpu=- 2.50× 982x2130 60 fps fair
RENDER t=455 fps=59.9 gpu=- 2.50× 982x2130 60 fps fair
RENDER t=456 fps=60.0 gpu=- 2.50× 982x2130 60 fps fair
RENDER t=457 fps=60.0 gpu=- 2.50× 982x2130 60 fps fair
RENDER t=458 fps=60.0 gpu=- 2.50× 982x2130 60 fps fair
RENDER t=459 fps=59.9 gpu=- 2.50× 982x2130 60 fps fair
CONDITIONS lowPowerMode=false battery=charging level=0.8
RENDER t=460 fps=60.0 gpu=- 2.50× 982x2130 60 fps fair
RENDER t=461 fps=60.0 gpu=- 2.50× 982x2130 60 fps fair
RENDER t=462 fps=60.0 gpu=- 2.50× 982x2130 60 fps fair
RENDER t=463 fps=59.9 gpu=- 2.50× 982x2130 60 fps fair
RENDER t=464 fps=60.0 gpu=- 2.50× 982x2130 60 fps fair
RENDER t=465 fps=60.0 gpu=- 2.50× 982x2130 60 fps fair
RENDER t=466 fps=60.0 gpu=- 2.50× 982x2130 60 fps fair
RENDER t=467 fps=59.9 gpu=- 2.50× 982x2130 60 fps fair
RENDER t=468 fps=60.0 gpu=- 2.50× 982x2130 60 fps fair
RENDER t=469 fps=60.0 gpu=- 2.50× 982x2130 60 fps fair
CONDITIONS lowPowerMode=false battery=charging level=0.8
RENDER t=470 fps=59.9 gpu=- 2.50× 982x2130 60 fps fair
RENDER t=471 fps=60.0 gpu=- 2.50× 982x2130 60 fps fair
RENDER t=472 fps=59.9 gpu=- 2.50× 982x2130 60 fps fair
RENDER t=473 fps=60.0 gpu=- 2.50× 982x2130 60 fps fair
RENDER t=474 fps=59.9 gpu=- 2.50× 982x2130 60 fps fair
RENDER t=475 fps=60.0 gpu=- 2.50× 982x2130 60 fps fair
RENDER t=476 fps=60.0 gpu=- 2.50× 982x2130 60 fps fair
RENDER t=477 fps=59.9 gpu=- 2.50× 982x2130 60 fps fair
RENDER t=479 fps=60.0 gpu=- 2.50× 982x2130 60 fps fair
RENDER t=480 fps=60.0 gpu=- 2.50× 982x2130 60 fps fair
CONDITIONS lowPowerMode=false battery=charging level=0.8
RENDER t=481 fps=60.0 gpu=- 2.50× 982x2130 60 fps fair
RENDER t=482 fps=59.9 gpu=- 2.50× 982x2130 60 fps fair
RENDER t=483 fps=60.0 gpu=- 2.50× 982x2130 60 fps fair
RENDER t=484 fps=60.0 gpu=- 2.50× 982x2130 60 fps fair
RENDER t=485 fps=60.0 gpu=- 2.50× 982x2130 60 fps fair
RENDER t=486 fps=60.0 gpu=- 2.50× 982x2130 60 fps fair
RENDER t=487 fps=59.9 gpu=- 2.50× 982x2130 60 fps fair
RENDER t=488 fps=60.0 gpu=- 2.50× 982x2130 60 fps fair
RENDER t=489 fps=59.9 gpu=- 2.50× 982x2130 60 fps fair
RENDER t=490 fps=60.0 gpu=- 2.50× 982x2130 60 fps fair
CONDITIONS lowPowerMode=false battery=charging level=0.8
RENDER t=491 fps=60.0 gpu=- 2.50× 982x2130 60 fps fair
RENDER t=492 fps=60.0 gpu=- 2.50× 982x2130 60 fps fair
RENDER t=493 fps=59.9 gpu=- 2.50× 982x2130 60 fps fair
RENDER t=494 fps=60.0 gpu=- 2.50× 982x2130 60 fps fair
RENDER t=495 fps=59.9 gpu=- 2.50× 982x2130 60 fps fair
ATTR all5 2026-10-06T08:07:44.432Z
RENDER t=496 fps=60.0 gpu=- 2.50× 982x2130 60 fps fair
RENDER t=497 fps=60.0 gpu=- 2.50× 982x2130 60 fps fair
RENDER t=498 fps=60.0 gpu=- 2.50× 982x2130 60 fps fair
RENDER t=499 fps=60.0 gpu=- 2.50× 982x2130 60 fps fair
RENDER t=500 fps=60.0 gpu=- 2.50× 982x2130 60 fps fair
CONDITIONS lowPowerMode=false battery=charging level=0.8
RENDER t=501 fps=59.9 gpu=- 2.50× 982x2130 60 fps fair
RENDER t=502 fps=60.0 gpu=- 2.50× 982x2130 60 fps fair
RENDER t=503 fps=58.0 gpu=- 2.50× 982x2130 60 fps fair
RENDER t=504 fps=59.9 gpu=- 2.50× 982x2130 60 fps fair
RENDER t=505 fps=60.0 gpu=- 2.50× 982x2130 60 fps fair
RENDER t=506 fps=60.0 gpu=- 2.50× 982x2130 60 fps fair
RENDER t=507 fps=60.0 gpu=- 2.50× 982x2130 60 fps fair
RENDER t=508 fps=59.0 gpu=- 2.50× 982x2130 60 fps fair
RENDER t=509 fps=60.0 gpu=- 2.50× 982x2130 60 fps fair
CONDITIONS lowPowerMode=false battery=charging level=0.8
RENDER t=510 fps=59.9 gpu=- 2.50× 982x2130 60 fps fair
RENDER t=511 fps=60.0 gpu=- 2.50× 982x2130 60 fps fair
RENDER t=512 fps=59.9 gpu=- 2.50× 982x2130 60 fps fair
RENDER t=513 fps=59.9 gpu=- 2.50× 982x2130 60 fps fair
RENDER t=514 fps=60.0 gpu=- 2.50× 982x2130 60 fps fair
RENDER t=515 fps=60.0 gpu=- 2.50× 982x2130 60 fps fair
RENDER t=516 fps=59.9 gpu=- 2.50× 982x2130 60 fps fair
RENDER t=517 fps=59.9 gpu=- 2.50× 982x2130 60 fps fair
RENDER t=518 fps=60.0 gpu=- 2.50× 982x2130 60 fps fair
RENDER t=519 fps=59.9 gpu=- 2.50× 982x2130 60 fps fair
CONDITIONS lowPowerMode=false battery=charging level=0.8
RENDER t=520 fps=60.0 gpu=- 2.50× 982x2130 60 fps fair
RENDER t=521 fps=60.0 gpu=- 2.50× 982x2130 60 fps fair
RENDER t=522 fps=59.9 gpu=- 2.50× 982x2130 60 fps fair
RENDER t=523 fps=60.0 gpu=- 2.50× 982x2130 60 fps fair
RENDER t=524 fps=59.0 gpu=- 2.50× 982x2130 60 fps fair
RENDER t=525 fps=60.0 gpu=- 2.50× 982x2130 60 fps fair
RENDER t=526 fps=60.0 gpu=- 2.50× 982x2130 60 fps fair
RENDER t=527 fps=59.9 gpu=- 2.50× 982x2130 60 fps fair
RENDER t=528 fps=60.0 gpu=- 2.50× 982x2130 60 fps fair
RENDER t=529 fps=59.9 gpu=- 2.50× 982x2130 60 fps fair
CONDITIONS lowPowerMode=false battery=charging level=0.8
RENDER t=530 fps=60.0 gpu=- 2.50× 982x2130 60 fps fair
RENDER t=531 fps=60.0 gpu=- 2.50× 982x2130 60 fps fair
RENDER t=532 fps=60.0 gpu=- 2.50× 982x2130 60 fps fair
RENDER t=533 fps=59.9 gpu=- 2.50× 982x2130 60 fps fair
RENDER t=534 fps=60.0 gpu=- 2.50× 982x2130 60 fps fair
RENDER t=535 fps=60.0 gpu=- 2.50× 982x2130 60 fps fair
RENDER t=536 fps=59.9 gpu=- 2.50× 982x2130 60 fps fair
RENDER t=538 fps=60.0 gpu=- 2.50× 982x2130 60 fps fair
RENDER t=539 fps=60.0 gpu=- 2.50× 982x2130 60 fps fair
RENDER t=540 fps=60.0 gpu=- 2.50× 982x2130 60 fps fair
CONDITIONS lowPowerMode=false battery=charging level=0.8
RENDER t=541 fps=59.9 gpu=- 2.50× 982x2130 60 fps fair
RENDER t=542 fps=60.0 gpu=- 2.50× 982x2130 60 fps fair
RENDER t=543 fps=59.9 gpu=- 2.50× 982x2130 60 fps fair
RENDER t=544 fps=59.9 gpu=- 2.50× 982x2130 60 fps fair
RENDER t=545 fps=60.0 gpu=- 2.50× 982x2130 60 fps fair
RENDER t=546 fps=60.0 gpu=- 2.50× 982x2130 60 fps fair
RENDER t=547 fps=60.0 gpu=- 2.50× 982x2130 60 fps fair
RENDER t=548 fps=59.9 gpu=- 2.50× 982x2130 60 fps fair
RENDER t=549 fps=60.0 gpu=- 2.50× 982x2130 60 fps fair
RENDER t=550 fps=59.9 gpu=- 2.50× 982x2130 60 fps fair
CONDITIONS lowPowerMode=false battery=charging level=0.8
RENDER t=551 fps=60.0 gpu=- 2.50× 982x2130 60 fps fair
RENDER t=552 fps=60.0 gpu=- 2.50× 982x2130 60 fps fair
RENDER t=553 fps=60.0 gpu=- 2.50× 982x2130 60 fps fair
RENDER t=554 fps=60.0 gpu=- 2.50× 982x2130 60 fps fair
RENDER t=555 fps=60.0 gpu=- 2.50× 982x2130 60 fps fair
ATTR noSurfaceDetail 2026-10-06T08:08:44.447Z
RENDER t=556 fps=60.0 gpu=- 2.50× 982x2130 60 fps fair
RENDER t=557 fps=60.0 gpu=- 2.50× 982x2130 60 fps fair
RENDER t=558 fps=59.9 gpu=- 2.50× 982x2130 60 fps fair
RENDER t=559 fps=60.0 gpu=- 2.50× 982x2130 60 fps fair
RENDER t=560 fps=60.0 gpu=- 2.50× 982x2130 60 fps fair
CONDITIONS lowPowerMode=false battery=charging level=0.8
RENDER t=561 fps=59.9 gpu=- 2.50× 982x2130 60 fps fair
RENDER t=562 fps=60.0 gpu=- 2.50× 982x2130 60 fps fair
RENDER t=563 fps=59.0 gpu=- 2.50× 982x2130 60 fps fair
RENDER t=564 fps=59.9 gpu=- 2.50× 982x2130 60 fps fair
RENDER t=565 fps=60.0 gpu=- 2.50× 982x2130 60 fps fair
RENDER t=566 fps=60.0 gpu=- 2.50× 982x2130 60 fps fair
RENDER t=567 fps=58.9 gpu=- 2.50× 982x2130 60 fps fair
RENDER t=568 fps=60.0 gpu=- 2.50× 982x2130 60 fps fair
RENDER t=569 fps=59.9 gpu=- 2.50× 982x2130 60 fps fair
CONDITIONS lowPowerMode=false battery=charging level=0.8
RENDER t=570 fps=60.0 gpu=- 2.50× 982x2130 60 fps fair
RENDER t=571 fps=60.0 gpu=- 2.50× 982x2130 60 fps fair
RENDER t=572 fps=60.0 gpu=- 2.50× 982x2130 60 fps fair
RENDER t=573 fps=58.7 gpu=- 2.50× 982x2130 60 fps fair
RENDER t=574 fps=59.2 gpu=- 2.50× 982x2130 60 fps fair
RENDER t=575 fps=60.0 gpu=- 2.50× 982x2130 60 fps fair
RENDER t=576 fps=59.9 gpu=- 2.50× 982x2130 60 fps fair
RENDER t=577 fps=59.9 gpu=- 2.50× 982x2130 60 fps fair
RENDER t=578 fps=60.0 gpu=- 2.50× 982x2130 60 fps fair
RENDER t=579 fps=60.0 gpu=- 2.50× 982x2130 60 fps fair
CONDITIONS lowPowerMode=false battery=charging level=0.8
RENDER t=580 fps=59.9 gpu=- 2.50× 982x2130 60 fps fair
RENDER t=581 fps=59.9 gpu=- 2.50× 982x2130 60 fps fair
RENDER t=582 fps=60.0 gpu=- 2.50× 982x2130 60 fps fair
RENDER t=583 fps=60.0 gpu=- 2.50× 982x2130 60 fps fair
RENDER t=584 fps=59.9 gpu=- 2.50× 982x2130 60 fps fair
RENDER t=585 fps=60.0 gpu=- 2.50× 982x2130 60 fps fair
RENDER t=586 fps=60.0 gpu=- 2.50× 982x2130 60 fps fair
RENDER t=587 fps=60.0 gpu=- 2.50× 982x2130 60 fps fair
RENDER t=588 fps=59.9 gpu=- 2.50× 982x2130 60 fps fair
RENDER t=589 fps=59.9 gpu=- 2.50× 982x2130 60 fps fair
CONDITIONS lowPowerMode=false battery=charging level=0.8
RENDER t=590 fps=59.9 gpu=- 2.50× 982x2130 60 fps fair
RENDER t=591 fps=60.0 gpu=- 2.50× 982x2130 60 fps fair
RENDER t=592 fps=59.9 gpu=- 2.50× 982x2130 60 fps fair
RENDER t=593 fps=60.0 gpu=- 2.50× 982x2130 60 fps fair
RENDER t=594 fps=60.0 gpu=- 2.50× 982x2130 60 fps fair
RENDER t=595 fps=59.9 gpu=- 2.50× 982x2130 60 fps fair
RENDER t=597 fps=60.0 gpu=- 2.50× 982x2130 60 fps fair
RENDER t=598 fps=59.9 gpu=- 2.50× 982x2130 60 fps fair
RENDER t=599 fps=60.0 gpu=- 2.50× 982x2130 60 fps fair
RENDER t=600 fps=60.0 gpu=- 2.50× 982x2130 60 fps fair
CONDITIONS lowPowerMode=false battery=charging level=0.8
RENDER t=601 fps=59.9 gpu=- 2.50× 982x2130 60 fps fair
RENDER t=602 fps=60.0 gpu=- 2.50× 982x2130 60 fps fair
RENDER t=603 fps=60.0 gpu=- 2.50× 982x2130 60 fps fair
RENDER t=604 fps=60.0 gpu=- 2.50× 982x2130 60 fps fair
RENDER t=605 fps=60.0 gpu=- 2.50× 982x2130 60 fps fair
RENDER t=606 fps=59.9 gpu=- 2.50× 982x2130 60 fps fair
RENDER t=607 fps=59.9 gpu=- 2.50× 982x2130 60 fps fair
RENDER t=608 fps=60.0 gpu=- 2.50× 982x2130 60 fps fair
RENDER t=609 fps=59.9 gpu=- 2.50× 982x2130 60 fps fair
RENDER t=610 fps=60.0 gpu=- 2.50× 982x2130 60 fps fair
CONDITIONS lowPowerMode=false battery=charging level=0.8
RENDER t=611 fps=59.9 gpu=- 2.50× 982x2130 60 fps fair
RENDER t=612 fps=60.0 gpu=- 2.50× 982x2130 60 fps fair
RENDER t=613 fps=60.0 gpu=- 2.50× 982x2130 60 fps fair
RENDER t=614 fps=59.9 gpu=- 2.50× 982x2130 60 fps fair
RENDER t=615 fps=60.0 gpu=- 2.50× 982x2130 60 fps fair
ATTR all6 2026-10-06T08:09:44.462Z
RENDER t=616 fps=60.0 gpu=- 2.50× 982x2130 60 fps fair
RENDER t=617 fps=59.9 gpu=- 2.50× 982x2130 60 fps fair
RENDER t=618 fps=60.0 gpu=- 2.50× 982x2130 60 fps fair
RENDER t=619 fps=59.9 gpu=- 2.50× 982x2130 60 fps fair
RENDER t=620 fps=60.0 gpu=- 2.50× 982x2130 60 fps fair
CONDITIONS lowPowerMode=false battery=charging level=0.8
RENDER t=621 fps=60.0 gpu=- 2.50× 982x2130 60 fps fair
RENDER t=622 fps=59.0 gpu=- 2.50× 982x2130 60 fps fair
RENDER t=623 fps=59.9 gpu=- 2.50× 982x2130 60 fps fair
RENDER t=624 fps=59.9 gpu=- 2.50× 982x2130 60 fps fair
RENDER t=625 fps=60.0 gpu=- 2.50× 982x2130 60 fps fair
RENDER t=626 fps=60.0 gpu=- 2.50× 982x2130 60 fps fair
RENDER t=627 fps=59.0 gpu=- 2.50× 982x2130 60 fps fair
RENDER t=628 fps=60.0 gpu=- 2.50× 982x2130 60 fps fair
RENDER t=629 fps=59.9 gpu=- 2.50× 982x2130 60 fps fair
CONDITIONS lowPowerMode=false battery=charging level=0.8
RENDER t=630 fps=60.0 gpu=- 2.50× 982x2130 60 fps fair
RENDER t=631 fps=60.0 gpu=- 2.50× 982x2130 60 fps fair
RENDER t=632 fps=59.9 gpu=- 2.50× 982x2130 60 fps fair
RENDER t=633 fps=60.0 gpu=- 2.50× 982x2130 60 fps fair
RENDER t=634 fps=60.0 gpu=- 2.50× 982x2130 60 fps fair
RENDER t=635 fps=59.9 gpu=- 2.50× 982x2130 60 fps fair
RENDER t=636 fps=59.9 gpu=- 2.50× 982x2130 60 fps fair
RENDER t=637 fps=60.0 gpu=- 2.50× 982x2130 60 fps fair
RENDER t=638 fps=60.0 gpu=- 2.50× 982x2130 60 fps fair
RENDER t=639 fps=59.9 gpu=- 2.50× 982x2130 60 fps fair
CONDITIONS lowPowerMode=false battery=charging level=0.8
RENDER t=640 fps=60.0 gpu=- 2.50× 982x2130 60 fps fair
RENDER t=641 fps=60.0 gpu=- 2.50× 982x2130 60 fps fair
RENDER t=642 fps=59.9 gpu=- 2.50× 982x2130 60 fps fair
RENDER t=643 fps=60.0 gpu=- 2.50× 982x2130 60 fps fair
RENDER t=644 fps=59.9 gpu=- 2.50× 982x2130 60 fps fair
RENDER t=645 fps=60.0 gpu=- 2.50× 982x2130 60 fps fair
RENDER t=646 fps=59.9 gpu=- 2.50× 982x2130 60 fps fair
RENDER t=647 fps=60.0 gpu=- 2.50× 982x2130 60 fps fair
RENDER t=648 fps=59.9 gpu=- 2.50× 982x2130 60 fps fair
RENDER t=649 fps=60.0 gpu=- 2.50× 982x2130 60 fps fair
CONDITIONS lowPowerMode=false battery=charging level=0.8
RENDER t=650 fps=60.0 gpu=- 2.50× 982x2130 60 fps fair
RENDER t=651 fps=59.9 gpu=- 2.50× 982x2130 60 fps fair
RENDER t=652 fps=59.9 gpu=- 2.50× 982x2130 60 fps fair
RENDER t=653 fps=60.0 gpu=- 2.50× 982x2130 60 fps fair
RENDER t=654 fps=60.0 gpu=- 2.50× 982x2130 60 fps fair
RENDER t=655 fps=60.0 gpu=- 2.50× 982x2130 60 fps fair
RENDER t=657 fps=60.0 gpu=- 2.50× 982x2130 60 fps fair
RENDER t=658 fps=60.0 gpu=- 2.50× 982x2130 60 fps fair
RENDER t=659 fps=59.9 gpu=- 2.50× 982x2130 60 fps fair
RENDER t=660 fps=59.9 gpu=- 2.50× 982x2130 60 fps fair
CONDITIONS lowPowerMode=false battery=charging level=0.8
RENDER t=661 fps=59.9 gpu=- 2.50× 982x2130 60 fps fair
RENDER t=662 fps=60.0 gpu=- 2.50× 982x2130 60 fps fair
RENDER t=663 fps=60.0 gpu=- 2.50× 982x2130 60 fps fair
RENDER t=664 fps=59.9 gpu=- 2.50× 982x2130 60 fps fair
RENDER t=665 fps=60.0 gpu=- 2.50× 982x2130 60 fps fair
RENDER t=666 fps=60.0 gpu=- 2.50× 982x2130 60 fps fair
RENDER t=667 fps=60.0 gpu=- 2.50× 982x2130 60 fps fair
RENDER t=668 fps=60.0 gpu=- 2.50× 982x2130 60 fps fair
RENDER t=669 fps=60.0 gpu=- 2.50× 982x2130 60 fps fair
RENDER t=670 fps=60.0 gpu=- 2.50× 982x2130 60 fps fair
CONDITIONS lowPowerMode=false battery=charging level=0.8
RENDER t=671 fps=60.0 gpu=- 2.50× 982x2130 60 fps fair
RENDER t=672 fps=59.9 gpu=- 2.50× 982x2130 60 fps fair
RENDER t=673 fps=60.0 gpu=- 2.50× 982x2130 60 fps fair
RENDER t=674 fps=60.0 gpu=- 2.50× 982x2130 60 fps fair
RENDER t=675 fps=59.9 gpu=- 2.50× 982x2130 60 fps fair
ATTR noFoliage 2026-10-06T08:10:44.481Z
RENDER t=676 fps=60.0 gpu=- 2.50× 982x2130 60 fps fair
RENDER t=677 fps=60.0 gpu=- 2.50× 982x2130 60 fps fair
RENDER t=678 fps=59.9 gpu=- 2.50× 982x2130 60 fps fair
RENDER t=679 fps=60.0 gpu=- 2.50× 982x2130 60 fps fair
RENDER t=680 fps=60.0 gpu=- 2.50× 982x2130 60 fps fair
CONDITIONS lowPowerMode=false battery=charging level=0.8
RENDER t=681 fps=60.0 gpu=- 2.50× 982x2130 60 fps fair
RENDER t=682 fps=58.0 gpu=- 2.50× 982x2130 60 fps fair
RENDER t=683 fps=60.0 gpu=- 2.50× 982x2130 60 fps fair
RENDER t=684 fps=60.0 gpu=- 2.50× 982x2130 60 fps fair
RENDER t=685 fps=59.9 gpu=- 2.50× 982x2130 60 fps fair
RENDER t=686 fps=59.9 gpu=- 2.50× 982x2130 60 fps fair
RENDER t=687 fps=59.0 gpu=- 2.50× 982x2130 60 fps fair
RENDER t=688 fps=60.0 gpu=- 2.50× 982x2130 60 fps fair
RENDER t=689 fps=60.0 gpu=- 2.50× 982x2130 60 fps fair
CONDITIONS lowPowerMode=false battery=charging level=0.8
RENDER t=690 fps=59.9 gpu=- 2.50× 982x2130 60 fps fair
RENDER t=691 fps=60.0 gpu=- 2.50× 982x2130 60 fps fair
RENDER t=692 fps=60.0 gpu=- 2.50× 982x2130 60 fps fair
RENDER t=693 fps=59.0 gpu=- 2.50× 982x2130 60 fps fair
RENDER t=694 fps=60.0 gpu=- 2.50× 982x2130 60 fps fair
RENDER t=695 fps=59.9 gpu=- 2.50× 982x2130 60 fps fair
RENDER t=696 fps=59.9 gpu=- 2.50× 982x2130 60 fps fair
RENDER t=697 fps=60.0 gpu=- 2.50× 982x2130 60 fps fair
RENDER t=698 fps=60.0 gpu=- 2.50× 982x2130 60 fps fair
RENDER t=699 fps=59.9 gpu=- 2.50× 982x2130 60 fps fair
CONDITIONS lowPowerMode=false battery=charging level=0.8
RENDER t=700 fps=60.0 gpu=- 2.50× 982x2130 60 fps fair
RENDER t=701 fps=60.0 gpu=- 2.50× 982x2130 60 fps fair
RENDER t=702 fps=60.0 gpu=- 2.50× 982x2130 60 fps fair
RENDER t=703 fps=59.9 gpu=- 2.50× 982x2130 60 fps fair
RENDER t=704 fps=60.0 gpu=- 2.50× 982x2130 60 fps fair
RENDER t=705 fps=60.0 gpu=- 2.50× 982x2130 60 fps fair
RENDER t=706 fps=59.9 gpu=- 2.50× 982x2130 60 fps fair
RENDER t=707 fps=60.0 gpu=- 2.50× 982x2130 60 fps fair
RENDER t=708 fps=60.0 gpu=- 2.50× 982x2130 60 fps fair
RENDER t=709 fps=59.9 gpu=- 2.50× 982x2130 60 fps fair
CONDITIONS lowPowerMode=false battery=charging level=0.8
RENDER t=710 fps=60.0 gpu=- 2.50× 982x2130 60 fps fair
RENDER t=711 fps=60.0 gpu=- 2.50× 982x2130 60 fps fair
RENDER t=712 fps=59.9 gpu=- 2.50× 982x2130 60 fps fair
RENDER t=713 fps=60.0 gpu=- 2.50× 982x2130 60 fps fair
RENDER t=714 fps=60.0 gpu=- 2.50× 982x2130 60 fps fair
RENDER t=716 fps=60.0 gpu=- 2.50× 982x2130 60 fps fair
RENDER t=717 fps=60.0 gpu=- 2.50× 982x2130 60 fps fair
RENDER t=718 fps=60.0 gpu=- 2.50× 982x2130 60 fps fair
RENDER t=719 fps=59.9 gpu=- 2.50× 982x2130 60 fps fair
RENDER t=720 fps=60.0 gpu=- 2.50× 982x2130 60 fps fair
CONDITIONS lowPowerMode=false battery=charging level=0.8
RENDER t=721 fps=60.0 gpu=- 2.50× 982x2130 60 fps fair
RENDER t=722 fps=59.9 gpu=- 2.50× 982x2130 60 fps fair
RENDER t=723 fps=60.0 gpu=- 2.50× 982x2130 60 fps fair
RENDER t=724 fps=59.9 gpu=- 2.50× 982x2130 60 fps fair
RENDER t=725 fps=60.0 gpu=- 2.50× 982x2130 60 fps fair
RENDER t=726 fps=59.9 gpu=- 2.50× 982x2130 60 fps fair
RENDER t=727 fps=60.0 gpu=- 2.50× 982x2130 60 fps fair
RENDER t=728 fps=59.9 gpu=- 2.50× 982x2130 60 fps fair
RENDER t=729 fps=60.0 gpu=- 2.50× 982x2130 60 fps fair
RENDER t=730 fps=60.0 gpu=- 2.50× 982x2130 60 fps fair
CONDITIONS lowPowerMode=false battery=charging level=0.8
RENDER t=731 fps=60.0 gpu=- 2.50× 982x2130 60 fps fair
RENDER t=732 fps=59.9 gpu=- 2.50× 982x2130 60 fps fair
RENDER t=733 fps=59.9 gpu=- 2.50× 982x2130 60 fps fair
RENDER t=734 fps=60.0 gpu=- 2.50× 982x2130 60 fps fair
RENDER t=735 fps=59.9 gpu=- 2.50× 982x2130 60 fps fair
ATTR all7 2026-10-06T08:11:44.502Z
RENDER t=736 fps=57.0 gpu=- 2.50× 982x2130 60 fps fair
RENDER t=737 fps=60.0 gpu=- 2.50× 982x2130 60 fps fair
RENDER t=738 fps=59.9 gpu=- 2.50× 982x2130 60 fps fair
RENDER t=739 fps=60.0 gpu=- 2.50× 982x2130 60 fps fair
RENDER t=740 fps=60.0 gpu=- 2.50× 982x2130 60 fps fair
CONDITIONS lowPowerMode=false battery=charging level=0.8
RENDER t=741 fps=59.9 gpu=- 2.50× 982x2130 60 fps fair
RENDER t=742 fps=60.0 gpu=- 2.50× 982x2130 60 fps fair
RENDER t=743 fps=59.9 gpu=- 2.50× 982x2130 60 fps fair
RENDER t=744 fps=57.7 gpu=- 2.50× 982x2130 60 fps fair
RENDER t=745 fps=59.2 gpu=- 2.50× 982x2130 60 fps fair
RENDER t=746 fps=59.9 gpu=- 2.50× 982x2130 60 fps fair
RENDER t=747 fps=60.0 gpu=- 2.50× 982x2130 60 fps fair
RENDER t=748 fps=60.0 gpu=- 2.50× 982x2130 60 fps fair
RENDER t=749 fps=59.0 gpu=- 2.50× 982x2130 60 fps fair
CONDITIONS lowPowerMode=false battery=charging level=0.8
RENDER t=750 fps=60.0 gpu=- 2.50× 982x2130 60 fps fair
RENDER t=751 fps=60.0 gpu=- 2.50× 982x2130 60 fps fair
RENDER t=752 fps=60.0 gpu=- 2.50× 982x2130 60 fps fair
RENDER t=753 fps=59.9 gpu=- 2.50× 982x2130 60 fps fair
RENDER t=754 fps=60.0 gpu=- 2.50× 982x2130 60 fps fair
RENDER t=755 fps=59.0 gpu=- 2.50× 982x2130 60 fps fair
RENDER t=756 fps=59.9 gpu=- 2.50× 982x2130 60 fps fair
RENDER t=757 fps=60.0 gpu=- 2.50× 982x2130 60 fps fair
RENDER t=758 fps=60.0 gpu=- 2.50× 982x2130 60 fps fair
RENDER t=759 fps=60.0 gpu=- 2.50× 982x2130 60 fps fair
CONDITIONS lowPowerMode=false battery=charging level=0.8
RENDER t=760 fps=59.9 gpu=- 2.50× 982x2130 60 fps fair
RENDER t=761 fps=60.0 gpu=- 2.50× 982x2130 60 fps fair
RENDER t=762 fps=59.9 gpu=- 2.50× 982x2130 60 fps fair
RENDER t=763 fps=59.9 gpu=- 2.50× 982x2130 60 fps fair
RENDER t=764 fps=60.0 gpu=- 2.50× 982x2130 60 fps fair
RENDER t=765 fps=59.9 gpu=- 2.50× 982x2130 60 fps fair
RENDER t=766 fps=60.0 gpu=- 2.50× 982x2130 60 fps fair
RENDER t=767 fps=60.0 gpu=- 2.50× 982x2130 60 fps fair
RENDER t=768 fps=60.0 gpu=- 2.50× 982x2130 60 fps fair
RENDER t=769 fps=59.9 gpu=- 2.50× 982x2130 60 fps fair
CONDITIONS lowPowerMode=false battery=charging level=0.8
RENDER t=770 fps=60.0 gpu=- 2.50× 982x2130 60 fps fair
RENDER t=771 fps=60.0 gpu=- 2.50× 982x2130 60 fps fair
RENDER t=772 fps=60.0 gpu=- 2.50× 982x2130 60 fps fair
RENDER t=773 fps=60.0 gpu=- 2.50× 982x2130 60 fps fair
RENDER t=775 fps=60.0 gpu=- 2.50× 982x2130 60 fps fair
RENDER t=776 fps=60.0 gpu=- 2.50× 982x2130 60 fps fair
RENDER t=777 fps=60.0 gpu=- 2.50× 982x2130 60 fps fair
RENDER t=778 fps=60.0 gpu=- 2.50× 982x2130 60 fps fair
RENDER t=779 fps=59.9 gpu=- 2.50× 982x2130 60 fps fair
RENDER t=780 fps=60.0 gpu=- 2.50× 982x2130 60 fps fair
CONDITIONS lowPowerMode=false battery=charging level=0.8
RENDER t=781 fps=60.0 gpu=- 2.50× 982x2130 60 fps fair
RENDER t=782 fps=60.0 gpu=- 2.50× 982x2130 60 fps fair
RENDER t=783 fps=60.0 gpu=- 2.50× 982x2130 60 fps fair
RENDER t=784 fps=60.0 gpu=- 2.50× 982x2130 60 fps fair
RENDER t=785 fps=59.9 gpu=- 2.50× 982x2130 60 fps fair
RENDER t=786 fps=59.9 gpu=- 2.50× 982x2130 60 fps fair
RENDER t=787 fps=60.0 gpu=- 2.50× 982x2130 60 fps fair
RENDER t=788 fps=59.9 gpu=- 2.50× 982x2130 60 fps fair
RENDER t=789 fps=60.0 gpu=- 2.50× 982x2130 60 fps fair
RENDER t=790 fps=59.9 gpu=- 2.50× 982x2130 60 fps fair
CONDITIONS lowPowerMode=false battery=charging level=0.8
RENDER t=791 fps=60.0 gpu=- 2.50× 982x2130 60 fps fair
RENDER t=792 fps=59.9 gpu=- 2.50× 982x2130 60 fps fair
RENDER t=793 fps=60.0 gpu=- 2.50× 982x2130 60 fps fair
RENDER t=794 fps=59.9 gpu=- 2.50× 982x2130 60 fps fair
RENDER t=795 fps=60.0 gpu=- 2.50× 982x2130 60 fps fair
ATTR noBuildings 2026-10-06T08:12:44.509Z
RENDER t=796 fps=59.9 gpu=- 2.50× 982x2130 60 fps fair
RENDER t=797 fps=60.0 gpu=- 2.50× 982x2130 60 fps fair
RENDER t=798 fps=60.0 gpu=- 2.50× 982x2130 60 fps fair
RENDER t=799 fps=60.0 gpu=- 2.50× 982x2130 60 fps fair
RENDER t=800 fps=59.9 gpu=- 2.50× 982x2130 60 fps fair
CONDITIONS lowPowerMode=false battery=charging level=0.8
RENDER t=801 fps=60.0 gpu=- 2.50× 982x2130 60 fps fair
RENDER t=802 fps=59.9 gpu=- 2.50× 982x2130 60 fps fair
RENDER t=803 fps=58.0 gpu=- 2.50× 982x2130 60 fps fair
RENDER t=804 fps=60.0 gpu=- 2.50× 982x2130 60 fps fair
RENDER t=805 fps=60.0 gpu=- 2.50× 982x2130 60 fps fair
RENDER t=806 fps=60.0 gpu=- 2.50× 982x2130 60 fps fair
RENDER t=807 fps=59.0 gpu=- 2.50× 982x2130 60 fps fair
RENDER t=808 fps=60.0 gpu=- 2.50× 982x2130 60 fps fair
RENDER t=809 fps=59.9 gpu=- 2.50× 982x2130 60 fps fair
CONDITIONS lowPowerMode=false battery=charging level=0.8
RENDER t=810 fps=59.9 gpu=- 2.50× 982x2130 60 fps fair
RENDER t=811 fps=60.0 gpu=- 2.50× 982x2130 60 fps fair
RENDER t=812 fps=59.9 gpu=- 2.50× 982x2130 60 fps fair
RENDER t=813 fps=59.0 gpu=- 2.50× 982x2130 60 fps fair
RENDER t=814 fps=59.9 gpu=- 2.50× 982x2130 60 fps fair
RENDER t=815 fps=60.0 gpu=- 2.50× 982x2130 60 fps fair
RENDER t=816 fps=60.0 gpu=- 2.50× 982x2130 60 fps fair
RENDER t=817 fps=59.9 gpu=- 2.50× 982x2130 60 fps fair
RENDER t=818 fps=60.0 gpu=- 2.50× 982x2130 60 fps fair
RENDER t=819 fps=59.9 gpu=- 2.50× 982x2130 60 fps fair
CONDITIONS lowPowerMode=false battery=charging level=0.8
RENDER t=820 fps=60.0 gpu=- 2.50× 982x2130 60 fps fair
RENDER t=821 fps=60.0 gpu=- 2.50× 982x2130 60 fps fair
RENDER t=822 fps=60.0 gpu=- 2.50× 982x2130 60 fps fair
RENDER t=823 fps=59.9 gpu=- 2.50× 982x2130 60 fps fair
RENDER t=824 fps=59.9 gpu=- 2.50× 982x2130 60 fps fair
RENDER t=825 fps=60.0 gpu=- 2.50× 982x2130 60 fps fair
RENDER t=826 fps=60.0 gpu=- 2.50× 982x2130 60 fps fair
RENDER t=827 fps=59.9 gpu=- 2.50× 982x2130 60 fps fair
RENDER t=828 fps=60.0 gpu=- 2.50× 982x2130 60 fps fair
RENDER t=829 fps=59.9 gpu=- 2.50× 982x2130 60 fps fair
CONDITIONS lowPowerMode=false battery=charging level=0.8
RENDER t=830 fps=59.9 gpu=- 2.50× 982x2130 60 fps fair
RENDER t=831 fps=60.0 gpu=- 2.50× 982x2130 60 fps fair
RENDER t=832 fps=59.9 gpu=- 2.50× 982x2130 60 fps fair
RENDER t=834 fps=60.0 gpu=- 2.50× 982x2130 60 fps fair
RENDER t=835 fps=60.0 gpu=- 2.50× 982x2130 60 fps fair
RENDER t=836 fps=59.9 gpu=- 2.50× 982x2130 60 fps fair
RENDER t=837 fps=60.0 gpu=- 2.50× 982x2130 60 fps fair
RENDER t=838 fps=60.0 gpu=- 2.50× 982x2130 60 fps fair
RENDER t=839 fps=60.0 gpu=- 2.50× 982x2130 60 fps fair
RENDER t=840 fps=59.9 gpu=- 2.50× 982x2130 60 fps fair
CONDITIONS lowPowerMode=false battery=charging level=0.8
RENDER t=841 fps=59.9 gpu=- 2.50× 982x2130 60 fps fair
RENDER t=842 fps=60.0 gpu=- 2.50× 982x2130 60 fps fair
RENDER t=843 fps=59.9 gpu=- 2.50× 982x2130 60 fps fair
RENDER t=844 fps=60.0 gpu=- 2.50× 982x2130 60 fps fair
RENDER t=845 fps=60.0 gpu=- 2.50× 982x2130 60 fps fair
RENDER t=846 fps=60.0 gpu=- 2.50× 982x2130 60 fps fair
RENDER t=847 fps=59.9 gpu=- 2.50× 982x2130 60 fps fair
RENDER t=848 fps=60.0 gpu=- 2.50× 982x2130 60 fps fair
RENDER t=849 fps=59.9 gpu=- 2.50× 982x2130 60 fps fair
RENDER t=850 fps=60.0 gpu=- 2.50× 982x2130 60 fps fair
CONDITIONS lowPowerMode=false battery=charging level=0.8
RENDER t=851 fps=59.9 gpu=- 2.50× 982x2130 60 fps fair
RENDER t=852 fps=60.0 gpu=- 2.50× 982x2130 60 fps fair
RENDER t=853 fps=59.9 gpu=- 2.50× 982x2130 60 fps fair
RENDER t=854 fps=60.0 gpu=- 2.50× 982x2130 60 fps fair
RENDER t=855 fps=60.0 gpu=- 2.50× 982x2130 60 fps fair
ATTR all8 2026-10-06T08:13:44.524Z
RENDER t=856 fps=59.9 gpu=- 2.50× 982x2130 60 fps fair
RENDER t=857 fps=60.0 gpu=- 2.50× 982x2130 60 fps fair
RENDER t=858 fps=59.9 gpu=- 2.50× 982x2130 60 fps fair
RENDER t=859 fps=60.0 gpu=- 2.50× 982x2130 60 fps fair
RENDER t=860 fps=59.9 gpu=- 2.50× 982x2130 60 fps fair
CONDITIONS lowPowerMode=false battery=charging level=0.8
RENDER t=861 fps=60.0 gpu=- 2.50× 982x2130 60 fps fair
RENDER t=862 fps=59.9 gpu=- 2.50× 982x2130 60 fps fair
RENDER t=863 fps=58.0 gpu=- 2.50× 982x2130 60 fps fair
RENDER t=864 fps=60.0 gpu=- 2.50× 982x2130 60 fps fair
RENDER t=865 fps=59.9 gpu=- 2.50× 982x2130 60 fps fair
RENDER t=866 fps=59.9 gpu=- 2.50× 982x2130 60 fps fair
RENDER t=867 fps=59.0 gpu=- 2.50× 982x2130 60 fps fair
RENDER t=868 fps=60.0 gpu=- 2.50× 982x2130 60 fps fair
RENDER t=869 fps=59.9 gpu=- 2.50× 982x2130 60 fps fair
CONDITIONS lowPowerMode=false battery=charging level=0.8
RENDER t=870 fps=60.0 gpu=- 2.50× 982x2130 60 fps fair
RENDER t=871 fps=59.9 gpu=- 2.50× 982x2130 60 fps fair
RENDER t=872 fps=60.0 gpu=- 2.50× 982x2130 60 fps fair
RENDER t=873 fps=59.0 gpu=- 2.50× 982x2130 60 fps fair
RENDER t=874 fps=60.0 gpu=- 2.50× 982x2130 60 fps fair
RENDER t=875 fps=60.0 gpu=- 2.50× 982x2130 60 fps fair
RENDER t=876 fps=59.9 gpu=- 2.50× 982x2130 60 fps fair
RENDER t=877 fps=60.0 gpu=- 2.50× 982x2130 60 fps fair
RENDER t=878 fps=60.0 gpu=- 2.50× 982x2130 60 fps fair
RENDER t=879 fps=59.9 gpu=- 2.50× 982x2130 60 fps fair
CONDITIONS lowPowerMode=false battery=charging level=0.8
RENDER t=880 fps=60.0 gpu=- 2.50× 982x2130 60 fps fair
RENDER t=881 fps=60.0 gpu=- 2.50× 982x2130 60 fps fair
RENDER t=882 fps=60.0 gpu=- 2.50× 982x2130 60 fps fair
RENDER t=883 fps=60.0 gpu=- 2.50× 982x2130 60 fps fair
RENDER t=884 fps=60.0 gpu=- 2.50× 982x2130 60 fps fair
RENDER t=885 fps=60.0 gpu=- 2.50× 982x2130 60 fps fair
RENDER t=886 fps=59.9 gpu=- 2.50× 982x2130 60 fps fair
RENDER t=887 fps=60.0 gpu=- 2.50× 982x2130 60 fps fair
RENDER t=888 fps=59.9 gpu=- 2.50× 982x2130 60 fps fair
RENDER t=889 fps=60.0 gpu=- 2.50× 982x2130 60 fps fair
CONDITIONS lowPowerMode=false battery=charging level=0.8
RENDER t=890 fps=59.9 gpu=- 2.50× 982x2130 60 fps fair
RENDER t=892 fps=60.0 gpu=- 2.50× 982x2130 60 fps fair
RENDER t=893 fps=60.0 gpu=- 2.50× 982x2130 60 fps fair
RENDER t=894 fps=59.9 gpu=- 2.50× 982x2130 60 fps fair
RENDER t=895 fps=60.0 gpu=- 2.50× 982x2130 60 fps fair
RENDER t=896 fps=60.0 gpu=- 2.50× 982x2130 60 fps fair
RENDER t=897 fps=60.0 gpu=- 2.50× 982x2130 60 fps fair
RENDER t=898 fps=60.0 gpu=- 2.50× 982x2130 60 fps fair
RENDER t=899 fps=60.0 gpu=- 2.50× 982x2130 60 fps fair
RENDER t=900 fps=60.0 gpu=- 2.50× 982x2130 60 fps fair
CONDITIONS lowPowerMode=false battery=charging level=0.8
RENDER t=901 fps=59.9 gpu=- 2.50× 982x2130 60 fps fair
RENDER t=902 fps=60.0 gpu=- 2.50× 982x2130 60 fps fair
RENDER t=903 fps=59.9 gpu=- 2.50× 982x2130 60 fps fair
RENDER t=904 fps=60.0 gpu=- 2.50× 982x2130 60 fps fair
RENDER t=905 fps=60.0 gpu=- 2.50× 982x2130 60 fps fair
RENDER t=906 fps=60.0 gpu=- 2.50× 982x2130 60 fps fair
RENDER t=907 fps=59.9 gpu=- 2.50× 982x2130 60 fps fair
RENDER t=908 fps=60.0 gpu=- 2.50× 982x2130 60 fps fair
RENDER t=909 fps=59.9 gpu=- 2.50× 982x2130 60 fps fair
RENDER t=910 fps=59.9 gpu=- 2.50× 982x2130 60 fps fair
CONDITIONS lowPowerMode=false battery=charging level=0.8
RENDER t=911 fps=59.9 gpu=- 2.50× 982x2130 60 fps fair
RENDER t=912 fps=60.0 gpu=- 2.50× 982x2130 60 fps fair
RENDER t=913 fps=60.0 gpu=- 2.50× 982x2130 60 fps fair
RENDER t=914 fps=60.0 gpu=- 2.50× 982x2130 60 fps fair
RENDER t=915 fps=59.9 gpu=- 2.50× 982x2130 60 fps fair
ATTR cutDetail 2026-10-06T08:14:44.545Z
RENDER t=916 fps=60.0 gpu=- 2.50× 982x2130 60 fps fair
RENDER t=917 fps=59.9 gpu=- 2.50× 982x2130 60 fps fair
RENDER t=918 fps=60.0 gpu=- 2.50× 982x2130 60 fps fair
RENDER t=919 fps=60.0 gpu=- 2.50× 982x2130 60 fps fair
RENDER t=920 fps=59.9 gpu=- 2.50× 982x2130 60 fps fair
RENDER t=921 fps=60.0 gpu=- 2.50× 982x2130 60 fps fair
RENDER t=922 fps=60.0 gpu=- 2.50× 982x2130 60 fps fair
RENDER t=923 fps=59.0 gpu=- 2.50× 982x2130 60 fps fair
RENDER t=924 fps=59.9 gpu=- 2.50× 982x2130 60 fps fair
RENDER t=925 fps=60.0 gpu=- 2.50× 982x2130 60 fps fair
RENDER t=926 fps=59.9 gpu=- 2.50× 982x2130 60 fps fair
RENDER t=927 fps=58.9 gpu=- 2.50× 982x2130 60 fps fair
RENDER t=928 fps=60.0 gpu=- 2.50× 982x2130 60 fps fair
RENDER t=929 fps=59.9 gpu=- 2.50× 982x2130 60 fps fair
CONDITIONS lowPowerMode=false battery=charging level=0.8
RENDER t=930 fps=59.9 gpu=- 2.50× 982x2130 60 fps fair
RENDER t=931 fps=60.0 gpu=- 2.50× 982x2130 60 fps fair
RENDER t=932 fps=60.0 gpu=- 2.50× 982x2130 60 fps fair
RENDER t=933 fps=59.9 gpu=- 2.50× 982x2130 60 fps fair
RENDER t=934 fps=59.9 gpu=- 2.50× 982x2130 60 fps fair
RENDER t=935 fps=60.0 gpu=- 2.50× 982x2130 60 fps fair
RENDER t=936 fps=59.9 gpu=- 2.50× 982x2130 60 fps fair
RENDER t=937 fps=60.0 gpu=- 2.50× 982x2130 60 fps fair
RENDER t=938 fps=60.0 gpu=- 2.50× 982x2130 60 fps fair
RENDER t=939 fps=59.9 gpu=- 2.50× 982x2130 60 fps fair
CONDITIONS lowPowerMode=false battery=charging level=0.8
RENDER t=940 fps=59.9 gpu=- 2.50× 982x2130 60 fps fair
RENDER t=941 fps=60.0 gpu=- 2.50× 982x2130 60 fps fair
RENDER t=942 fps=60.0 gpu=- 2.50× 982x2130 60 fps serious
RENDER t=943 fps=60.0 gpu=- 2.50× 982x2130 60 fps serious
RENDER t=944 fps=59.9 gpu=- 2.50× 982x2130 60 fps serious
RENDER t=945 fps=60.0 gpu=- 2.50× 982x2130 60 fps serious
RENDER t=946 fps=59.9 gpu=- 2.50× 982x2130 60 fps serious
RENDER t=947 fps=60.0 gpu=- 2.50× 982x2130 60 fps serious
RENDER t=948 fps=60.0 gpu=- 2.50× 982x2130 60 fps serious
RENDER t=949 fps=59.9 gpu=- 2.50× 982x2130 60 fps serious
CONDITIONS lowPowerMode=false battery=charging level=0.8
RENDER t=950 fps=60.0 gpu=- 2.50× 982x2130 60 fps serious
RENDER t=952 fps=60.0 gpu=- 2.50× 982x2130 60 fps serious
RENDER t=953 fps=60.0 gpu=- 2.50× 982x2130 60 fps serious
RENDER t=954 fps=59.9 gpu=- 2.50× 982x2130 60 fps serious
RENDER t=955 fps=59.9 gpu=- 2.50× 982x2130 60 fps serious
RENDER t=956 fps=60.0 gpu=- 2.50× 982x2130 60 fps serious
RENDER t=957 fps=60.0 gpu=- 2.50× 982x2130 60 fps serious
RENDER t=958 fps=59.9 gpu=- 2.50× 982x2130 60 fps serious
RENDER t=959 fps=59.9 gpu=- 2.50× 982x2130 60 fps serious
RENDER t=960 fps=59.9 gpu=- 2.50× 982x2130 60 fps serious
CONDITIONS lowPowerMode=false battery=charging level=0.8
RENDER t=961 fps=60.0 gpu=- 2.50× 982x2130 60 fps serious
RENDER t=962 fps=60.0 gpu=- 2.50× 982x2130 60 fps serious
RENDER t=963 fps=60.0 gpu=- 2.50× 982x2130 60 fps serious
RENDER t=964 fps=60.0 gpu=- 2.50× 982x2130 60 fps serious
RENDER t=965 fps=59.9 gpu=- 2.50× 982x2130 60 fps serious
RENDER t=966 fps=60.0 gpu=- 2.50× 982x2130 60 fps serious
RENDER t=967 fps=60.0 gpu=- 2.50× 982x2130 60 fps serious
RENDER t=968 fps=59.9 gpu=- 2.50× 982x2130 60 fps serious
RENDER t=969 fps=60.0 gpu=- 2.50× 982x2130 60 fps serious
RENDER t=970 fps=59.9 gpu=- 2.50× 982x2130 60 fps serious
CONDITIONS lowPowerMode=false battery=charging level=0.8
RENDER t=971 fps=60.0 gpu=- 2.50× 982x2130 60 fps serious
RENDER t=972 fps=60.0 gpu=- 2.50× 982x2130 60 fps serious
RENDER t=973 fps=60.0 gpu=- 2.50× 982x2130 60 fps serious
RENDER t=974 fps=60.0 gpu=- 2.50× 982x2130 60 fps serious
RENDER t=975 fps=59.9 gpu=- 2.50× 982x2130 60 fps serious
ATTR all9 2026-10-06T08:15:44.562Z
RENDER t=976 fps=59.0 gpu=- 2.50× 982x2130 60 fps serious
RENDER t=977 fps=59.9 gpu=- 2.50× 982x2130 60 fps serious
RENDER t=978 fps=59.9 gpu=- 2.50× 982x2130 60 fps serious
RENDER t=979 fps=60.0 gpu=- 2.50× 982x2130 60 fps serious
RENDER t=980 fps=60.0 gpu=- 2.50× 982x2130 60 fps serious
RENDER t=981 fps=60.0 gpu=- 2.50× 982x2130 60 fps serious
RENDER t=982 fps=58.0 gpu=- 2.50× 982x2130 60 fps serious
RENDER t=983 fps=59.9 gpu=- 2.50× 982x2130 60 fps serious
RENDER t=984 fps=59.9 gpu=- 2.50× 982x2130 60 fps serious
RENDER t=985 fps=60.0 gpu=- 2.50× 982x2130 60 fps serious
RENDER t=986 fps=59.7 gpu=- 2.50× 982x2130 60 fps serious
RENDER t=987 fps=59.2 gpu=- 2.50× 982x2130 60 fps serious
RENDER t=988 fps=60.0 gpu=- 2.50× 982x2130 60 fps serious
RENDER t=989 fps=60.0 gpu=- 2.50× 982x2130 60 fps serious
CONDITIONS lowPowerMode=false battery=charging level=0.8
RENDER t=990 fps=60.0 gpu=- 2.50× 982x2130 60 fps serious
RENDER t=991 fps=60.0 gpu=- 2.50× 982x2130 60 fps serious
RENDER t=992 fps=59.9 gpu=- 2.50× 982x2130 60 fps serious
RENDER t=993 fps=58.0 gpu=- 2.50× 982x2130 60 fps serious
RENDER t=994 fps=60.0 gpu=- 2.50× 982x2130 60 fps serious
RENDER t=995 fps=59.9 gpu=- 2.50× 982x2130 60 fps serious
RENDER t=996 fps=59.9 gpu=- 2.50× 982x2130 60 fps serious
RENDER t=997 fps=60.0 gpu=- 2.50× 982x2130 60 fps serious
RENDER t=998 fps=60.0 gpu=- 2.50× 982x2130 60 fps serious
RENDER t=999 fps=60.0 gpu=- 2.50× 982x2130 60 fps serious
CONDITIONS lowPowerMode=false battery=charging level=0.8
RENDER t=1000 fps=59.9 gpu=- 2.50× 982x2130 60 fps serious
RENDER t=1001 fps=60.0 gpu=- 2.50× 982x2130 60 fps serious
RENDER t=1002 fps=59.9 gpu=- 2.50× 982x2130 60 fps serious
RENDER t=1003 fps=60.0 gpu=- 2.50× 982x2130 60 fps serious
RENDER t=1004 fps=59.9 gpu=- 2.50× 982x2130 60 fps serious
RENDER t=1005 fps=60.0 gpu=- 2.50× 982x2130 60 fps serious
RENDER t=1006 fps=60.0 gpu=- 2.50× 982x2130 60 fps serious
RENDER t=1007 fps=59.9 gpu=- 2.50× 982x2130 60 fps serious
RENDER t=1008 fps=60.0 gpu=- 2.50× 982x2130 60 fps serious
RENDER t=1010 fps=60.0 gpu=- 2.50× 982x2130 60 fps serious
CONDITIONS lowPowerMode=false battery=charging level=0.8
RENDER t=1011 fps=59.9 gpu=- 2.50× 982x2130 60 fps serious
RENDER t=1012 fps=60.0 gpu=- 2.50× 982x2130 60 fps serious
RENDER t=1013 fps=60.0 gpu=- 2.50× 982x2130 60 fps serious
RENDER t=1014 fps=60.0 gpu=- 2.50× 982x2130 60 fps serious
RENDER t=1015 fps=60.0 gpu=- 2.50× 982x2130 60 fps serious
RENDER t=1016 fps=60.0 gpu=- 2.50× 982x2130 60 fps serious
RENDER t=1017 fps=60.0 gpu=- 2.50× 982x2130 60 fps serious
RENDER t=1018 fps=60.0 gpu=- 2.50× 982x2130 60 fps serious
RENDER t=1019 fps=59.9 gpu=- 2.50× 982x2130 60 fps serious
RENDER t=1020 fps=60.0 gpu=- 2.50× 982x2130 60 fps serious
CONDITIONS lowPowerMode=false battery=charging level=0.8
RENDER t=1021 fps=59.9 gpu=- 2.50× 982x2130 60 fps serious
RENDER t=1022 fps=60.0 gpu=- 2.50× 982x2130 60 fps serious
RENDER t=1023 fps=60.0 gpu=- 2.50× 982x2130 60 fps serious
RENDER t=1024 fps=59.9 gpu=- 2.50× 982x2130 60 fps serious
RENDER t=1025 fps=60.0 gpu=- 2.50× 982x2130 60 fps serious
RENDER t=1026 fps=59.9 gpu=- 2.50× 982x2130 60 fps serious
RENDER t=1027 fps=60.0 gpu=- 2.50× 982x2130 60 fps serious
RENDER t=1028 fps=60.0 gpu=- 2.50× 982x2130 60 fps serious
RENDER t=1029 fps=60.0 gpu=- 2.50× 982x2130 60 fps serious
RENDER t=1030 fps=60.0 gpu=- 2.50× 982x2130 60 fps serious
CONDITIONS lowPowerMode=false battery=charging level=0.8
RENDER t=1031 fps=59.9 gpu=- 2.50× 982x2130 60 fps serious
RENDER t=1032 fps=60.0 gpu=- 2.50× 982x2130 60 fps serious
RENDER t=1033 fps=59.9 gpu=- 2.50× 982x2130 60 fps serious
RENDER t=1034 fps=60.0 gpu=- 2.50× 982x2130 60 fps serious
RENDER t=1035 fps=59.9 gpu=- 2.50× 982x2130 60 fps serious
ATTR shadow50 2026-10-06T08:16:44.567Z
RENDER t=1036 fps=60.0 gpu=- 2.50× 982x2130 60 fps serious
RENDER t=1037 fps=59.9 gpu=- 2.50× 982x2130 60 fps serious
RENDER t=1038 fps=59.9 gpu=- 2.50× 982x2130 60 fps serious
RENDER t=1039 fps=60.0 gpu=- 2.50× 982x2130 60 fps serious
CONDITIONS lowPowerMode=false battery=charging level=0.8
RENDER t=1040 fps=60.0 gpu=- 2.50× 982x2130 60 fps serious
RENDER t=1041 fps=60.0 gpu=- 2.50× 982x2130 60 fps serious
RENDER t=1042 fps=60.0 gpu=- 2.50× 982x2130 60 fps serious
RENDER t=1043 fps=59.9 gpu=- 2.50× 982x2130 60 fps serious
RENDER t=1044 fps=60.0 gpu=- 2.50× 982x2130 60 fps serious
RENDER t=1045 fps=59.9 gpu=- 2.50× 982x2130 60 fps serious
RENDER t=1046 fps=60.0 gpu=- 2.50× 982x2130 60 fps serious
RENDER t=1047 fps=59.9 gpu=- 2.50× 982x2130 60 fps serious
RENDER t=1048 fps=59.0 gpu=- 2.50× 982x2130 60 fps serious
RENDER t=1049 fps=60.0 gpu=- 2.50× 982x2130 60 fps serious
CONDITIONS lowPowerMode=false battery=charging level=0.8
RENDER t=1050 fps=59.9 gpu=- 2.50× 982x2130 60 fps serious
RENDER t=1051 fps=59.9 gpu=- 2.50× 982x2130 60 fps serious
RENDER t=1052 fps=60.0 gpu=- 2.50× 982x2130 60 fps serious
RENDER t=1053 fps=59.9 gpu=- 2.50× 982x2130 60 fps serious
RENDER t=1054 fps=59.0 gpu=- 2.50× 982x2130 60 fps serious
RENDER t=1055 fps=60.0 gpu=- 2.50× 982x2130 60 fps serious
RENDER t=1056 fps=59.9 gpu=- 2.50× 982x2130 60 fps serious
RENDER t=1057 fps=59.9 gpu=- 2.50× 982x2130 60 fps serious
RENDER t=1058 fps=60.0 gpu=- 2.50× 982x2130 60 fps serious
RENDER t=1059 fps=60.0 gpu=- 2.50× 982x2130 60 fps serious
CONDITIONS lowPowerMode=false battery=charging level=0.8
RENDER t=1060 fps=60.0 gpu=- 2.50× 982x2130 60 fps serious
RENDER t=1061 fps=60.0 gpu=- 2.50× 982x2130 60 fps serious
RENDER t=1062 fps=59.9 gpu=- 2.50× 982x2130 60 fps serious
RENDER t=1063 fps=60.0 gpu=- 2.50× 982x2130 60 fps serious
RENDER t=1064 fps=59.9 gpu=- 2.50× 982x2130 60 fps serious
RENDER t=1065 fps=60.0 gpu=- 2.50× 982x2130 60 fps serious
RENDER t=1066 fps=59.9 gpu=- 2.50× 982x2130 60 fps serious
RENDER t=1067 fps=60.0 gpu=- 2.50× 982x2130 60 fps serious
RENDER t=1069 fps=59.9 gpu=- 2.50× 982x2130 60 fps serious
RENDER t=1070 fps=60.0 gpu=- 2.50× 982x2130 60 fps serious
CONDITIONS lowPowerMode=false battery=charging level=0.8
RENDER t=1071 fps=59.9 gpu=- 2.50× 982x2130 60 fps serious
RENDER t=1072 fps=60.0 gpu=- 2.50× 982x2130 60 fps serious
RENDER t=1073 fps=60.0 gpu=- 2.50× 982x2130 60 fps serious
RENDER t=1074 fps=60.0 gpu=- 2.50× 982x2130 60 fps serious
RENDER t=1075 fps=60.0 gpu=- 2.50× 982x2130 60 fps serious
RENDER t=1076 fps=59.9 gpu=- 2.50× 982x2130 60 fps serious
RENDER t=1077 fps=60.0 gpu=- 2.50× 982x2130 60 fps serious
RENDER t=1078 fps=59.9 gpu=- 2.50× 982x2130 60 fps serious
RENDER t=1079 fps=60.0 gpu=- 2.50× 982x2130 60 fps serious
RENDER t=1080 fps=59.9 gpu=- 2.50× 982x2130 60 fps serious
CONDITIONS lowPowerMode=false battery=charging level=0.8
RENDER t=1081 fps=60.0 gpu=- 2.50× 982x2130 60 fps serious
RENDER t=1082 fps=59.9 gpu=- 2.50× 982x2130 60 fps serious
RENDER t=1083 fps=60.0 gpu=- 2.50× 982x2130 60 fps serious
RENDER t=1084 fps=59.9 gpu=- 2.50× 982x2130 60 fps serious
RENDER t=1085 fps=59.9 gpu=- 2.50× 982x2130 60 fps serious
RENDER t=1086 fps=60.0 gpu=- 2.50× 982x2130 60 fps serious
RENDER t=1087 fps=60.0 gpu=- 2.50× 982x2130 60 fps serious
RENDER t=1088 fps=59.9 gpu=- 2.50× 982x2130 60 fps serious
RENDER t=1089 fps=59.9 gpu=- 2.50× 982x2130 60 fps serious
RENDER t=1090 fps=60.0 gpu=- 2.50× 982x2130 60 fps serious
CONDITIONS lowPowerMode=false battery=charging level=0.8
RENDER t=1091 fps=59.9 gpu=- 2.50× 982x2130 60 fps serious
RENDER t=1092 fps=60.0 gpu=- 2.50× 982x2130 60 fps serious
RENDER t=1093 fps=60.0 gpu=- 2.50× 982x2130 60 fps serious
RENDER t=1094 fps=60.0 gpu=- 2.50× 982x2130 60 fps serious
RENDER t=1095 fps=59.9 gpu=- 2.50× 982x2130 60 fps serious
ATTR all10 2026-10-06T08:17:44.582Z
RENDER t=1096 fps=59.9 gpu=- 2.50× 982x2130 60 fps serious
RENDER t=1097 fps=59.9 gpu=- 2.50× 982x2130 60 fps serious
RENDER t=1098 fps=60.0 gpu=- 2.50× 982x2130 60 fps serious
RENDER t=1099 fps=60.0 gpu=- 2.50× 982x2130 60 fps serious
CONDITIONS lowPowerMode=false battery=charging level=0.8
RENDER t=1100 fps=60.0 gpu=- 2.50× 982x2130 60 fps serious
RENDER t=1101 fps=59.9 gpu=- 2.50× 982x2130 60 fps serious
RENDER t=1102 fps=59.9 gpu=- 2.50× 982x2130 60 fps serious
RENDER t=1103 fps=58.0 gpu=- 2.50× 982x2130 60 fps serious
RENDER t=1104 fps=60.0 gpu=- 2.50× 982x2130 60 fps serious
RENDER t=1105 fps=59.9 gpu=- 2.50× 982x2130 60 fps serious
RENDER t=1106 fps=60.0 gpu=- 2.50× 982x2130 60 fps serious
RENDER t=1107 fps=59.9 gpu=- 2.50× 982x2130 60 fps serious
RENDER t=1108 fps=59.0 gpu=- 2.50× 982x2130 60 fps serious
RENDER t=1109 fps=60.0 gpu=- 2.50× 982x2130 60 fps serious
CONDITIONS lowPowerMode=false battery=charging level=0.8
RENDER t=1110 fps=59.9 gpu=- 2.50× 982x2130 60 fps serious
RENDER t=1111 fps=60.0 gpu=- 2.50× 982x2130 60 fps serious
RENDER t=1112 fps=59.9 gpu=- 2.50× 982x2130 60 fps serious
RENDER t=1113 fps=59.9 gpu=- 2.50× 982x2130 60 fps serious
RENDER t=1114 fps=59.0 gpu=- 2.50× 982x2130 60 fps serious
RENDER t=1115 fps=59.9 gpu=- 2.50× 982x2130 60 fps serious
RENDER t=1116 fps=60.0 gpu=- 2.50× 982x2130 60 fps serious
RENDER t=1117 fps=59.9 gpu=- 2.50× 982x2130 60 fps serious
RENDER t=1118 fps=59.9 gpu=- 2.50× 982x2130 60 fps serious
RENDER t=1119 fps=60.0 gpu=- 2.50× 982x2130 60 fps serious
CONDITIONS lowPowerMode=false battery=charging level=0.8
RENDER t=1120 fps=59.9 gpu=- 2.50× 982x2130 60 fps serious
RENDER t=1121 fps=60.0 gpu=- 2.50× 982x2130 60 fps serious
RENDER t=1122 fps=59.9 gpu=- 2.50× 982x2130 60 fps serious
RENDER t=1123 fps=59.9 gpu=- 2.50× 982x2130 60 fps serious
RENDER t=1124 fps=60.0 gpu=- 2.50× 982x2130 60 fps serious
RENDER t=1125 fps=59.9 gpu=- 2.50× 982x2130 60 fps serious
RENDER t=1127 fps=60.0 gpu=- 2.50× 982x2130 60 fps serious
RENDER t=1128 fps=60.0 gpu=- 2.50× 982x2130 60 fps serious
RENDER t=1129 fps=60.0 gpu=- 2.50× 982x2130 60 fps serious
RENDER t=1130 fps=59.9 gpu=- 2.50× 982x2130 60 fps serious
CONDITIONS lowPowerMode=false battery=charging level=0.8
RENDER t=1131 fps=59.9 gpu=- 2.50× 982x2130 60 fps serious
RENDER t=1132 fps=60.0 gpu=- 2.50× 982x2130 60 fps serious
RENDER t=1133 fps=60.0 gpu=- 2.50× 982x2130 60 fps serious
RENDER t=1134 fps=60.0 gpu=- 2.50× 982x2130 60 fps serious
RENDER t=1135 fps=59.9 gpu=- 2.50× 982x2130 60 fps serious
RENDER t=1136 fps=60.0 gpu=- 2.50× 982x2130 60 fps serious
RENDER t=1137 fps=60.0 gpu=- 2.50× 982x2130 60 fps serious
RENDER t=1138 fps=59.9 gpu=- 2.50× 982x2130 60 fps serious
RENDER t=1139 fps=60.0 gpu=- 2.50× 982x2130 60 fps serious
RENDER t=1140 fps=59.9 gpu=- 2.50× 982x2130 60 fps serious
CONDITIONS lowPowerMode=false battery=charging level=0.8
RENDER t=1141 fps=60.0 gpu=- 2.50× 982x2130 60 fps serious
RENDER t=1142 fps=59.9 gpu=- 2.50× 982x2130 60 fps serious
RENDER t=1143 fps=59.9 gpu=- 2.50× 982x2130 60 fps serious
RENDER t=1144 fps=60.0 gpu=- 2.50× 982x2130 60 fps serious
RENDER t=1145 fps=59.9 gpu=- 2.50× 982x2130 60 fps serious
RENDER t=1146 fps=60.0 gpu=- 2.50× 982x2130 60 fps serious
RENDER t=1147 fps=60.0 gpu=- 2.50× 982x2130 60 fps serious
RENDER t=1148 fps=59.9 gpu=- 2.50× 982x2130 60 fps serious
RENDER t=1149 fps=60.0 gpu=- 2.50× 982x2130 60 fps serious
RENDER t=1150 fps=59.9 gpu=- 2.50× 982x2130 60 fps serious
CONDITIONS lowPowerMode=false battery=charging level=0.8
RENDER t=1151 fps=60.0 gpu=- 2.50× 982x2130 60 fps serious
RENDER t=1152 fps=59.9 gpu=- 2.50× 982x2130 60 fps serious
RENDER t=1153 fps=60.0 gpu=- 2.50× 982x2130 60 fps serious
RENDER t=1154 fps=59.9 gpu=- 2.50× 982x2130 60 fps serious
RENDER t=1155 fps=60.0 gpu=- 2.50× 982x2130 60 fps serious
ATTR shadow30 2026-10-06T08:18:44.597Z
RENDER t=1156 fps=60.0 gpu=- 2.50× 982x2130 60 fps serious
RENDER t=1157 fps=60.0 gpu=- 2.50× 982x2130 60 fps serious
RENDER t=1158 fps=60.0 gpu=- 2.50× 982x2130 60 fps serious
RENDER t=1159 fps=60.0 gpu=- 2.50× 982x2130 60 fps serious
CONDITIONS lowPowerMode=false battery=charging level=0.8
RENDER t=1160 fps=59.9 gpu=- 2.50× 982x2130 60 fps serious
RENDER t=1161 fps=59.9 gpu=- 2.50× 982x2130 60 fps serious
RENDER t=1162 fps=60.0 gpu=- 2.50× 982x2130 60 fps serious
RENDER t=1163 fps=60.0 gpu=- 2.50× 982x2130 60 fps serious
RENDER t=1164 fps=59.9 gpu=- 2.50× 982x2130 60 fps serious
RENDER t=1165 fps=59.0 gpu=- 2.50× 982x2130 60 fps serious
RENDER t=1166 fps=59.0 gpu=- 2.50× 982x2130 60 fps serious
RENDER t=1167 fps=59.9 gpu=- 2.50× 982x2130 60 fps serious
RENDER t=1168 fps=60.0 gpu=- 2.50× 982x2130 60 fps serious
RENDER t=1169 fps=60.0 gpu=- 2.50× 982x2130 60 fps serious
CONDITIONS lowPowerMode=false battery=charging level=0.8
RENDER t=1170 fps=59.9 gpu=- 2.50× 982x2130 60 fps serious
RENDER t=1171 fps=60.0 gpu=- 2.50× 982x2130 60 fps serious
RENDER t=1172 fps=59.9 gpu=- 2.50× 982x2130 60 fps serious
RENDER t=1173 fps=59.9 gpu=- 2.50× 982x2130 60 fps serious
RENDER t=1174 fps=60.0 gpu=- 2.50× 982x2130 60 fps serious
RENDER t=1175 fps=59.9 gpu=- 2.50× 982x2130 60 fps serious
RENDER t=1176 fps=59.0 gpu=- 2.50× 982x2130 60 fps serious
RENDER t=1177 fps=60.0 gpu=- 2.50× 982x2130 60 fps serious
RENDER t=1178 fps=60.0 gpu=- 2.50× 982x2130 60 fps serious
RENDER t=1179 fps=60.0 gpu=- 2.50× 982x2130 60 fps serious
CONDITIONS lowPowerMode=false battery=charging level=0.8
RENDER t=1180 fps=60.0 gpu=- 2.50× 982x2130 60 fps serious
RENDER t=1181 fps=60.0 gpu=- 2.50× 982x2130 60 fps serious
RENDER t=1182 fps=60.0 gpu=- 2.50× 982x2130 60 fps serious
RENDER t=1183 fps=59.9 gpu=- 2.50× 982x2130 60 fps serious
RENDER t=1184 fps=59.9 gpu=- 2.50× 982x2130 60 fps serious
RENDER t=1186 fps=60.0 gpu=- 2.50× 982x2130 60 fps serious
RENDER t=1187 fps=59.9 gpu=- 2.50× 982x2130 60 fps serious
RENDER t=1188 fps=60.0 gpu=- 2.50× 982x2130 60 fps serious
RENDER t=1189 fps=60.0 gpu=- 2.50× 982x2130 60 fps serious
RENDER t=1190 fps=59.9 gpu=- 2.50× 982x2130 60 fps serious
CONDITIONS lowPowerMode=false battery=charging level=0.8
RENDER t=1191 fps=60.0 gpu=- 2.50× 982x2130 60 fps serious
RENDER t=1192 fps=59.9 gpu=- 2.50× 982x2130 60 fps serious
RENDER t=1193 fps=60.0 gpu=- 2.50× 982x2130 60 fps serious
RENDER t=1194 fps=60.0 gpu=- 2.50× 982x2130 60 fps serious
RENDER t=1195 fps=60.0 gpu=- 2.50× 982x2130 60 fps serious
RENDER t=1196 fps=60.0 gpu=- 2.50× 982x2130 60 fps serious
RENDER t=1197 fps=59.9 gpu=- 2.50× 982x2130 60 fps serious
RENDER t=1198 fps=60.0 gpu=- 2.50× 982x2130 60 fps serious
RENDER t=1199 fps=60.0 gpu=- 2.50× 982x2130 60 fps serious
RENDER t=1200 fps=60.0 gpu=- 2.50× 982x2130 60 fps serious
CONDITIONS lowPowerMode=false battery=charging level=0.8
RENDER t=1201 fps=59.9 gpu=- 2.50× 982x2130 60 fps serious
RENDER t=1202 fps=60.0 gpu=- 2.50× 982x2130 60 fps serious
RENDER t=1203 fps=59.9 gpu=- 2.50× 982x2130 60 fps serious
RENDER t=1204 fps=60.0 gpu=- 2.50× 982x2130 60 fps serious
RENDER t=1205 fps=59.9 gpu=- 2.50× 982x2130 60 fps serious
RENDER t=1206 fps=60.0 gpu=- 2.50× 982x2130 60 fps serious
RENDER t=1207 fps=60.0 gpu=- 2.50× 982x2130 60 fps serious
RENDER t=1208 fps=59.9 gpu=- 2.50× 982x2130 60 fps serious
RENDER t=1209 fps=60.0 gpu=- 2.50× 982x2130 60 fps serious
RENDER t=1210 fps=59.9 gpu=- 2.50× 982x2130 60 fps serious
CONDITIONS lowPowerMode=false battery=charging level=0.8
RENDER t=1211 fps=60.0 gpu=- 2.50× 982x2130 60 fps serious
RENDER t=1212 fps=60.0 gpu=- 2.50× 982x2130 60 fps serious
RENDER t=1213 fps=60.0 gpu=- 2.50× 982x2130 60 fps serious
RENDER t=1214 fps=59.9 gpu=- 2.50× 982x2130 60 fps serious
RENDER t=1215 fps=60.0 gpu=- 2.50× 982x2130 60 fps serious
ATTR all11 2026-10-06T08:19:44.612Z
RENDER t=1216 fps=59.9 gpu=- 2.50× 982x2130 60 fps serious
RENDER t=1217 fps=60.0 gpu=- 2.50× 982x2130 60 fps serious
RENDER t=1218 fps=59.9 gpu=- 2.50× 982x2130 60 fps serious
RENDER t=1219 fps=60.0 gpu=- 2.50× 982x2130 60 fps serious
CONDITIONS lowPowerMode=false battery=charging level=0.8
RENDER t=1220 fps=59.9 gpu=- 2.50× 982x2130 60 fps serious
RENDER t=1221 fps=59.9 gpu=- 2.50× 982x2130 60 fps serious
RENDER t=1222 fps=59.0 gpu=- 2.50× 982x2130 60 fps serious
RENDER t=1223 fps=59.9 gpu=- 2.50× 982x2130 60 fps serious
RENDER t=1224 fps=59.9 gpu=- 2.50× 982x2130 60 fps serious
RENDER t=1225 fps=60.0 gpu=- 2.50× 982x2130 60 fps serious
RENDER t=1226 fps=60.0 gpu=- 2.50× 982x2130 60 fps serious
RENDER t=1227 fps=58.0 gpu=- 2.50× 982x2130 60 fps serious
RENDER t=1228 fps=59.9 gpu=- 2.50× 982x2130 60 fps serious
RENDER t=1229 fps=60.0 gpu=- 2.50× 982x2130 60 fps serious
CONDITIONS lowPowerMode=false battery=charging level=0.8
RENDER t=1230 fps=60.0 gpu=- 2.50× 982x2130 60 fps serious
RENDER t=1231 fps=59.9 gpu=- 2.50× 982x2130 60 fps serious
RENDER t=1232 fps=58.0 gpu=- 2.50× 982x2130 60 fps serious
RENDER t=1233 fps=60.0 gpu=- 2.50× 982x2130 60 fps serious
RENDER t=1234 fps=59.9 gpu=- 2.50× 982x2130 60 fps serious
RENDER t=1235 fps=59.8 gpu=- 2.50× 982x2130 60 fps serious
RENDER t=1236 fps=59.8 gpu=- 2.50× 982x2130 60 fps serious
RENDER t=1237 fps=59.8 gpu=- 2.50× 982x2130 60 fps serious
RENDER t=1238 fps=59.9 gpu=- 2.50× 982x2130 60 fps serious
RENDER t=1239 fps=59.8 gpu=- 2.50× 982x2130 60 fps serious
01:59:28  Acquired tunnel connection to device.
01:59:28  Enabling developer disk image services.
01:59:28  Acquired usage assertion.
Launched application with com.lincolnlabs.worldlab bundle identifier.
Waiting for the application to terminate...
App terminated due to signal 15.
