Failed to load provisioning paramter list due to error: Error Domain=com.apple.dt.CoreDeviceError Code=1002 "No provider was found." UserInfo={NSLocalizedDescription=No provider was found.}.
`devicectl manage create` may support a reduced set of arguments.
CONDITIONS lowPowerMode=false battery=charging level=0.75
2026-10-06 00:52:25.796 WorldLab[82579:5209268] PSO compilation completed for compute pipeline mipGenPolyphaseFast_Wodd_Hodd in 2
2026-10-06 00:52:25.796 WorldLab[82579:5209268] PSO compilation completed for compute pipeline mipGenPolyphaseFast_Weven_Hodd in 0
2026-10-06 00:52:25.796 WorldLab[82579:5209268] PSO compilation completed for compute pipeline mipGenPolyphaseFast_Wodd_Heven in 0
2026-10-06 00:52:25.797 WorldLab[82579:5209268] PSO compilation completed for compute pipeline mipGenPolyphaseFast_Weven_Heven in 0
RENDER t=2 fps=0.0 gpu=- 0.00× 0x0 60 fps nominal
STATS profile=front-range season=2 light=noon→golden 1.00, sun 6.0° az 253.3° chunks=48 static=374575 props=27390 trees=0 instances=6385 draws=109 meshBytes=48080828 build=2.42s postcards=8 generated=["deciduous": 4849, "generatedLamps": 174, "curbMeters": 14674, "generatedSidewalkMeters": 5490, "conifers": 551, "mappedLamps": 55]
HITCH up=457277.188 dt=318 ms
POSTFORMAT source=553 982x2130 target=553
RENDER t=3 fps=11.8 gpu=- 2.50× 0x0 60 fps serious
RENDER t=4 fps=57.0 gpu=- 2.50× 982x2130 30 fps calm serious
RENDER t=5 fps=59.7 gpu=- 2.50× 982x2130 30 fps calm serious
RENDER t=7 fps=49.9 gpu=- 2.50× 982x2130 30 fps calm serious
RENDER t=8 fps=45.0 gpu=- 2.50× 982x2130 30 fps calm serious
RENDER t=9 fps=45.2 gpu=- 2.50× 982x2130 30 fps calm serious
RENDER t=10 fps=47.4 gpu=- 2.50× 982x2130 30 fps calm serious
CONDITIONS lowPowerMode=false battery=charging level=0.75
RENDER t=11 fps=53.7 gpu=- 2.50× 982x2130 30 fps calm serious
RENDER t=12 fps=56.5 gpu=- 2.50× 982x2130 30 fps calm serious
RENDER t=13 fps=58.7 gpu=- 2.50× 982x2130 30 fps calm serious
RENDER t=14 fps=59.9 gpu=- 2.50× 982x2130 30 fps calm serious
RENDER t=15 fps=60.2 gpu=- 2.50× 982x2130 30 fps calm serious
RENDER t=16 fps=60.0 gpu=- 2.50× 982x2130 30 fps calm serious
RENDER t=17 fps=59.9 gpu=- 2.50× 982x2130 30 fps calm serious
ATTR all1 2026-10-06T06:52:41.991Z
RENDER t=18 fps=60.0 gpu=- 2.50× 982x2130 30 fps calm serious
RENDER t=19 fps=59.9 gpu=- 2.50× 982x2130 30 fps calm serious
RENDER t=20 fps=60.0 gpu=- 2.50× 982x2130 30 fps calm serious
CONDITIONS lowPowerMode=false battery=charging level=0.8
RENDER t=21 fps=59.9 gpu=- 2.50× 982x2130 30 fps calm serious
RENDER t=22 fps=60.0 gpu=- 2.50× 982x2130 30 fps calm serious
RENDER t=23 fps=60.0 gpu=- 2.50× 982x2130 30 fps calm serious
RENDER t=24 fps=60.0 gpu=- 2.50× 982x2130 30 fps calm serious
RENDER t=25 fps=55.7 gpu=- 2.50× 982x2130 30 fps calm serious
RENDER t=26 fps=53.1 gpu=- 2.50× 982x2130 30 fps calm serious
RENDER t=27 fps=53.3 gpu=- 2.50× 982x2130 30 fps calm serious
RENDER t=28 fps=54.3 gpu=- 2.50× 982x2130 30 fps calm serious
RENDER t=29 fps=55.8 gpu=- 2.50× 982x2130 30 fps calm serious
RENDER t=30 fps=57.0 gpu=- 2.50× 982x2130 30 fps calm serious
CONDITIONS lowPowerMode=false battery=charging level=0.8
RENDER t=31 fps=59.0 gpu=- 2.50× 982x2130 30 fps calm serious
RENDER t=32 fps=55.5 gpu=- 2.50× 982x2130 30 fps calm serious
RENDER t=33 fps=48.2 gpu=- 2.50× 982x2130 30 fps calm serious
RENDER t=34 fps=44.7 gpu=- 2.50× 982x2130 30 fps calm serious
RENDER t=35 fps=46.3 gpu=- 2.50× 982x2130 30 fps calm serious
RENDER t=36 fps=49.6 gpu=- 2.50× 982x2130 30 fps calm serious
RENDER t=37 fps=54.7 gpu=- 2.50× 982x2130 30 fps calm serious
RENDER t=38 fps=57.0 gpu=- 2.50× 982x2130 30 fps calm serious
RENDER t=39 fps=59.2 gpu=- 2.50× 982x2130 30 fps calm serious
RENDER t=40 fps=60.0 gpu=- 2.50× 982x2130 30 fps calm serious
CONDITIONS lowPowerMode=false battery=charging level=0.8
RENDER t=41 fps=59.0 gpu=- 2.50× 982x2130 30 fps calm serious
RENDER t=42 fps=58.2 gpu=- 2.50× 982x2130 30 fps calm serious
RENDER t=43 fps=58.7 gpu=- 2.50× 982x2130 30 fps calm serious
RENDER t=44 fps=59.2 gpu=- 2.50× 982x2130 30 fps calm serious
RENDER t=45 fps=60.0 gpu=- 2.50× 982x2130 30 fps calm serious
RENDER t=46 fps=60.0 gpu=- 2.50× 982x2130 30 fps calm serious
RENDER t=47 fps=59.9 gpu=- 2.50× 982x2130 30 fps calm serious
RENDER t=48 fps=60.0 gpu=- 2.50× 982x2130 30 fps calm serious
RENDER t=49 fps=59.9 gpu=- 2.50× 982x2130 30 fps calm serious
CONDITIONS lowPowerMode=false battery=charging level=0.8
RENDER t=50 fps=60.0 gpu=- 2.50× 982x2130 30 fps calm serious
RENDER t=51 fps=59.9 gpu=- 2.50× 982x2130 30 fps calm serious
RENDER t=52 fps=60.0 gpu=- 2.50× 982x2130 30 fps calm serious
RENDER t=53 fps=60.0 gpu=- 2.50× 982x2130 30 fps calm serious
RENDER t=54 fps=59.9 gpu=- 2.50× 982x2130 30 fps calm serious
RENDER t=55 fps=60.0 gpu=- 2.50× 982x2130 30 fps calm serious
RENDER t=56 fps=60.0 gpu=- 2.50× 982x2130 30 fps calm serious
RENDER t=57 fps=60.0 gpu=- 2.50× 982x2130 30 fps calm serious
RENDER t=58 fps=59.9 gpu=- 2.50× 982x2130 30 fps calm serious
RENDER t=59 fps=60.0 gpu=- 2.50× 982x2130 30 fps calm serious
CONDITIONS lowPowerMode=false battery=charging level=0.8
RENDER t=60 fps=60.0 gpu=- 2.50× 982x2130 30 fps calm serious
RENDER t=61 fps=59.9 gpu=- 2.50× 982x2130 30 fps calm serious
RENDER t=62 fps=60.0 gpu=- 2.50× 982x2130 30 fps calm serious
RENDER t=63 fps=59.9 gpu=- 2.50× 982x2130 30 fps calm serious
RENDER t=64 fps=60.0 gpu=- 2.50× 982x2130 30 fps calm serious
RENDER t=65 fps=59.9 gpu=- 2.50× 982x2130 30 fps calm serious
RENDER t=66 fps=60.0 gpu=- 2.50× 982x2130 30 fps calm serious
RENDER t=67 fps=59.9 gpu=- 2.50× 982x2130 30 fps calm serious
RENDER t=68 fps=60.0 gpu=- 2.50× 982x2130 30 fps calm serious
RENDER t=69 fps=60.0 gpu=- 2.50× 982x2130 30 fps calm serious
CONDITIONS lowPowerMode=false battery=charging level=0.8
RENDER t=70 fps=59.9 gpu=- 2.50× 982x2130 30 fps calm serious
RENDER t=71 fps=60.0 gpu=- 2.50× 982x2130 30 fps calm serious
RENDER t=72 fps=60.0 gpu=- 2.50× 982x2130 30 fps calm serious
RENDER t=74 fps=59.9 gpu=- 2.50× 982x2130 30 fps calm serious
RENDER t=75 fps=60.0 gpu=- 2.50× 982x2130 30 fps calm serious
RENDER t=76 fps=60.0 gpu=- 2.50× 982x2130 30 fps calm serious
RENDER t=77 fps=59.9 gpu=- 2.50× 982x2130 30 fps calm serious
ATTR noShadows 2026-10-06T06:53:42.004Z
RENDER t=78 fps=59.0 gpu=- 2.50× 982x2130 30 fps calm serious
RENDER t=79 fps=60.0 gpu=- 2.50× 982x2130 30 fps calm serious
RENDER t=80 fps=60.0 gpu=- 2.50× 982x2130 30 fps calm serious
CONDITIONS lowPowerMode=false battery=charging level=0.8
RENDER t=81 fps=59.9 gpu=- 2.50× 982x2130 30 fps calm serious
RENDER t=82 fps=59.9 gpu=- 2.50× 982x2130 30 fps calm serious
RENDER t=83 fps=60.0 gpu=- 2.50× 982x2130 30 fps calm serious
RENDER t=84 fps=59.0 gpu=- 2.50× 982x2130 30 fps calm serious
RENDER t=85 fps=59.9 gpu=- 2.50× 982x2130 30 fps calm serious
RENDER t=86 fps=60.0 gpu=- 2.50× 982x2130 30 fps calm serious
RENDER t=87 fps=60.0 gpu=- 2.50× 982x2130 30 fps calm serious
RENDER t=88 fps=59.9 gpu=- 2.50× 982x2130 30 fps calm serious
RENDER t=89 fps=60.0 gpu=- 2.50× 982x2130 30 fps calm serious
RENDER t=90 fps=60.0 gpu=- 2.50× 982x2130 30 fps calm serious
CONDITIONS lowPowerMode=false battery=charging level=0.8
RENDER t=91 fps=60.0 gpu=- 2.50× 982x2130 30 fps calm serious
RENDER t=92 fps=59.9 gpu=- 2.50× 982x2130 30 fps calm serious
RENDER t=93 fps=60.0 gpu=- 2.50× 982x2130 30 fps calm serious
RENDER t=94 fps=58.0 gpu=- 2.50× 982x2130 30 fps calm serious
RENDER t=95 fps=60.0 gpu=- 2.50× 982x2130 30 fps calm serious
RENDER t=96 fps=59.9 gpu=- 2.50× 982x2130 30 fps calm serious
RENDER t=97 fps=60.0 gpu=- 2.50× 982x2130 30 fps calm serious
RENDER t=98 fps=60.0 gpu=- 2.50× 982x2130 30 fps calm serious
RENDER t=99 fps=59.9 gpu=- 2.50× 982x2130 30 fps calm serious
RENDER t=100 fps=60.0 gpu=- 2.50× 982x2130 30 fps calm serious
CONDITIONS lowPowerMode=false battery=charging level=0.8
RENDER t=101 fps=59.9 gpu=- 2.50× 982x2130 30 fps calm serious
RENDER t=102 fps=60.0 gpu=- 2.50× 982x2130 30 fps calm serious
RENDER t=103 fps=60.0 gpu=- 2.50× 982x2130 30 fps calm serious
RENDER t=104 fps=59.9 gpu=- 2.50× 982x2130 30 fps calm serious
RENDER t=105 fps=60.0 gpu=- 2.50× 982x2130 30 fps calm serious
RENDER t=106 fps=60.0 gpu=- 2.50× 982x2130 30 fps calm serious
RENDER t=107 fps=60.0 gpu=- 2.50× 982x2130 30 fps calm serious
RENDER t=108 fps=59.9 gpu=- 2.50× 982x2130 30 fps calm serious
RENDER t=109 fps=60.0 gpu=- 2.50× 982x2130 30 fps calm serious
CONDITIONS lowPowerMode=false battery=charging level=0.8
RENDER t=110 fps=60.0 gpu=- 2.50× 982x2130 30 fps calm serious
RENDER t=111 fps=60.0 gpu=- 2.50× 982x2130 30 fps calm serious
RENDER t=112 fps=60.0 gpu=- 2.50× 982x2130 30 fps calm serious
RENDER t=113 fps=60.0 gpu=- 2.50× 982x2130 30 fps calm serious
RENDER t=114 fps=59.9 gpu=- 2.50× 982x2130 30 fps calm serious
RENDER t=115 fps=60.0 gpu=- 2.50× 982x2130 30 fps calm serious
RENDER t=116 fps=59.9 gpu=- 2.50× 982x2130 30 fps calm serious
RENDER t=117 fps=60.0 gpu=- 2.50× 982x2130 30 fps calm serious
RENDER t=118 fps=59.9 gpu=- 2.50× 982x2130 30 fps calm serious
RENDER t=119 fps=60.0 gpu=- 2.50× 982x2130 30 fps calm serious
CONDITIONS lowPowerMode=false battery=charging level=0.8
RENDER t=120 fps=59.9 gpu=- 2.50× 982x2130 30 fps calm serious
RENDER t=121 fps=60.0 gpu=- 2.50× 982x2130 30 fps calm serious
RENDER t=122 fps=60.0 gpu=- 2.50× 982x2130 30 fps calm serious
RENDER t=123 fps=60.0 gpu=- 2.50× 982x2130 30 fps calm serious
RENDER t=124 fps=59.9 gpu=- 2.50× 982x2130 30 fps calm serious
RENDER t=125 fps=60.0 gpu=- 2.50× 982x2130 30 fps calm serious
RENDER t=126 fps=60.0 gpu=- 2.50× 982x2130 30 fps calm serious
RENDER t=127 fps=59.9 gpu=- 2.50× 982x2130 30 fps calm serious
RENDER t=128 fps=60.0 gpu=- 2.50× 982x2130 30 fps calm serious
RENDER t=129 fps=60.0 gpu=- 2.50× 982x2130 30 fps calm serious
CONDITIONS lowPowerMode=false battery=charging level=0.8
RENDER t=130 fps=59.9 gpu=- 2.50× 982x2130 30 fps calm serious
RENDER t=131 fps=60.0 gpu=- 2.50× 982x2130 30 fps calm serious
RENDER t=133 fps=60.0 gpu=- 2.50× 982x2130 30 fps calm serious
RENDER t=134 fps=60.0 gpu=- 2.50× 982x2130 30 fps calm serious
RENDER t=135 fps=60.0 gpu=- 2.50× 982x2130 30 fps calm serious
RENDER t=136 fps=60.0 gpu=- 2.50× 982x2130 30 fps calm serious
RENDER t=137 fps=59.9 gpu=- 2.50× 982x2130 30 fps calm serious
ATTR all2 2026-10-06T06:54:42.018Z
RENDER t=138 fps=57.0 gpu=- 2.50× 982x2130 30 fps calm serious
RENDER t=139 fps=59.9 gpu=- 2.50× 982x2130 30 fps calm serious
RENDER t=140 fps=60.0 gpu=- 2.50× 982x2130 30 fps calm serious
CONDITIONS lowPowerMode=false battery=charging level=0.8
RENDER t=141 fps=60.0 gpu=- 2.50× 982x2130 30 fps calm serious
RENDER t=142 fps=60.0 gpu=- 2.50× 982x2130 30 fps calm serious
RENDER t=143 fps=59.9 gpu=- 2.50× 982x2130 30 fps calm serious
RENDER t=144 fps=60.0 gpu=- 2.50× 982x2130 30 fps calm serious
RENDER t=145 fps=60.0 gpu=- 2.50× 982x2130 30 fps calm serious
RENDER t=146 fps=60.0 gpu=- 2.50× 982x2130 30 fps calm serious
RENDER t=147 fps=58.0 gpu=- 2.50× 982x2130 30 fps calm serious
RENDER t=148 fps=60.0 gpu=- 2.50× 982x2130 30 fps calm serious
RENDER t=149 fps=60.0 gpu=- 2.50× 982x2130 30 fps calm serious
RENDER t=150 fps=59.9 gpu=- 2.50× 982x2130 30 fps calm serious
CONDITIONS lowPowerMode=false battery=charging level=0.8
RENDER t=151 fps=60.0 gpu=- 2.50× 982x2130 30 fps calm serious
RENDER t=152 fps=60.0 gpu=- 2.50× 982x2130 30 fps calm serious
RENDER t=153 fps=60.0 gpu=- 2.50× 982x2130 30 fps calm serious
RENDER t=154 fps=59.9 gpu=- 2.50× 982x2130 30 fps calm serious
RENDER t=155 fps=60.0 gpu=- 2.50× 982x2130 30 fps calm serious
RENDER t=156 fps=59.9 gpu=- 2.50× 982x2130 30 fps calm serious
RENDER t=157 fps=60.0 gpu=- 2.50× 982x2130 30 fps calm serious
RENDER t=158 fps=60.0 gpu=- 2.50× 982x2130 30 fps calm serious
RENDER t=159 fps=59.9 gpu=- 2.50× 982x2130 30 fps calm serious
RENDER t=160 fps=60.0 gpu=- 2.50× 982x2130 30 fps calm serious
CONDITIONS lowPowerMode=false battery=charging level=0.8
RENDER t=161 fps=59.9 gpu=- 2.50× 982x2130 30 fps calm serious
RENDER t=162 fps=60.0 gpu=- 2.50× 982x2130 30 fps calm serious
RENDER t=163 fps=60.0 gpu=- 2.50× 982x2130 30 fps calm serious
RENDER t=164 fps=60.0 gpu=- 2.50× 982x2130 30 fps calm serious
RENDER t=165 fps=60.0 gpu=- 2.50× 982x2130 30 fps calm serious
RENDER t=166 fps=60.0 gpu=- 2.50× 982x2130 30 fps calm serious
RENDER t=167 fps=59.9 gpu=- 2.50× 982x2130 30 fps calm serious
RENDER t=168 fps=60.0 gpu=- 2.50× 982x2130 30 fps calm serious
RENDER t=169 fps=59.9 gpu=- 2.50× 982x2130 30 fps calm serious
CONDITIONS lowPowerMode=false battery=charging level=0.8
RENDER t=170 fps=60.0 gpu=- 2.50× 982x2130 30 fps calm serious
RENDER t=171 fps=60.0 gpu=- 2.50× 982x2130 30 fps calm serious
RENDER t=172 fps=60.0 gpu=- 2.50× 982x2130 30 fps calm serious
RENDER t=173 fps=60.0 gpu=- 2.50× 982x2130 30 fps calm serious
RENDER t=174 fps=60.0 gpu=- 2.50× 982x2130 30 fps calm serious
RENDER t=175 fps=60.0 gpu=- 2.50× 982x2130 30 fps calm serious
RENDER t=176 fps=60.0 gpu=- 2.50× 982x2130 30 fps calm serious
RENDER t=177 fps=60.0 gpu=- 2.50× 982x2130 30 fps calm serious
RENDER t=178 fps=60.0 gpu=- 2.50× 982x2130 30 fps calm serious
RENDER t=179 fps=59.9 gpu=- 2.50× 982x2130 30 fps calm serious
CONDITIONS lowPowerMode=false battery=charging level=0.8
RENDER t=180 fps=60.0 gpu=- 2.50× 982x2130 30 fps calm serious
RENDER t=181 fps=60.0 gpu=- 2.50× 982x2130 30 fps calm serious
RENDER t=182 fps=60.0 gpu=- 2.50× 982x2130 30 fps calm serious
RENDER t=183 fps=60.0 gpu=- 2.50× 982x2130 30 fps calm serious
RENDER t=184 fps=60.0 gpu=- 2.50× 982x2130 30 fps calm serious
RENDER t=185 fps=60.0 gpu=- 2.50× 982x2130 30 fps calm serious
RENDER t=186 fps=60.0 gpu=- 2.50× 982x2130 30 fps calm serious
RENDER t=187 fps=60.0 gpu=- 2.50× 982x2130 30 fps calm serious
RENDER t=188 fps=60.0 gpu=- 2.50× 982x2130 30 fps calm serious
RENDER t=189 fps=60.0 gpu=- 2.50× 982x2130 30 fps calm serious
CONDITIONS lowPowerMode=false battery=charging level=0.8
RENDER t=190 fps=59.9 gpu=- 2.50× 982x2130 30 fps calm serious
RENDER t=191 fps=60.0 gpu=- 2.50× 982x2130 30 fps calm serious
RENDER t=193 fps=60.0 gpu=- 2.50× 982x2130 30 fps calm serious
RENDER t=194 fps=60.0 gpu=- 2.50× 982x2130 30 fps calm serious
RENDER t=195 fps=60.0 gpu=- 2.50× 982x2130 30 fps calm serious
RENDER t=196 fps=60.0 gpu=- 2.50× 982x2130 30 fps calm serious
RENDER t=197 fps=59.9 gpu=- 2.50× 982x2130 30 fps calm serious
ATTR noSky 2026-10-06T06:55:42.031Z
RENDER t=198 fps=60.0 gpu=- 2.50× 982x2130 30 fps calm serious
RENDER t=199 fps=60.0 gpu=- 2.50× 982x2130 30 fps calm serious
RENDER t=200 fps=60.0 gpu=- 2.50× 982x2130 30 fps calm serious
CONDITIONS lowPowerMode=false battery=charging level=0.8
RENDER t=201 fps=60.0 gpu=- 2.50× 982x2130 30 fps calm serious
RENDER t=202 fps=60.0 gpu=- 2.50× 982x2130 30 fps calm serious
RENDER t=203 fps=60.0 gpu=- 2.50× 982x2130 30 fps calm serious
RENDER t=204 fps=60.0 gpu=- 2.50× 982x2130 30 fps calm serious
RENDER t=205 fps=60.0 gpu=- 2.50× 982x2130 30 fps calm serious
RENDER t=206 fps=59.0 gpu=- 2.50× 982x2130 30 fps calm serious
RENDER t=207 fps=60.0 gpu=- 2.50× 982x2130 30 fps calm serious
RENDER t=208 fps=60.0 gpu=- 2.50× 982x2130 30 fps calm serious
RENDER t=209 fps=60.0 gpu=- 2.50× 982x2130 30 fps calm serious
RENDER t=210 fps=59.9 gpu=- 2.50× 982x2130 30 fps calm serious
CONDITIONS lowPowerMode=false battery=charging level=0.8
RENDER t=211 fps=60.0 gpu=- 2.50× 982x2130 30 fps calm serious
RENDER t=212 fps=60.0 gpu=- 2.50× 982x2130 30 fps calm serious
RENDER t=213 fps=60.0 gpu=- 2.50× 982x2130 30 fps calm serious
RENDER t=214 fps=59.9 gpu=- 2.50× 982x2130 30 fps calm serious
RENDER t=215 fps=60.0 gpu=- 2.50× 982x2130 30 fps calm serious
RENDER t=216 fps=60.0 gpu=- 2.50× 982x2130 30 fps calm serious
RENDER t=217 fps=60.0 gpu=- 2.50× 982x2130 30 fps calm serious
RENDER t=218 fps=60.0 gpu=- 2.50× 982x2130 30 fps calm serious
RENDER t=219 fps=59.0 gpu=- 2.50× 982x2130 30 fps calm serious
RENDER t=220 fps=60.0 gpu=- 2.50× 982x2130 30 fps calm serious
RENDER t=221 fps=59.9 gpu=- 2.50× 982x2130 30 fps calm serious
RENDER t=222 fps=59.9 gpu=- 2.50× 982x2130 30 fps calm serious
RENDER t=223 fps=60.0 gpu=- 2.50× 982x2130 30 fps calm serious
RENDER t=224 fps=60.0 gpu=- 2.50× 982x2130 30 fps calm serious
RENDER t=225 fps=60.0 gpu=- 2.50× 982x2130 30 fps calm serious
RENDER t=226 fps=60.0 gpu=- 2.50× 982x2130 30 fps calm serious
RENDER t=227 fps=59.9 gpu=- 2.50× 982x2130 30 fps calm serious
RENDER t=228 fps=60.0 gpu=- 2.50× 982x2130 30 fps calm serious
RENDER t=229 fps=59.9 gpu=- 2.50× 982x2130 30 fps calm serious
CONDITIONS lowPowerMode=false battery=charging level=0.8
RENDER t=230 fps=60.0 gpu=- 2.50× 982x2130 30 fps calm serious
RENDER t=231 fps=60.0 gpu=- 2.50× 982x2130 30 fps calm serious
RENDER t=232 fps=60.0 gpu=- 2.50× 982x2130 30 fps calm serious
RENDER t=233 fps=60.0 gpu=- 2.50× 982x2130 30 fps calm serious
RENDER t=234 fps=60.0 gpu=- 2.50× 982x2130 30 fps calm serious
RENDER t=235 fps=59.9 gpu=- 2.50× 982x2130 30 fps calm serious
RENDER t=236 fps=60.0 gpu=- 2.50× 982x2130 30 fps calm serious
RENDER t=237 fps=60.0 gpu=- 2.50× 982x2130 30 fps calm serious
RENDER t=238 fps=60.0 gpu=- 2.50× 982x2130 30 fps calm serious
RENDER t=239 fps=59.9 gpu=- 2.50× 982x2130 30 fps calm serious
CONDITIONS lowPowerMode=false battery=charging level=0.8
RENDER t=240 fps=60.0 gpu=- 2.50× 982x2130 30 fps calm serious
RENDER t=241 fps=60.0 gpu=- 2.50× 982x2130 30 fps calm serious
RENDER t=242 fps=60.0 gpu=- 2.50× 982x2130 30 fps calm serious
RENDER t=243 fps=59.9 gpu=- 2.50× 982x2130 30 fps calm serious
RENDER t=244 fps=60.0 gpu=- 2.50× 982x2130 30 fps calm serious
RENDER t=245 fps=60.0 gpu=- 2.50× 982x2130 30 fps calm serious
RENDER t=246 fps=60.0 gpu=- 2.50× 982x2130 30 fps calm serious
RENDER t=247 fps=59.9 gpu=- 2.50× 982x2130 30 fps calm serious
RENDER t=248 fps=60.0 gpu=- 2.50× 982x2130 30 fps calm serious
RENDER t=249 fps=60.0 gpu=- 2.50× 982x2130 30 fps calm serious
CONDITIONS lowPowerMode=false battery=charging level=0.8
RENDER t=251 fps=59.9 gpu=- 2.50× 982x2130 30 fps calm serious
RENDER t=252 fps=60.0 gpu=- 2.50× 982x2130 30 fps calm serious
RENDER t=253 fps=60.0 gpu=- 2.50× 982x2130 30 fps calm serious
RENDER t=254 fps=59.9 gpu=- 2.50× 982x2130 30 fps calm serious
RENDER t=255 fps=60.0 gpu=- 2.50× 982x2130 30 fps calm serious
RENDER t=256 fps=60.0 gpu=- 2.50× 982x2130 30 fps calm serious
RENDER t=257 fps=59.9 gpu=- 2.50× 982x2130 30 fps calm serious
ATTR all3 2026-10-06T06:56:42.045Z
RENDER t=258 fps=60.0 gpu=- 2.50× 982x2130 30 fps calm serious
RENDER t=259 fps=60.0 gpu=- 2.50× 982x2130 30 fps calm serious
RENDER t=260 fps=59.9 gpu=- 2.50× 982x2130 30 fps calm serious
CONDITIONS lowPowerMode=false battery=charging level=0.8
RENDER t=261 fps=60.0 gpu=- 2.50× 982x2130 30 fps calm serious
RENDER t=262 fps=60.0 gpu=- 2.50× 982x2130 30 fps calm serious
RENDER t=263 fps=60.0 gpu=- 2.50× 982x2130 30 fps calm serious
RENDER t=264 fps=59.9 gpu=- 2.50× 982x2130 30 fps calm serious
RENDER t=265 fps=59.0 gpu=- 2.50× 982x2130 30 fps calm serious
RENDER t=266 fps=59.9 gpu=- 2.50× 982x2130 30 fps calm serious
RENDER t=267 fps=60.0 gpu=- 2.50× 982x2130 30 fps calm serious
RENDER t=268 fps=59.9 gpu=- 2.50× 982x2130 30 fps calm serious
RENDER t=269 fps=59.0 gpu=- 2.50× 982x2130 30 fps calm serious
RENDER t=270 fps=60.0 gpu=- 2.50× 982x2130 30 fps calm serious
CONDITIONS lowPowerMode=false battery=charging level=0.8
RENDER t=271 fps=60.0 gpu=- 2.50× 982x2130 30 fps calm serious
RENDER t=272 fps=60.0 gpu=- 2.50× 982x2130 30 fps calm serious
RENDER t=273 fps=60.0 gpu=- 2.50× 982x2130 30 fps calm serious
RENDER t=274 fps=60.0 gpu=- 2.50× 982x2130 30 fps calm serious
RENDER t=275 fps=59.0 gpu=- 2.50× 982x2130 30 fps calm serious
RENDER t=276 fps=60.0 gpu=- 2.50× 982x2130 30 fps calm serious
RENDER t=277 fps=59.9 gpu=- 2.50× 982x2130 30 fps calm serious
RENDER t=278 fps=60.0 gpu=- 2.50× 982x2130 30 fps calm serious
RENDER t=279 fps=59.0 gpu=- 2.50× 982x2130 30 fps calm serious
CONDITIONS lowPowerMode=false battery=charging level=0.8
RENDER t=280 fps=54.3 gpu=- 2.50× 982x2130 30 fps calm serious
RENDER t=281 fps=49.9 gpu=- 2.50× 982x2130 30 fps calm serious
RENDER t=282 fps=49.5 gpu=- 2.50× 982x2130 30 fps calm serious
RENDER t=283 fps=47.8 gpu=- 2.50× 982x2130 30 fps calm serious
RENDER t=284 fps=45.3 gpu=- 2.50× 982x2130 30 fps calm serious
RENDER t=285 fps=45.0 gpu=- 2.50× 982x2130 30 fps calm serious
RENDER t=286 fps=45.4 gpu=- 2.50× 982x2130 30 fps calm serious
RENDER t=287 fps=47.8 gpu=- 2.50× 982x2130 30 fps calm serious
RENDER t=288 fps=51.1 gpu=- 2.50× 982x2130 30 fps calm serious
RENDER t=289 fps=53.1 gpu=- 2.50× 982x2130 30 fps calm serious
CONDITIONS lowPowerMode=false battery=charging level=0.8
RENDER t=290 fps=53.3 gpu=- 2.50× 982x2130 30 fps calm serious
RENDER t=291 fps=53.5 gpu=- 2.50× 982x2130 30 fps calm serious
RENDER t=292 fps=52.3 gpu=- 2.50× 982x2130 30 fps calm serious
RENDER t=293 fps=52.3 gpu=- 2.50× 982x2130 30 fps calm serious
RENDER t=294 fps=52.5 gpu=- 2.50× 982x2130 30 fps calm serious
RENDER t=295 fps=52.7 gpu=- 2.50× 982x2130 30 fps calm serious
RENDER t=296 fps=51.5 gpu=- 2.50× 982x2130 30 fps calm serious
RENDER t=297 fps=52.7 gpu=- 2.50× 982x2130 30 fps calm serious
RENDER t=298 fps=52.7 gpu=- 2.50× 982x2130 30 fps calm serious
RENDER t=299 fps=51.9 gpu=- 2.50× 982x2130 30 fps calm serious
CONDITIONS lowPowerMode=false battery=charging level=0.8
RENDER t=300 fps=51.1 gpu=- 2.50× 982x2130 30 fps calm serious
RENDER t=301 fps=51.3 gpu=- 2.50× 982x2130 30 fps calm serious
RENDER t=302 fps=52.1 gpu=- 2.50× 982x2130 30 fps calm serious
RENDER t=303 fps=52.1 gpu=- 2.50× 982x2130 30 fps calm serious
RENDER t=304 fps=52.3 gpu=- 2.50× 982x2130 30 fps calm serious
RENDER t=305 fps=52.7 gpu=- 2.50× 982x2130 30 fps calm serious
RENDER t=306 fps=51.9 gpu=- 2.50× 982x2130 30 fps calm serious
RENDER t=307 fps=51.5 gpu=- 2.50× 982x2130 30 fps calm serious
RENDER t=308 fps=51.8 gpu=- 2.50× 982x2130 30 fps calm serious
RENDER t=309 fps=50.5 gpu=- 2.50× 982x2130 30 fps calm serious
CONDITIONS lowPowerMode=false battery=charging level=0.8
RENDER t=310 fps=51.1 gpu=- 2.50× 982x2130 30 fps calm serious
RENDER t=311 fps=49.7 gpu=- 2.50× 982x2130 30 fps calm serious
RENDER t=312 fps=49.8 gpu=- 2.50× 982x2130 30 fps calm serious
RENDER t=313 fps=50.5 gpu=- 2.50× 982x2130 30 fps calm serious
RENDER t=314 fps=50.3 gpu=- 2.50× 982x2130 30 fps calm serious
RENDER t=315 fps=51.1 gpu=- 2.50× 982x2130 30 fps calm serious
RENDER t=316 fps=49.9 gpu=- 2.50× 982x2130 30 fps calm serious
ATTR noPost 2026-10-06T06:57:42.053Z
RENDER t=317 fps=48.9 gpu=- 2.50× 982x2130 30 fps calm serious
RENDER t=318 fps=51.1 gpu=- 2.50× 982x2130 30 fps calm serious
RENDER t=320 fps=50.1 gpu=- 2.50× 982x2130 30 fps calm serious
CONDITIONS lowPowerMode=false battery=charging level=0.8
RENDER t=321 fps=52.3 gpu=- 2.50× 982x2130 30 fps calm serious
RENDER t=322 fps=51.5 gpu=- 2.50× 982x2130 30 fps calm serious
RENDER t=323 fps=53.3 gpu=- 2.50× 982x2130 30 fps calm serious
RENDER t=324 fps=51.7 gpu=- 2.50× 982x2130 30 fps calm serious
RENDER t=325 fps=45.4 gpu=- 2.50× 982x2130 30 fps calm serious
RENDER t=326 fps=43.8 gpu=- 2.50× 982x2130 30 fps calm serious
RENDER t=327 fps=42.7 gpu=- 2.50× 982x2130 30 fps calm serious
RENDER t=328 fps=43.2 gpu=- 2.50× 982x2130 30 fps calm serious
RENDER t=329 fps=45.4 gpu=- 2.50× 982x2130 30 fps calm serious
RENDER t=330 fps=48.8 gpu=- 2.50× 982x2130 30 fps calm serious
CONDITIONS lowPowerMode=false battery=charging level=0.8
RENDER t=331 fps=50.3 gpu=- 2.50× 982x2130 30 fps calm serious
RENDER t=332 fps=48.8 gpu=- 2.50× 982x2130 30 fps calm serious
RENDER t=333 fps=41.1 gpu=- 2.50× 982x2130 30 fps calm serious
RENDER t=334 fps=34.4 gpu=- 2.50× 982x2130 30 fps calm serious
RENDER t=335 fps=34.7 gpu=- 2.50× 982x2130 30 fps calm serious
RENDER t=336 fps=38.8 gpu=- 2.50× 982x2130 30 fps calm serious
RENDER t=337 fps=43.6 gpu=- 2.50× 982x2130 30 fps calm serious
RENDER t=338 fps=47.3 gpu=- 2.50× 982x2130 30 fps calm serious
RENDER t=339 fps=53.1 gpu=- 2.50× 982x2130 30 fps calm serious
RENDER t=340 fps=56.3 gpu=- 2.50× 982x2130 30 fps calm serious
CONDITIONS lowPowerMode=false battery=charging level=0.8
RENDER t=341 fps=57.2 gpu=- 2.50× 982x2130 30 fps calm serious
RENDER t=342 fps=54.5 gpu=- 2.50× 982x2130 30 fps calm serious
RENDER t=343 fps=54.1 gpu=- 2.50× 982x2130 30 fps calm serious
RENDER t=344 fps=54.1 gpu=- 2.50× 982x2130 30 fps calm serious
RENDER t=345 fps=54.7 gpu=- 2.50× 982x2130 30 fps calm serious
RENDER t=346 fps=55.7 gpu=- 2.50× 982x2130 30 fps calm serious
RENDER t=347 fps=56.5 gpu=- 2.50× 982x2130 30 fps calm serious
RENDER t=348 fps=57.0 gpu=- 2.50× 982x2130 30 fps calm serious
RENDER t=349 fps=57.5 gpu=- 2.50× 982x2130 30 fps calm serious
RENDER t=350 fps=57.7 gpu=- 2.50× 982x2130 30 fps calm serious
CONDITIONS lowPowerMode=false battery=charging level=0.8
RENDER t=351 fps=57.2 gpu=- 2.50× 982x2130 30 fps calm serious
RENDER t=352 fps=57.5 gpu=- 2.50× 982x2130 30 fps calm serious
RENDER t=353 fps=57.0 gpu=- 2.50× 982x2130 30 fps calm serious
RENDER t=354 fps=57.0 gpu=- 2.50× 982x2130 30 fps calm serious
RENDER t=355 fps=57.0 gpu=- 2.50× 982x2130 30 fps calm serious
RENDER t=356 fps=56.8 gpu=- 2.50× 982x2130 30 fps calm serious
RENDER t=357 fps=56.7 gpu=- 2.50× 982x2130 30 fps calm serious
RENDER t=358 fps=57.0 gpu=- 2.50× 982x2130 30 fps calm serious
RENDER t=359 fps=56.5 gpu=- 2.50× 982x2130 30 fps calm serious
CONDITIONS lowPowerMode=false battery=charging level=0.8
RENDER t=360 fps=56.0 gpu=- 2.50× 982x2130 30 fps calm serious
RENDER t=361 fps=56.2 gpu=- 2.50× 982x2130 30 fps calm serious
RENDER t=362 fps=56.0 gpu=- 2.50× 982x2130 30 fps calm serious
RENDER t=363 fps=56.5 gpu=- 2.50× 982x2130 30 fps calm serious
RENDER t=364 fps=56.7 gpu=- 2.50× 982x2130 30 fps calm serious
RENDER t=365 fps=56.7 gpu=- 2.50× 982x2130 30 fps calm serious
RENDER t=366 fps=56.7 gpu=- 2.50× 982x2130 30 fps calm serious
RENDER t=367 fps=56.5 gpu=- 2.50× 982x2130 30 fps calm serious
RENDER t=368 fps=56.8 gpu=- 2.50× 982x2130 30 fps calm serious
RENDER t=369 fps=56.7 gpu=- 2.50× 982x2130 30 fps calm serious
CONDITIONS lowPowerMode=false battery=charging level=0.8
RENDER t=370 fps=56.5 gpu=- 2.50× 982x2130 30 fps calm serious
RENDER t=371 fps=56.7 gpu=- 2.50× 982x2130 30 fps calm serious
RENDER t=372 fps=56.5 gpu=- 2.50× 982x2130 30 fps calm serious
RENDER t=373 fps=56.5 gpu=- 2.50× 982x2130 30 fps calm serious
RENDER t=374 fps=56.2 gpu=- 2.50× 982x2130 30 fps calm serious
RENDER t=375 fps=56.5 gpu=- 2.50× 982x2130 30 fps calm serious
RENDER t=376 fps=56.3 gpu=- 2.50× 982x2130 30 fps calm serious
ATTR all4 2026-10-06T06:58:42.075Z
RENDER t=377 fps=56.0 gpu=- 2.50× 982x2130 30 fps calm serious
RENDER t=378 fps=54.7 gpu=- 2.50× 982x2130 30 fps calm serious
RENDER t=379 fps=54.3 gpu=- 2.50× 982x2130 30 fps calm serious
CONDITIONS lowPowerMode=false battery=charging level=0.8
RENDER t=380 fps=54.1 gpu=- 2.50× 982x2130 30 fps calm serious
RENDER t=381 fps=53.8 gpu=- 2.50× 982x2130 30 fps calm serious
RENDER t=382 fps=53.8 gpu=- 2.50× 982x2130 30 fps calm serious
RENDER t=383 fps=53.5 gpu=- 2.50× 982x2130 30 fps calm serious
RENDER t=384 fps=53.7 gpu=- 2.50× 982x2130 30 fps calm serious
RENDER t=385 fps=53.5 gpu=- 2.50× 982x2130 30 fps calm serious
RENDER t=386 fps=48.5 gpu=- 2.50× 982x2130 30 fps calm serious
RENDER t=387 fps=44.5 gpu=- 2.50× 982x2130 30 fps calm serious
RENDER t=388 fps=44.0 gpu=- 2.50× 982x2130 30 fps calm serious
RENDER t=389 fps=44.4 gpu=- 2.50× 982x2130 30 fps calm serious
CONDITIONS lowPowerMode=false battery=charging level=0.8
RENDER t=390 fps=45.4 gpu=- 2.50× 982x2130 30 fps calm serious
RENDER t=391 fps=48.4 gpu=- 2.50× 982x2130 30 fps calm serious
RENDER t=392 fps=49.3 gpu=- 2.50× 982x2130 30 fps calm serious
RENDER t=393 fps=50.3 gpu=- 2.50× 982x2130 30 fps calm serious
RENDER t=394 fps=41.4 gpu=- 2.50× 982x2130 30 fps calm serious
RENDER t=396 fps=34.7 gpu=- 2.50× 982x2130 30 fps calm serious
RENDER t=397 fps=34.1 gpu=- 2.50× 982x2130 30 fps calm serious
RENDER t=398 fps=38.2 gpu=- 2.50× 982x2130 30 fps calm serious
RENDER t=399 fps=42.7 gpu=- 2.50× 982x2130 30 fps calm serious
RENDER t=400 fps=46.0 gpu=- 2.50× 982x2130 30 fps calm serious
CONDITIONS lowPowerMode=false battery=charging level=0.8
RENDER t=401 fps=52.3 gpu=- 2.50× 982x2130 30 fps calm serious
RENDER t=402 fps=49.9 gpu=- 2.50× 982x2130 30 fps calm serious
RENDER t=403 fps=48.2 gpu=- 2.50× 982x2130 30 fps calm serious
RENDER t=404 fps=50.7 gpu=- 2.50× 982x2130 30 fps calm serious
RENDER t=405 fps=50.3 gpu=- 2.50× 982x2130 30 fps calm serious
RENDER t=406 fps=53.1 gpu=- 2.50× 982x2130 30 fps calm serious
RENDER t=407 fps=52.5 gpu=- 2.50× 982x2130 30 fps calm serious
RENDER t=408 fps=53.3 gpu=- 2.50× 982x2130 30 fps calm serious
RENDER t=409 fps=53.3 gpu=- 2.50× 982x2130 30 fps calm serious
RENDER t=410 fps=53.3 gpu=- 2.50× 982x2130 30 fps calm serious
CONDITIONS lowPowerMode=false battery=charging level=0.8
RENDER t=411 fps=53.1 gpu=- 2.50× 982x2130 30 fps calm serious
RENDER t=412 fps=52.5 gpu=- 2.50× 982x2130 30 fps calm serious
RENDER t=413 fps=52.5 gpu=- 2.50× 982x2130 30 fps calm serious
RENDER t=414 fps=53.3 gpu=- 2.50× 982x2130 30 fps calm serious
RENDER t=415 fps=53.3 gpu=- 2.50× 982x2130 30 fps calm serious
RENDER t=416 fps=52.9 gpu=- 2.50× 982x2130 30 fps calm serious
RENDER t=417 fps=52.3 gpu=- 2.50× 982x2130 30 fps calm serious
RENDER t=418 fps=52.5 gpu=- 2.50× 982x2130 30 fps calm serious
RENDER t=419 fps=52.7 gpu=- 2.50× 982x2130 30 fps calm serious
RENDER t=420 fps=52.9 gpu=- 2.50× 982x2130 30 fps calm serious
CONDITIONS lowPowerMode=false battery=charging level=0.8
RENDER t=421 fps=52.3 gpu=- 2.50× 982x2130 30 fps calm serious
RENDER t=422 fps=53.1 gpu=- 2.50× 982x2130 30 fps calm serious
RENDER t=423 fps=52.8 gpu=- 2.50× 982x2130 30 fps calm serious
RENDER t=424 fps=52.8 gpu=- 2.50× 982x2130 30 fps calm serious
RENDER t=425 fps=52.5 gpu=- 2.50× 982x2130 30 fps calm serious
RENDER t=426 fps=52.5 gpu=- 2.50× 982x2130 30 fps calm serious
RENDER t=427 fps=52.9 gpu=- 2.50× 982x2130 30 fps calm serious
RENDER t=428 fps=51.6 gpu=- 2.50× 982x2130 30 fps calm serious
RENDER t=429 fps=53.4 gpu=- 2.50× 982x2130 30 fps calm serious
CONDITIONS lowPowerMode=false battery=charging level=0.8
RENDER t=430 fps=52.9 gpu=- 2.50× 982x2130 30 fps calm serious
RENDER t=431 fps=52.3 gpu=- 2.50× 982x2130 30 fps calm serious
RENDER t=432 fps=52.1 gpu=- 2.50× 982x2130 30 fps calm serious
RENDER t=433 fps=52.5 gpu=- 2.50× 982x2130 30 fps calm serious
RENDER t=434 fps=52.9 gpu=- 2.50× 982x2130 30 fps calm serious
RENDER t=435 fps=52.5 gpu=- 2.50× 982x2130 30 fps calm serious
RENDER t=436 fps=52.9 gpu=- 2.50× 982x2130 30 fps calm serious
ATTR noMSAA 2026-10-06T06:59:42.097Z
RENDER t=438 fps=27.3 gpu=- 2.50× 982x2130 30 fps calm serious
HITCH up=457711.919 dt=884 ms
RENDER t=439 fps=57.8 gpu=- 2.50× 982x2130 30 fps calm serious
RENDER t=440 fps=46.6 gpu=- 2.50× 982x2130 30 fps calm serious
CONDITIONS lowPowerMode=false battery=charging level=0.8
RENDER t=441 fps=41.8 gpu=- 2.50× 982x2130 30 fps calm serious
RENDER t=442 fps=43.1 gpu=- 2.50× 982x2130 30 fps calm serious
RENDER t=443 fps=49.3 gpu=- 2.50× 982x2130 30 fps calm serious
RENDER t=444 fps=46.5 gpu=- 2.50× 982x2130 30 fps calm serious
RENDER t=445 fps=46.5 gpu=- 2.50× 982x2130 30 fps calm serious
RENDER t=446 fps=48.3 gpu=- 2.50× 982x2130 30 fps calm serious
RENDER t=447 fps=50.0 gpu=- 2.50× 982x2130 30 fps calm serious
RENDER t=448 fps=53.1 gpu=- 2.50× 982x2130 30 fps calm serious
RENDER t=449 fps=53.8 gpu=- 2.50× 982x2130 30 fps calm serious
CONDITIONS lowPowerMode=false battery=charging level=0.8
RENDER t=450 fps=54.8 gpu=- 2.50× 982x2130 30 fps calm serious
RENDER t=451 fps=48.3 gpu=- 2.50× 982x2130 30 fps calm serious
RENDER t=452 fps=38.0 gpu=- 2.50× 982x2130 30 fps calm serious
RENDER t=453 fps=34.0 gpu=- 2.50× 982x2130 30 fps calm serious
RENDER t=454 fps=36.9 gpu=- 2.50× 982x2130 30 fps calm serious
RENDER t=455 fps=42.6 gpu=- 2.50× 982x2130 30 fps calm serious
RENDER t=456 fps=48.4 gpu=- 2.50× 982x2130 30 fps calm serious
RENDER t=457 fps=54.5 gpu=- 2.50× 982x2130 30 fps calm serious
RENDER t=458 fps=57.0 gpu=- 2.50× 982x2130 30 fps calm serious
RENDER t=459 fps=57.8 gpu=- 2.50× 982x2130 30 fps calm serious
CONDITIONS lowPowerMode=false battery=charging level=0.8
RENDER t=460 fps=54.3 gpu=- 2.50× 982x2130 30 fps calm serious
RENDER t=461 fps=51.9 gpu=- 2.50× 982x2130 30 fps calm serious
RENDER t=462 fps=51.7 gpu=- 2.50× 982x2130 30 fps calm serious
RENDER t=463 fps=53.8 gpu=- 2.50× 982x2130 30 fps calm serious
RENDER t=464 fps=55.3 gpu=- 2.50× 982x2130 30 fps calm serious
RENDER t=465 fps=56.2 gpu=- 2.50× 982x2130 30 fps calm serious
RENDER t=466 fps=57.2 gpu=- 2.50× 982x2130 30 fps calm serious
RENDER t=467 fps=58.0 gpu=- 2.50× 982x2130 30 fps calm serious
RENDER t=468 fps=58.0 gpu=- 2.50× 982x2130 30 fps calm serious
RENDER t=469 fps=58.0 gpu=- 2.50× 982x2130 30 fps calm serious
CONDITIONS lowPowerMode=false battery=charging level=0.8
RENDER t=470 fps=57.7 gpu=- 2.50× 982x2130 30 fps calm serious
RENDER t=471 fps=57.2 gpu=- 2.50× 982x2130 30 fps calm serious
RENDER t=472 fps=57.5 gpu=- 2.50× 982x2130 30 fps calm serious
RENDER t=473 fps=57.2 gpu=- 2.50× 982x2130 30 fps calm serious
RENDER t=474 fps=57.2 gpu=- 2.50× 982x2130 30 fps calm serious
RENDER t=475 fps=57.0 gpu=- 2.50× 982x2130 30 fps calm serious
RENDER t=476 fps=57.5 gpu=- 2.50× 982x2130 30 fps calm serious
RENDER t=478 fps=57.2 gpu=- 2.50× 982x2130 30 fps calm serious
RENDER t=479 fps=57.2 gpu=- 2.50× 982x2130 30 fps calm serious
RENDER t=480 fps=57.5 gpu=- 2.50× 982x2130 30 fps calm serious
CONDITIONS lowPowerMode=false battery=charging level=0.8
RENDER t=481 fps=57.5 gpu=- 2.50× 982x2130 30 fps calm serious
RENDER t=482 fps=57.2 gpu=- 2.50× 982x2130 30 fps calm serious
RENDER t=483 fps=57.5 gpu=- 2.50× 982x2130 30 fps calm serious
RENDER t=484 fps=57.2 gpu=- 2.50× 982x2130 30 fps calm serious
RENDER t=485 fps=57.5 gpu=- 2.50× 982x2130 30 fps calm serious
RENDER t=486 fps=57.5 gpu=- 2.50× 982x2130 30 fps calm serious
RENDER t=487 fps=57.2 gpu=- 2.50× 982x2130 30 fps calm serious
RENDER t=488 fps=57.5 gpu=- 2.50× 982x2130 30 fps calm serious
RENDER t=489 fps=57.2 gpu=- 2.50× 982x2130 30 fps calm serious
RENDER t=490 fps=57.5 gpu=- 2.50× 982x2130 30 fps calm serious
CONDITIONS lowPowerMode=false battery=charging level=0.8
RENDER t=491 fps=57.5 gpu=- 2.50× 982x2130 30 fps calm serious
RENDER t=492 fps=57.0 gpu=- 2.50× 982x2130 30 fps calm serious
RENDER t=493 fps=57.3 gpu=- 2.50× 982x2130 30 fps calm serious
RENDER t=494 fps=57.2 gpu=- 2.50× 982x2130 30 fps calm serious
RENDER t=495 fps=57.2 gpu=- 2.50× 982x2130 30 fps calm serious
RENDER t=496 fps=57.2 gpu=- 2.50× 982x2130 30 fps calm serious
RENDER t=497 fps=57.0 gpu=- 2.50× 982x2130 30 fps calm serious
ATTR all5 2026-10-06T07:00:42.106Z
RENDER t=498 fps=50.5 gpu=- 2.50× 982x2130 30 fps calm serious
RENDER t=499 fps=48.5 gpu=- 2.50× 982x2130 30 fps calm serious
RENDER t=500 fps=52.5 gpu=- 2.50× 982x2130 30 fps calm serious
CONDITIONS lowPowerMode=false battery=charging level=0.8
RENDER t=501 fps=53.3 gpu=- 2.50× 982x2130 30 fps calm serious
RENDER t=502 fps=53.3 gpu=- 2.50× 982x2130 30 fps calm serious
RENDER t=503 fps=52.9 gpu=- 2.50× 982x2130 30 fps calm serious
RENDER t=504 fps=48.3 gpu=- 2.50× 982x2130 30 fps calm serious
RENDER t=505 fps=43.6 gpu=- 2.50× 982x2130 30 fps calm serious
RENDER t=506 fps=42.4 gpu=- 2.50× 982x2130 30 fps calm serious
RENDER t=507 fps=43.1 gpu=- 2.50× 982x2130 30 fps calm serious
RENDER t=508 fps=44.6 gpu=- 2.50× 982x2130 30 fps calm serious
RENDER t=509 fps=45.6 gpu=- 2.50× 982x2130 30 fps calm serious
RENDER t=510 fps=48.2 gpu=- 2.50× 982x2130 30 fps calm serious
CONDITIONS lowPowerMode=false battery=charging level=0.8
RENDER t=511 fps=49.2 gpu=- 2.50× 982x2130 30 fps calm serious
RENDER t=512 fps=41.8 gpu=- 2.50× 982x2130 30 fps calm serious
RENDER t=513 fps=36.7 gpu=- 2.50× 982x2130 30 fps calm serious
RENDER t=514 fps=35.5 gpu=- 2.50× 982x2130 30 fps calm serious
RENDER t=515 fps=37.3 gpu=- 2.50× 982x2130 30 fps calm serious
RENDER t=516 fps=41.4 gpu=- 2.50× 982x2130 30 fps calm serious
RENDER t=517 fps=44.2 gpu=- 2.50× 982x2130 30 fps calm serious
RENDER t=518 fps=48.2 gpu=- 2.50× 982x2130 30 fps calm serious
RENDER t=519 fps=53.3 gpu=- 2.50× 982x2130 30 fps calm serious
CONDITIONS lowPowerMode=false battery=charging level=0.8
RENDER t=520 fps=50.3 gpu=- 2.50× 982x2130 30 fps calm serious
RENDER t=521 fps=46.9 gpu=- 2.50× 982x2130 30 fps calm serious
RENDER t=522 fps=47.1 gpu=- 2.50× 982x2130 30 fps calm serious
RENDER t=523 fps=48.8 gpu=- 2.50× 982x2130 30 fps calm serious
RENDER t=524 fps=49.1 gpu=- 2.50× 982x2130 30 fps calm serious
RENDER t=525 fps=51.9 gpu=- 2.50× 982x2130 30 fps calm serious
RENDER t=526 fps=52.1 gpu=- 2.50× 982x2130 30 fps calm serious
RENDER t=527 fps=52.0 gpu=- 2.50× 982x2130 30 fps calm serious
RENDER t=528 fps=53.1 gpu=- 2.50× 982x2130 30 fps calm serious
RENDER t=529 fps=52.3 gpu=- 2.50× 982x2130 30 fps calm serious
CONDITIONS lowPowerMode=false battery=charging level=0.8
RENDER t=530 fps=52.3 gpu=- 2.50× 982x2130 30 fps calm serious
RENDER t=531 fps=52.5 gpu=- 2.50× 982x2130 30 fps calm serious
RENDER t=532 fps=52.7 gpu=- 2.50× 982x2130 30 fps calm serious
RENDER t=533 fps=52.5 gpu=- 2.50× 982x2130 30 fps calm serious
RENDER t=534 fps=51.9 gpu=- 2.50× 982x2130 30 fps calm serious
RENDER t=535 fps=52.1 gpu=- 2.50× 982x2130 30 fps calm serious
RENDER t=536 fps=52.1 gpu=- 2.50× 982x2130 30 fps calm serious
RENDER t=537 fps=52.1 gpu=- 2.50× 982x2130 30 fps calm serious
RENDER t=538 fps=52.3 gpu=- 2.50× 982x2130 30 fps calm serious
RENDER t=539 fps=52.1 gpu=- 2.50× 982x2130 30 fps calm serious
CONDITIONS lowPowerMode=false battery=charging level=0.8
RENDER t=540 fps=52.3 gpu=- 2.50× 982x2130 30 fps calm serious
RENDER t=541 fps=51.5 gpu=- 2.50× 982x2130 30 fps calm serious
RENDER t=542 fps=53.0 gpu=- 2.50× 982x2130 30 fps calm serious
RENDER t=543 fps=51.7 gpu=- 2.50× 982x2130 30 fps calm serious
RENDER t=544 fps=52.3 gpu=- 2.50× 982x2130 30 fps calm serious
RENDER t=545 fps=52.3 gpu=- 2.50× 982x2130 30 fps calm serious
RENDER t=546 fps=52.3 gpu=- 2.50× 982x2130 30 fps calm serious
RENDER t=547 fps=52.3 gpu=- 2.50× 982x2130 30 fps calm serious
RENDER t=548 fps=52.3 gpu=- 2.50× 982x2130 30 fps calm serious
RENDER t=549 fps=52.1 gpu=- 2.50× 982x2130 30 fps calm serious
CONDITIONS lowPowerMode=false battery=charging level=0.8
RENDER t=550 fps=52.3 gpu=- 2.50× 982x2130 30 fps calm serious
RENDER t=551 fps=51.9 gpu=- 2.50× 982x2130 30 fps calm serious
RENDER t=553 fps=52.3 gpu=- 2.50× 982x2130 30 fps calm serious
RENDER t=554 fps=52.3 gpu=- 2.50× 982x2130 30 fps calm serious
RENDER t=555 fps=52.3 gpu=- 2.50× 982x2130 30 fps calm serious
RENDER t=556 fps=52.5 gpu=- 2.50× 982x2130 30 fps calm serious
RENDER t=557 fps=52.6 gpu=- 2.50× 982x2130 30 fps calm serious
ATTR noSurfaceDetail 2026-10-06T07:01:42.124Z
RENDER t=558 fps=54.5 gpu=- 2.50× 982x2130 30 fps calm serious
RENDER t=559 fps=56.7 gpu=- 2.50× 982x2130 30 fps calm serious
RENDER t=560 fps=55.7 gpu=- 2.50× 982x2130 30 fps calm serious
CONDITIONS lowPowerMode=false battery=charging level=0.8
RENDER t=561 fps=55.7 gpu=- 2.50× 982x2130 30 fps calm serious
RENDER t=562 fps=55.0 gpu=- 2.50× 982x2130 30 fps calm serious
RENDER t=563 fps=55.0 gpu=- 2.50× 982x2130 30 fps calm serious
RENDER t=564 fps=54.8 gpu=- 2.50× 982x2130 30 fps calm serious
RENDER t=565 fps=54.3 gpu=- 2.50× 982x2130 30 fps calm serious
RENDER t=566 fps=46.8 gpu=- 2.50× 982x2130 30 fps calm serious
RENDER t=567 fps=44.8 gpu=- 2.50× 982x2130 30 fps calm serious
RENDER t=568 fps=44.8 gpu=- 2.50× 982x2130 30 fps calm serious
RENDER t=569 fps=45.8 gpu=- 2.50× 982x2130 30 fps calm serious
RENDER t=570 fps=49.3 gpu=- 2.50× 982x2130 30 fps calm serious
CONDITIONS lowPowerMode=false battery=charging level=0.8
RENDER t=571 fps=51.3 gpu=- 2.50× 982x2130 30 fps calm serious
RENDER t=572 fps=52.5 gpu=- 2.50× 982x2130 30 fps calm serious
RENDER t=573 fps=46.4 gpu=- 2.50× 982x2130 30 fps calm serious
RENDER t=574 fps=37.1 gpu=- 2.50× 982x2130 30 fps calm serious
RENDER t=575 fps=33.7 gpu=- 2.50× 982x2130 30 fps calm serious
RENDER t=576 fps=37.7 gpu=- 2.50× 982x2130 30 fps calm serious
RENDER t=577 fps=43.4 gpu=- 2.50× 982x2130 30 fps calm serious
RENDER t=578 fps=48.3 gpu=- 2.50× 982x2130 30 fps calm serious
RENDER t=579 fps=51.9 gpu=- 2.50× 982x2130 30 fps calm serious
RENDER t=580 fps=55.0 gpu=- 2.50× 982x2130 30 fps calm serious
CONDITIONS lowPowerMode=false battery=charging level=0.8
RENDER t=581 fps=55.7 gpu=- 2.50× 982x2130 30 fps calm serious
RENDER t=582 fps=55.8 gpu=- 2.50× 982x2130 30 fps calm serious
RENDER t=583 fps=56.3 gpu=- 2.50× 982x2130 30 fps calm serious
RENDER t=584 fps=55.0 gpu=- 2.50× 982x2130 30 fps calm serious
RENDER t=585 fps=49.9 gpu=- 2.50× 982x2130 30 fps calm serious
RENDER t=586 fps=49.3 gpu=- 2.50× 982x2130 30 fps calm serious
RENDER t=587 fps=49.8 gpu=- 2.50× 982x2130 30 fps calm serious
RENDER t=588 fps=52.3 gpu=- 2.50× 982x2130 30 fps calm serious
RENDER t=589 fps=54.1 gpu=- 2.50× 982x2130 30 fps calm serious
CONDITIONS lowPowerMode=false battery=charging level=0.8
RENDER t=590 fps=55.0 gpu=- 2.50× 982x2130 30 fps calm serious
RENDER t=591 fps=55.5 gpu=- 2.50× 982x2130 30 fps calm serious
RENDER t=592 fps=56.0 gpu=- 2.50× 982x2130 30 fps calm serious
RENDER t=593 fps=56.5 gpu=- 2.50× 982x2130 30 fps calm serious
RENDER t=594 fps=56.0 gpu=- 2.50× 982x2130 30 fps calm serious
RENDER t=595 fps=55.8 gpu=- 2.50× 982x2130 30 fps calm serious
RENDER t=596 fps=55.8 gpu=- 2.50× 982x2130 30 fps calm serious
RENDER t=597 fps=56.0 gpu=- 2.50× 982x2130 30 fps calm serious
RENDER t=598 fps=55.7 gpu=- 2.50× 982x2130 30 fps calm serious
RENDER t=599 fps=55.7 gpu=- 2.50× 982x2130 30 fps calm serious
CONDITIONS lowPowerMode=false battery=charging level=0.8
RENDER t=600 fps=55.5 gpu=- 2.50× 982x2130 30 fps calm serious
RENDER t=601 fps=56.0 gpu=- 2.50× 982x2130 30 fps calm serious
RENDER t=602 fps=55.7 gpu=- 2.50× 982x2130 30 fps calm serious
RENDER t=603 fps=55.7 gpu=- 2.50× 982x2130 30 fps calm serious
RENDER t=604 fps=55.7 gpu=- 2.50× 982x2130 30 fps calm serious
RENDER t=605 fps=55.7 gpu=- 2.50× 982x2130 30 fps calm serious
RENDER t=606 fps=55.8 gpu=- 2.50× 982x2130 30 fps calm serious
RENDER t=607 fps=56.0 gpu=- 2.50× 982x2130 30 fps calm serious
RENDER t=608 fps=56.0 gpu=- 2.50× 982x2130 30 fps calm serious
RENDER t=609 fps=56.0 gpu=- 2.50× 982x2130 30 fps calm serious
CONDITIONS lowPowerMode=false battery=charging level=0.8
RENDER t=610 fps=56.0 gpu=- 2.50× 982x2130 30 fps calm serious
RENDER t=611 fps=56.0 gpu=- 2.50× 982x2130 30 fps calm serious
RENDER t=612 fps=56.0 gpu=- 2.50× 982x2130 30 fps calm serious
RENDER t=613 fps=56.0 gpu=- 2.50× 982x2130 30 fps calm serious
RENDER t=614 fps=55.9 gpu=- 2.50× 982x2130 30 fps calm serious
RENDER t=615 fps=56.2 gpu=- 2.50× 982x2130 30 fps calm serious
RENDER t=616 fps=56.0 gpu=- 2.50× 982x2130 30 fps calm serious
ATTR all6 2026-10-06T07:02:42.133Z
RENDER t=617 fps=54.5 gpu=- 2.50× 982x2130 30 fps calm serious
RENDER t=618 fps=51.9 gpu=- 2.50× 982x2130 30 fps calm serious
RENDER t=619 fps=53.1 gpu=- 2.50× 982x2130 30 fps calm serious
CONDITIONS lowPowerMode=false battery=charging level=0.8
RENDER t=620 fps=53.3 gpu=- 2.50× 982x2130 30 fps calm serious
RENDER t=621 fps=53.3 gpu=- 2.50× 982x2130 30 fps calm serious
RENDER t=622 fps=53.3 gpu=- 2.50× 982x2130 30 fps calm serious
RENDER t=624 fps=53.1 gpu=- 2.50× 982x2130 30 fps calm serious
RENDER t=625 fps=52.7 gpu=- 2.50× 982x2130 30 fps calm serious
RENDER t=626 fps=53.3 gpu=- 2.50× 982x2130 30 fps calm serious
RENDER t=627 fps=53.3 gpu=- 2.50× 982x2130 30 fps calm serious
RENDER t=628 fps=53.3 gpu=- 2.50× 982x2130 30 fps calm serious
RENDER t=629 fps=53.3 gpu=- 2.50× 982x2130 30 fps calm serious
RENDER t=630 fps=53.3 gpu=- 2.50× 982x2130 30 fps calm serious
CONDITIONS lowPowerMode=false battery=charging level=0.8
RENDER t=631 fps=53.3 gpu=- 2.50× 982x2130 30 fps calm serious
RENDER t=632 fps=53.5 gpu=- 2.50× 982x2130 30 fps calm serious
RENDER t=633 fps=52.1 gpu=- 2.50× 982x2130 30 fps calm serious
RENDER t=634 fps=50.7 gpu=- 2.50× 982x2130 30 fps calm serious
RENDER t=635 fps=52.5 gpu=- 2.50× 982x2130 30 fps calm serious
RENDER t=636 fps=50.6 gpu=- 2.50× 982x2130 30 fps calm serious
RENDER t=637 fps=47.8 gpu=- 2.50× 982x2130 30 fps calm serious
RENDER t=638 fps=47.9 gpu=- 2.50× 982x2130 30 fps calm serious
RENDER t=639 fps=49.3 gpu=- 2.50× 982x2130 30 fps calm serious
RENDER t=640 fps=49.7 gpu=- 2.50× 982x2130 30 fps calm serious
CONDITIONS lowPowerMode=false battery=charging level=0.8
RENDER t=641 fps=49.9 gpu=- 2.50× 982x2130 30 fps calm serious
RENDER t=642 fps=49.6 gpu=- 2.50× 982x2130 30 fps calm serious
RENDER t=643 fps=50.7 gpu=- 2.50× 982x2130 30 fps calm serious
RENDER t=644 fps=50.9 gpu=- 2.50× 982x2130 30 fps calm serious
RENDER t=645 fps=51.1 gpu=- 2.50× 982x2130 30 fps calm serious
RENDER t=646 fps=51.5 gpu=- 2.50× 982x2130 30 fps calm serious
RENDER t=647 fps=45.6 gpu=- 2.50× 982x2130 30 fps calm serious
RENDER t=648 fps=38.4 gpu=- 2.50× 982x2130 30 fps calm serious
RENDER t=649 fps=34.3 gpu=- 2.50× 982x2130 30 fps calm serious
RENDER t=650 fps=36.9 gpu=- 2.50× 982x2130 30 fps calm serious
CONDITIONS lowPowerMode=false battery=charging level=0.8
RENDER t=651 fps=42.1 gpu=- 2.50× 982x2130 30 fps calm serious
RENDER t=652 fps=46.2 gpu=- 2.50× 982x2130 30 fps calm serious
RENDER t=653 fps=52.1 gpu=- 2.50× 982x2130 30 fps calm serious
RENDER t=654 fps=53.1 gpu=- 2.50× 982x2130 30 fps calm serious
RENDER t=655 fps=53.7 gpu=- 2.50× 982x2130 30 fps calm serious
RENDER t=656 fps=53.3 gpu=- 2.50× 982x2130 30 fps calm serious
RENDER t=657 fps=53.1 gpu=- 2.50× 982x2130 30 fps calm serious
RENDER t=658 fps=53.5 gpu=- 2.50× 982x2130 30 fps calm serious
RENDER t=659 fps=53.5 gpu=- 2.50× 982x2130 30 fps calm serious
CONDITIONS lowPowerMode=false battery=charging level=0.8
RENDER t=660 fps=53.7 gpu=- 2.50× 982x2130 30 fps calm serious
RENDER t=661 fps=53.5 gpu=- 2.50× 982x2130 30 fps calm serious
RENDER t=662 fps=53.8 gpu=- 2.50× 982x2130 30 fps calm serious
RENDER t=663 fps=53.8 gpu=- 2.50× 982x2130 30 fps calm serious
RENDER t=664 fps=53.8 gpu=- 2.50× 982x2130 30 fps calm serious
RENDER t=665 fps=50.3 gpu=- 2.50× 982x2130 30 fps calm serious
RENDER t=666 fps=49.6 gpu=- 2.50× 982x2130 30 fps calm serious
RENDER t=667 fps=48.0 gpu=- 2.50× 982x2130 30 fps calm serious
RENDER t=668 fps=48.6 gpu=- 2.50× 982x2130 30 fps calm serious
RENDER t=669 fps=51.7 gpu=- 2.50× 982x2130 30 fps calm serious
CONDITIONS lowPowerMode=false battery=charging level=0.8
RENDER t=670 fps=53.3 gpu=- 2.50× 982x2130 30 fps calm serious
RENDER t=671 fps=54.1 gpu=- 2.50× 982x2130 30 fps calm serious
RENDER t=672 fps=54.1 gpu=- 2.50× 982x2130 30 fps calm serious
RENDER t=673 fps=53.8 gpu=- 2.50× 982x2130 30 fps calm serious
RENDER t=674 fps=54.1 gpu=- 2.50× 982x2130 30 fps calm serious
RENDER t=675 fps=53.8 gpu=- 2.50× 982x2130 30 fps calm serious
RENDER t=676 fps=54.3 gpu=- 2.50× 982x2130 30 fps calm serious
ATTR noFoliage 2026-10-06T07:03:42.150Z
RENDER t=677 fps=54.7 gpu=- 2.50× 982x2130 30 fps calm serious
RENDER t=678 fps=60.0 gpu=- 2.50× 982x2130 30 fps calm serious
RENDER t=679 fps=59.9 gpu=- 2.50× 982x2130 30 fps calm serious
CONDITIONS lowPowerMode=false battery=charging level=0.8
RENDER t=680 fps=60.0 gpu=- 2.50× 982x2130 30 fps calm serious
RENDER t=681 fps=59.9 gpu=- 2.50× 982x2130 30 fps calm serious
RENDER t=682 fps=59.9 gpu=- 2.50× 982x2130 30 fps calm serious
RENDER t=683 fps=60.0 gpu=- 2.50× 982x2130 30 fps calm serious
RENDER t=684 fps=60.0 gpu=- 2.50× 982x2130 30 fps calm serious
RENDER t=685 fps=60.0 gpu=- 2.50× 982x2130 30 fps calm serious
RENDER t=686 fps=60.0 gpu=- 2.50× 982x2130 30 fps calm serious
RENDER t=687 fps=60.0 gpu=- 2.50× 982x2130 30 fps calm serious
RENDER t=688 fps=59.9 gpu=- 2.50× 982x2130 30 fps calm serious
RENDER t=689 fps=60.0 gpu=- 2.50× 982x2130 30 fps calm serious
CONDITIONS lowPowerMode=false battery=charging level=0.8
RENDER t=690 fps=60.0 gpu=- 2.50× 982x2130 30 fps calm serious
RENDER t=692 fps=59.9 gpu=- 2.50× 982x2130 30 fps calm serious
RENDER t=693 fps=59.9 gpu=- 2.50× 982x2130 30 fps calm serious
RENDER t=694 fps=60.0 gpu=- 2.50× 982x2130 30 fps calm serious
RENDER t=695 fps=60.0 gpu=- 2.50× 982x2130 30 fps calm serious
RENDER t=696 fps=60.0 gpu=- 2.50× 982x2130 30 fps calm serious
RENDER t=697 fps=60.0 gpu=- 2.50× 982x2130 30 fps calm serious
RENDER t=698 fps=60.0 gpu=- 2.50× 982x2130 30 fps calm serious
RENDER t=699 fps=60.0 gpu=- 2.50× 982x2130 30 fps calm serious
RENDER t=700 fps=60.0 gpu=- 2.50× 982x2130 30 fps calm serious
CONDITIONS lowPowerMode=false battery=charging level=0.8
RENDER t=701 fps=59.9 gpu=- 2.50× 982x2130 30 fps calm serious
RENDER t=702 fps=57.0 gpu=- 2.50× 982x2130 30 fps calm serious
RENDER t=703 fps=60.0 gpu=- 2.50× 982x2130 30 fps calm serious
RENDER t=704 fps=60.0 gpu=- 2.50× 982x2130 30 fps calm serious
RENDER t=705 fps=59.9 gpu=- 2.50× 982x2130 30 fps calm serious
RENDER t=706 fps=59.9 gpu=- 2.50× 982x2130 30 fps calm serious
RENDER t=707 fps=59.0 gpu=- 2.50× 982x2130 30 fps calm serious
RENDER t=708 fps=60.0 gpu=- 2.50× 982x2130 30 fps calm serious
RENDER t=709 fps=59.9 gpu=- 2.50× 982x2130 30 fps calm serious
RENDER t=710 fps=60.0 gpu=- 2.50× 982x2130 30 fps calm serious
CONDITIONS lowPowerMode=false battery=charging level=0.8
RENDER t=711 fps=60.0 gpu=- 2.50× 982x2130 30 fps calm serious
RENDER t=712 fps=59.0 gpu=- 2.50× 982x2130 30 fps calm serious
RENDER t=713 fps=60.0 gpu=- 2.50× 982x2130 30 fps calm serious
RENDER t=714 fps=60.0 gpu=- 2.50× 982x2130 30 fps calm serious
RENDER t=715 fps=60.0 gpu=- 2.50× 982x2130 30 fps calm serious
RENDER t=716 fps=60.0 gpu=- 2.50× 982x2130 30 fps calm serious
RENDER t=717 fps=59.9 gpu=- 2.50× 982x2130 30 fps calm serious
RENDER t=718 fps=60.0 gpu=- 2.50× 982x2130 30 fps calm serious
RENDER t=719 fps=60.0 gpu=- 2.50× 982x2130 30 fps calm serious
RENDER t=720 fps=60.0 gpu=- 2.50× 982x2130 30 fps calm serious
RENDER t=721 fps=60.0 gpu=- 2.50× 982x2130 30 fps calm serious
RENDER t=722 fps=60.0 gpu=- 2.50× 982x2130 30 fps calm serious
RENDER t=723 fps=60.0 gpu=- 2.50× 982x2130 30 fps calm serious
RENDER t=724 fps=60.0 gpu=- 2.50× 982x2130 30 fps calm serious
RENDER t=725 fps=60.0 gpu=- 2.50× 982x2130 30 fps calm serious
RENDER t=726 fps=60.0 gpu=- 2.50× 982x2130 30 fps calm serious
RENDER t=727 fps=59.9 gpu=- 2.50× 982x2130 30 fps calm serious
RENDER t=728 fps=60.0 gpu=- 2.50× 982x2130 30 fps calm serious
RENDER t=729 fps=60.0 gpu=- 2.50× 982x2130 30 fps calm serious
CONDITIONS lowPowerMode=false battery=charging level=0.8
RENDER t=730 fps=59.9 gpu=- 2.50× 982x2130 30 fps calm serious
RENDER t=731 fps=60.0 gpu=- 2.50× 982x2130 30 fps calm serious
RENDER t=732 fps=60.0 gpu=- 2.50× 982x2130 30 fps calm serious
RENDER t=733 fps=60.0 gpu=- 2.50× 982x2130 30 fps calm serious
RENDER t=734 fps=60.0 gpu=- 2.50× 982x2130 30 fps calm serious
RENDER t=735 fps=60.0 gpu=- 2.50× 982x2130 30 fps calm serious
RENDER t=736 fps=60.0 gpu=- 2.50× 982x2130 30 fps calm serious
ATTR all7 2026-10-06T07:04:42.175Z
RENDER t=737 fps=55.3 gpu=- 2.50× 982x2130 30 fps calm serious
RENDER t=738 fps=53.7 gpu=- 2.50× 982x2130 30 fps calm serious
RENDER t=739 fps=60.0 gpu=- 2.50× 982x2130 30 fps calm serious
CONDITIONS lowPowerMode=false battery=charging level=0.8
RENDER t=740 fps=60.0 gpu=- 2.50× 982x2130 30 fps calm serious
RENDER t=741 fps=60.0 gpu=- 2.50× 982x2130 30 fps calm serious
RENDER t=742 fps=60.0 gpu=- 2.50× 982x2130 30 fps calm serious
RENDER t=743 fps=60.0 gpu=- 2.50× 982x2130 30 fps calm serious
RENDER t=744 fps=60.0 gpu=- 2.50× 982x2130 30 fps calm serious
RENDER t=745 fps=59.9 gpu=- 2.50× 982x2130 30 fps calm serious
RENDER t=746 fps=60.0 gpu=- 2.50× 982x2130 30 fps calm serious
RENDER t=747 fps=56.0 gpu=- 2.50× 982x2130 30 fps calm serious
RENDER t=748 fps=60.0 gpu=- 2.50× 982x2130 30 fps calm serious
RENDER t=749 fps=59.9 gpu=- 2.50× 982x2130 30 fps calm serious
CONDITIONS lowPowerMode=false battery=charging level=0.8
RENDER t=751 fps=60.0 gpu=- 2.50× 982x2130 30 fps calm serious
RENDER t=752 fps=59.9 gpu=- 2.50× 982x2130 30 fps calm serious
RENDER t=753 fps=59.0 gpu=- 2.50× 982x2130 30 fps calm serious
RENDER t=754 fps=60.0 gpu=- 2.50× 982x2130 30 fps calm serious
RENDER t=755 fps=60.0 gpu=- 2.50× 982x2130 30 fps calm serious
RENDER t=756 fps=59.9 gpu=- 2.50× 982x2130 30 fps calm serious
RENDER t=757 fps=60.0 gpu=- 2.50× 982x2130 30 fps calm serious
RENDER t=758 fps=60.0 gpu=- 2.50× 982x2130 30 fps calm serious
RENDER t=759 fps=59.0 gpu=- 2.50× 982x2130 30 fps calm serious
RENDER t=760 fps=59.9 gpu=- 2.50× 982x2130 30 fps calm serious
CONDITIONS lowPowerMode=false battery=charging level=0.8
RENDER t=761 fps=60.0 gpu=- 2.50× 982x2130 30 fps calm serious
RENDER t=762 fps=60.0 gpu=- 2.50× 982x2130 30 fps calm serious
RENDER t=763 fps=59.9 gpu=- 2.50× 982x2130 30 fps calm serious
RENDER t=764 fps=60.0 gpu=- 2.50× 982x2130 30 fps calm serious
RENDER t=765 fps=60.0 gpu=- 2.50× 982x2130 30 fps calm serious
RENDER t=766 fps=59.9 gpu=- 2.50× 982x2130 30 fps calm serious
RENDER t=767 fps=60.0 gpu=- 2.50× 982x2130 30 fps calm serious
RENDER t=768 fps=60.0 gpu=- 2.50× 982x2130 30 fps calm serious
RENDER t=769 fps=60.0 gpu=- 2.50× 982x2130 30 fps calm serious
RENDER t=770 fps=59.9 gpu=- 2.50× 982x2130 30 fps calm serious
CONDITIONS lowPowerMode=false battery=charging level=0.8
RENDER t=771 fps=55.5 gpu=- 2.50× 982x2130 30 fps calm serious
RENDER t=772 fps=50.3 gpu=- 2.50× 982x2130 30 fps calm serious
RENDER t=773 fps=45.2 gpu=- 2.50× 982x2130 30 fps calm serious
RENDER t=774 fps=45.6 gpu=- 2.50× 982x2130 30 fps calm serious
RENDER t=775 fps=45.8 gpu=- 2.50× 982x2130 30 fps calm serious
RENDER t=776 fps=48.3 gpu=- 2.50× 982x2130 30 fps calm serious
RENDER t=777 fps=49.4 gpu=- 2.50× 982x2130 30 fps calm serious
RENDER t=778 fps=48.9 gpu=- 2.50× 982x2130 30 fps calm serious
RENDER t=779 fps=50.0 gpu=- 2.50× 982x2130 30 fps calm serious
RENDER t=780 fps=48.6 gpu=- 2.50× 982x2130 30 fps calm serious
CONDITIONS lowPowerMode=false battery=charging level=0.8
RENDER t=781 fps=48.9 gpu=- 2.50× 982x2130 30 fps calm serious
RENDER t=782 fps=48.9 gpu=- 2.50× 982x2130 30 fps calm serious
RENDER t=783 fps=49.8 gpu=- 2.50× 982x2130 30 fps calm serious
RENDER t=784 fps=48.2 gpu=- 2.50× 982x2130 30 fps calm serious
RENDER t=785 fps=48.9 gpu=- 2.50× 982x2130 30 fps calm serious
RENDER t=786 fps=49.1 gpu=- 2.50× 982x2130 30 fps calm serious
RENDER t=787 fps=49.0 gpu=- 2.50× 982x2130 30 fps calm serious
RENDER t=788 fps=50.8 gpu=- 2.50× 982x2130 30 fps calm serious
RENDER t=789 fps=50.5 gpu=- 2.50× 982x2130 30 fps calm serious
CONDITIONS lowPowerMode=false battery=charging level=0.8
RENDER t=790 fps=51.9 gpu=- 2.50× 982x2130 30 fps calm serious
RENDER t=791 fps=49.9 gpu=- 2.50× 982x2130 30 fps calm serious
RENDER t=792 fps=50.7 gpu=- 2.50× 982x2130 30 fps calm serious
RENDER t=793 fps=50.3 gpu=- 2.50× 982x2130 30 fps calm serious
RENDER t=794 fps=50.5 gpu=- 2.50× 982x2130 30 fps calm serious
RENDER t=795 fps=50.8 gpu=- 2.50× 982x2130 30 fps calm serious
RENDER t=796 fps=49.9 gpu=- 2.50× 982x2130 30 fps calm serious
ATTR noBuildings 2026-10-06T07:05:42.181Z
RENDER t=797 fps=50.3 gpu=- 2.50× 982x2130 30 fps calm serious
RENDER t=798 fps=46.8 gpu=- 2.50× 982x2130 30 fps calm serious
RENDER t=799 fps=46.6 gpu=- 2.50× 982x2130 30 fps calm serious
CONDITIONS lowPowerMode=false battery=charging level=0.8
RENDER t=800 fps=47.6 gpu=- 2.50× 982x2130 30 fps calm serious
RENDER t=801 fps=48.0 gpu=- 2.50× 982x2130 30 fps calm serious
RENDER t=802 fps=49.3 gpu=- 2.50× 982x2130 30 fps calm serious
RENDER t=803 fps=49.3 gpu=- 2.50× 982x2130 30 fps calm serious
RENDER t=804 fps=49.9 gpu=- 2.50× 982x2130 30 fps calm serious
RENDER t=805 fps=49.8 gpu=- 2.50× 982x2130 30 fps calm serious
RENDER t=806 fps=49.5 gpu=- 2.50× 982x2130 30 fps calm serious
RENDER t=807 fps=44.6 gpu=- 2.50× 982x2130 30 fps calm serious
RENDER t=808 fps=42.4 gpu=- 2.50× 982x2130 30 fps calm serious
RENDER t=809 fps=42.1 gpu=- 2.50× 982x2130 30 fps calm serious
CONDITIONS lowPowerMode=false battery=charging level=0.8
RENDER t=810 fps=42.1 gpu=- 2.50× 982x2130 30 fps calm serious
RENDER t=811 fps=43.1 gpu=- 2.50× 982x2130 30 fps calm serious
RENDER t=812 fps=45.0 gpu=- 2.50× 982x2130 30 fps calm serious
RENDER t=813 fps=47.4 gpu=- 2.50× 982x2130 30 fps calm serious
RENDER t=814 fps=49.2 gpu=- 2.50× 982x2130 30 fps calm serious
RENDER t=815 fps=43.2 gpu=- 2.50× 982x2130 30 fps calm serious
RENDER t=816 fps=36.5 gpu=- 2.50× 982x2130 30 fps calm serious
RENDER t=817 fps=33.5 gpu=- 2.50× 982x2130 30 fps calm serious
RENDER t=818 fps=36.8 gpu=- 2.50× 982x2130 30 fps calm serious
RENDER t=820 fps=40.8 gpu=- 2.50× 982x2130 30 fps calm serious
CONDITIONS lowPowerMode=false battery=charging level=0.8
RENDER t=821 fps=45.0 gpu=- 2.50× 982x2130 30 fps calm serious
RENDER t=822 fps=46.6 gpu=- 2.50× 982x2130 30 fps calm serious
RENDER t=823 fps=50.1 gpu=- 2.50× 982x2130 30 fps calm serious
RENDER t=824 fps=52.7 gpu=- 2.50× 982x2130 30 fps calm serious
RENDER t=825 fps=53.7 gpu=- 2.50× 982x2130 30 fps calm serious
RENDER t=826 fps=54.3 gpu=- 2.50× 982x2130 30 fps calm serious
RENDER t=827 fps=50.5 gpu=- 2.50× 982x2130 30 fps calm serious
RENDER t=828 fps=48.8 gpu=- 2.50× 982x2130 30 fps calm serious
RENDER t=829 fps=50.9 gpu=- 2.50× 982x2130 30 fps calm serious
RENDER t=830 fps=51.5 gpu=- 2.50× 982x2130 30 fps calm serious
CONDITIONS lowPowerMode=false battery=charging level=0.8
RENDER t=831 fps=52.9 gpu=- 2.50× 982x2130 30 fps calm serious
RENDER t=832 fps=53.5 gpu=- 2.50× 982x2130 30 fps calm serious
RENDER t=833 fps=54.1 gpu=- 2.50× 982x2130 30 fps calm serious
RENDER t=834 fps=54.3 gpu=- 2.50× 982x2130 30 fps calm serious
RENDER t=835 fps=54.5 gpu=- 2.50× 982x2130 30 fps calm serious
RENDER t=836 fps=54.5 gpu=- 2.50× 982x2130 30 fps calm serious
RENDER t=837 fps=54.3 gpu=- 2.50× 982x2130 30 fps calm serious
RENDER t=838 fps=54.3 gpu=- 2.50× 982x2130 30 fps calm serious
RENDER t=839 fps=54.3 gpu=- 2.50× 982x2130 30 fps calm serious
RENDER t=840 fps=54.3 gpu=- 2.50× 982x2130 30 fps calm serious
CONDITIONS lowPowerMode=false battery=charging level=0.8
RENDER t=841 fps=54.1 gpu=- 2.50× 982x2130 30 fps calm serious
RENDER t=842 fps=54.3 gpu=- 2.50× 982x2130 30 fps calm serious
RENDER t=843 fps=54.3 gpu=- 2.50× 982x2130 30 fps calm serious
RENDER t=844 fps=54.5 gpu=- 2.50× 982x2130 30 fps calm serious
RENDER t=845 fps=54.3 gpu=- 2.50× 982x2130 30 fps calm serious
RENDER t=846 fps=54.3 gpu=- 2.50× 982x2130 30 fps calm serious
RENDER t=847 fps=54.5 gpu=- 2.50× 982x2130 30 fps calm serious
RENDER t=848 fps=54.3 gpu=- 2.50× 982x2130 30 fps calm serious
RENDER t=849 fps=54.3 gpu=- 2.50× 982x2130 30 fps calm serious
RENDER t=850 fps=54.3 gpu=- 2.50× 982x2130 30 fps calm serious
CONDITIONS lowPowerMode=false battery=charging level=0.8
RENDER t=851 fps=54.3 gpu=- 2.50× 982x2130 30 fps calm serious
RENDER t=852 fps=54.5 gpu=- 2.50× 982x2130 30 fps calm serious
RENDER t=853 fps=54.3 gpu=- 2.50× 982x2130 30 fps calm serious
RENDER t=854 fps=54.3 gpu=- 2.50× 982x2130 30 fps calm serious
RENDER t=855 fps=54.5 gpu=- 2.50× 982x2130 30 fps calm serious
RENDER t=856 fps=54.3 gpu=- 2.50× 982x2130 30 fps calm serious
RENDER t=857 fps=54.3 gpu=- 2.50× 982x2130 30 fps calm serious
ATTR all8 2026-10-06T07:06:42.201Z
RENDER t=858 fps=57.5 gpu=- 2.50× 982x2130 30 fps calm serious
RENDER t=859 fps=57.7 gpu=- 2.50× 982x2130 30 fps calm serious
CONDITIONS lowPowerMode=false battery=charging level=0.8
RENDER t=860 fps=57.2 gpu=- 2.50× 982x2130 30 fps calm serious
RENDER t=861 fps=56.8 gpu=- 2.50× 982x2130 30 fps calm serious
RENDER t=862 fps=56.2 gpu=- 2.50× 982x2130 30 fps calm serious
RENDER t=863 fps=55.7 gpu=- 2.50× 982x2130 30 fps calm serious
RENDER t=864 fps=54.7 gpu=- 2.50× 982x2130 30 fps calm serious
RENDER t=865 fps=49.7 gpu=- 2.50× 982x2130 30 fps calm serious
RENDER t=866 fps=46.0 gpu=- 2.50× 982x2130 30 fps calm serious
RENDER t=867 fps=47.2 gpu=- 2.50× 982x2130 30 fps calm serious
RENDER t=868 fps=47.6 gpu=- 2.50× 982x2130 30 fps calm serious
RENDER t=869 fps=52.5 gpu=- 2.50× 982x2130 30 fps calm serious
CONDITIONS lowPowerMode=false battery=charging level=0.8
RENDER t=870 fps=53.3 gpu=- 2.50× 982x2130 30 fps calm serious
RENDER t=871 fps=53.9 gpu=- 2.50× 982x2130 30 fps calm serious
RENDER t=872 fps=52.4 gpu=- 2.50× 982x2130 30 fps calm serious
RENDER t=873 fps=43.8 gpu=- 2.50× 982x2130 30 fps calm serious
RENDER t=874 fps=38.6 gpu=- 2.50× 982x2130 30 fps calm serious
RENDER t=875 fps=38.3 gpu=- 2.50× 982x2130 30 fps calm serious
RENDER t=876 fps=41.8 gpu=- 2.50× 982x2130 30 fps calm serious
RENDER t=877 fps=46.4 gpu=- 2.50× 982x2130 30 fps calm serious
RENDER t=878 fps=52.1 gpu=- 2.50× 982x2130 30 fps calm serious
RENDER t=879 fps=54.5 gpu=- 2.50× 982x2130 30 fps calm serious
CONDITIONS lowPowerMode=false battery=charging level=0.8
RENDER t=880 fps=55.0 gpu=- 2.50× 982x2130 30 fps calm serious
RENDER t=881 fps=55.5 gpu=- 2.50× 982x2130 30 fps calm serious
RENDER t=882 fps=55.5 gpu=- 2.50× 982x2130 30 fps calm serious
RENDER t=883 fps=56.0 gpu=- 2.50× 982x2130 30 fps calm serious
RENDER t=884 fps=54.8 gpu=- 2.50× 982x2130 30 fps calm serious
RENDER t=885 fps=51.9 gpu=- 2.50× 982x2130 30 fps calm serious
RENDER t=886 fps=51.1 gpu=- 2.50× 982x2130 30 fps calm serious
RENDER t=887 fps=51.9 gpu=- 2.50× 982x2130 30 fps calm serious
RENDER t=888 fps=53.8 gpu=- 2.50× 982x2130 30 fps calm serious
RENDER t=889 fps=54.5 gpu=- 2.50× 982x2130 30 fps calm serious
CONDITIONS lowPowerMode=false battery=charging level=0.8
RENDER t=890 fps=55.5 gpu=- 2.50× 982x2130 30 fps calm serious
RENDER t=891 fps=56.3 gpu=- 2.50× 982x2130 30 fps calm serious
RENDER t=892 fps=56.0 gpu=- 2.50× 982x2130 30 fps calm serious
RENDER t=893 fps=56.3 gpu=- 2.50× 982x2130 30 fps calm serious
00:52:24  Acquired tunnel connection to device.
00:52:24  Enabling developer disk image services.
00:52:24  Acquired usage assertion.
Launched application with com.lincolnlabs.worldlab bundle identifier.
Waiting for the application to terminate...
App terminated due to signal 15.
